******************************************************************************
                  TI ARM Linker PC v20.2.7                     
******************************************************************************
>> Linked Thu Apr 18 15:35:50 2024

OUTPUT FILE NAME:   <FreeRTOS_Project.out>
ENTRY POINT SYMBOL: "_c_int00_noargs"  address: 00006141


MEMORY CONFIGURATION

         name            origin    length      used     unused   attr    fill
----------------------  --------  ---------  --------  --------  ----  --------
  FLASH                 00000000   00040000  00006206  00039dfa  R  X
  SRAM                  20000000   00008000  00001480  00006b80  RW X


SEGMENT ALLOCATION MAP

run origin  load origin   length   init length attrs members
----------  ----------- ---------- ----------- ----- -------
00000000    00000000    00006208   00006208    r-x
  00000000    00000000    0000026c   0000026c    r-- .intvecs
  0000026c    0000026c    00005f4e   00005f4e    r-x .text
  000061bc    000061bc    0000000c   0000000c    r-- .const
  000061c8    000061c8    00000040   00000040    r-- .cinit
20000000    20000000    00001480   00000000    rw-
  20000000    20000000    00001220   00000000    rw- .bss
  20001220    20001220    00000200   00000000    rw- .stack
  20001420    20001420    00000060   00000000    rw- .data


SECTION ALLOCATION MAP

 output                                  attributes/
section   page    origin      length       input sections
--------  ----  ----------  ----------   ----------------
.intvecs   0    00000000    0000026c     
                  00000000    0000026c     tm4c123gh6pm_startup_ccs.obj (.intvecs)

.text      0    0000026c    00005f4e     
                  0000026c    00001ce8     tasks.obj (.text)
                  00001f54    00001308     main.obj (.text)
                  0000325c    0000100e     queue.obj (.text)
                  0000426a    00000002     rtsv7M4_T_le_v4SPD16_eabi.lib : div0.asm.obj (.text)
                  0000426c    000007bc     timers.obj (.text)
                  00004a28    000004fe     event_groups.obj (.text)
                  00004f26    00000002     --HOLE-- [fill = 0]
                  00004f28    000002fc     gpio.obj (.text)
                  00005224    000002b4     port.obj (.text)
                  000054d8    0000028c     heap_2.obj (.text)
                  00005764    0000020c     adc.obj (.text)
                  00005970    000001c8     uart0.obj (.text)
                  00005b38    0000012a     list.obj (.text)
                  00005c62    00000002     --HOLE-- [fill = 0]
                  00005c64    000000e8     eeprom.obj (.text)
                  00005d4c    000000da     portasm.obj (.text)
                  00005e26    0000009c     rtsv7M4_T_le_v4SPD16_eabi.lib : memcpy_t2.asm.obj (.text)
                  00005ec2    00000096                                   : ull_div_t2.asm.obj (.text)
                  00005f58    0000007a                                   : memset_t2.asm.obj (.text)
                  00005fd2    0000006e                                   : ll_div_t2.asm.obj (.text)
                  00006040    00000068                                   : copy_decompress_lzss.c.obj (.text:decompress:lzss:__TI_decompress_lzss)
                  000060a8    00000054     GPTM.obj (.text)
                  000060fc    00000044     rtsv7M4_T_le_v4SPD16_eabi.lib : autoinit.c.obj (.text:__TI_auto_init_nobinit_nopinit:__TI_auto_init_nobinit_nopinit)
                  00006140    00000034                                   : boot_cortex_m.c.obj (.text:_c_int00_noargs:_c_int00_noargs)
                  00006174    00000018                                   : ll_mul_t2.asm.obj (.text)
                  0000618c    0000000e                                   : copy_decompress_none.c.obj (.text:decompress:none:__TI_decompress_none)
                  0000619a    0000000c                                   : copy_zero_init.c.obj (.text:decompress:ZI:__TI_zero_init)
                  000061a6    0000000c     tm4c123gh6pm_startup_ccs.obj (.text)
                  000061b2    00000004     rtsv7M4_T_le_v4SPD16_eabi.lib : pre_init.c.obj (.text:_system_pre_init)
                  000061b6    00000004                                   : exit.c.obj (.text:abort:abort)

.const     0    000061bc    0000000c     
                  000061bc    00000008     port.obj (.const)
                  000061c4    00000004     tasks.obj (.const)

.cinit     0    000061c8    00000040     
                  000061c8    00000017     (.cinit..data.load) [load image, compression = lzss]
                  000061df    00000001     --HOLE-- [fill = 0]
                  000061e0    0000000c     (__TI_handler_table)
                  000061ec    00000004     --HOLE-- [fill = 0]
                  000061f0    00000008     (.cinit..bss.load) [load image, compression = zero_init]
                  000061f8    00000010     (__TI_cinit_table)

.init_array 
*          0    00000000    00000000     UNINITIALIZED

.bss       0    20000000    00001220     UNINITIALIZED
                  20000000    00001000     heap_2.obj (.bss:ucHeap)
                  20001000    00000064     tasks.obj (.bss:pxReadyTasksLists)
                  20001064    00000034     (.common:ullTasksExecutionTime)
                  20001098    00000034     (.common:ullTasksInTime)
                  200010cc    00000034     (.common:ullTasksOutTime)
                  20001100    00000014     timers.obj (.bss:xActiveTimerList1)
                  20001114    00000014     timers.obj (.bss:xActiveTimerList2)
                  20001128    00000014     tasks.obj (.bss:xDelayedTaskList1)
                  2000113c    00000014     tasks.obj (.bss:xDelayedTaskList2)
                  20001150    00000014     tasks.obj (.bss:xPendingReadyList)
                  20001164    00000008     tasks.obj (.bss)
                  2000116c    00000008     timers.obj (.bss)
                  20001174    00000008     heap_2.obj (.bss:xEnd)
                  2000117c    00000008     heap_2.obj (.bss:xStart)
                  20001184    00000004     (.common:Command_HC_D)
                  20001188    00000004     (.common:Command_HC_P)
                  2000118c    00000004     (.common:CurrentTargetD)
                  20001190    00000004     (.common:CurrentTargetDHeating_CoolingTaskLT)
                  20001194    00000004     (.common:CurrentTargetDMutex)
                  20001198    00000004     (.common:CurrentTargetDSupervisionTaskLT)
                  2000119c    00000004     (.common:CurrentTargetP)
                  200011a0    00000004     (.common:CurrentTargetPHeating_CoolingTaskLT)
                  200011a4    00000004     (.common:CurrentTargetPMutex)
                  200011a8    00000004     (.common:CurrentTargetPSupervisionTaskLT)
                  200011ac    00000004     (.common:Display_D)
                  200011b0    00000004     (.common:Display_P)
                  200011b4    00000004     (.common:SVDCommandMutex)
                  200011b8    00000004     (.common:SVPCommandMutex)
                  200011bc    00000004     (.common:SuprevisedTempD)
                  200011c0    00000004     (.common:SuprevisedTempDMutex)
                  200011c4    00000004     (.common:SuprevisedTempDReadingTaskLT)
                  200011c8    00000004     (.common:SuprevisedTempDSupervisionTaskLT)
                  200011cc    00000004     (.common:SuprevisedTempP)
                  200011d0    00000004     (.common:SuprevisedTempPMutex)
                  200011d4    00000004     (.common:SuprevisedTempPReadingTaskLT)
                  200011d8    00000004     (.common:SuprevisedTempPSupervisionTaskLT)
                  200011dc    00000004     (.common:UARTDisplayTaskDLT)
                  200011e0    00000004     (.common:UARTDisplayTaskPLT)
                  200011e4    00000004     (.common:UARTMutex)
                  200011e8    00000004     (.common:UARTOneTimeRunTimeMeasurementsTaskLT)
                  200011ec    00000004     (.common:UARTRunTimeMeasurementsTaskLT)
                  200011f0    00000004     (.common:eventTempSet)
                  200011f4    00000004     (.common:vDisplayTaskDHandle)
                  200011f8    00000004     (.common:vDisplayTaskPHandle)
                  200011fc    00000004     (.common:vHeating_CoolingTaskForDSeatHandle)
                  20001200    00000004     (.common:vHeating_CoolingTaskForPSeatHandle)
                  20001204    00000004     (.common:vRunTimeMeasurementsTaskHandle)
                  20001208    00000004     (.common:vSupervisorTaskDHandle)
                  2000120c    00000004     (.common:vSupervisorTaskPHandle)
                  20001210    00000004     (.common:vTemperatureReadingTaskForDSeatHandle)
                  20001214    00000004     (.common:vTemperatureReadingTaskForPSeatHandle)
                  20001218    00000004     (.common:vTemperatureSettingTaskForDSeatHandle)
                  2000121c    00000004     (.common:vTemperatureSettingTaskForPSeatHandle)

.data      0    20001420    00000060     UNINITIALIZED
                  20001420    00000030     tasks.obj (.data)
                  20001450    0000000c     port.obj (.data)
                  2000145c    0000000c     timers.obj (.data)
                  20001468    0000000a     adc.obj (.data)
                  20001472    00000002     --HOLE--
                  20001474    00000008     heap_2.obj (.data)
                  2000147c    00000004     main.obj (.data)

.stack     0    20001220    00000200     UNINITIALIZED
                  20001220    00000004     rtsv7M4_T_le_v4SPD16_eabi.lib : boot_cortex_m.c.obj (.stack)
                  20001224    000001fc     --HOLE--

__llvm_prf_cnts 
*          0    20000000    00000000     UNINITIALIZED

MODULE SUMMARY

       Module                         code    ro data   rw data
       ------                         ----    -------   -------
    .\
       main.obj                       4872    0         316    
       tm4c123gh6pm_startup_ccs.obj   12      620       0      
    +--+------------------------------+-------+---------+---------+
       Total:                         4884    620       316    
                                                               
    .\FreeRTOS\Source\
       tasks.obj                      7400    4         216    
       queue.obj                      4110    0         0      
       timers.obj                     1980    0         60     
       event_groups.obj               1278    0         0      
       list.obj                       298     0         0      
    +--+------------------------------+-------+---------+---------+
       Total:                         15066   4         276    
                                                               
    .\FreeRTOS\Source\portable\CCS\ARM_CM4F\
       port.obj                       692     8         12     
       portasm.obj                    218     0         0      
    +--+------------------------------+-------+---------+---------+
       Total:                         910     8         12     
                                                               
    .\FreeRTOS\Source\portable\MemMang\
       heap_2.obj                     652     0         4120   
    +--+------------------------------+-------+---------+---------+
       Total:                         652     0         4120   
                                                               
    .\MCAL\ADC\
       adc.obj                        524     0         10     
    +--+------------------------------+-------+---------+---------+
       Total:                         524     0         10     
                                                               
    .\MCAL\EEPROM\
       eeprom.obj                     232     0         0      
    +--+------------------------------+-------+---------+---------+
       Total:                         232     0         0      
                                                               
    .\MCAL\GPIO\
       gpio.obj                       764     0         0      
    +--+------------------------------+-------+---------+---------+
       Total:                         764     0         0      
                                                               
    .\MCAL\GPTM\
       GPTM.obj                       84      0         0      
    +--+------------------------------+-------+---------+---------+
       Total:                         84      0         0      
                                                               
    .\MCAL\UART\
       uart0.obj                      456     0         0      
    +--+------------------------------+-------+---------+---------+
       Total:                         456     0         0      
                                                               
    C:\MYCOMPUTER\NEWEST CCS\ccs\tools\compiler\ti-cgt-arm_20.2.7.LTS\lib\rtsv7M4_T_le_v4SPD16_eabi.lib
       memcpy_t2.asm.obj              156     0         0      
       ull_div_t2.asm.obj             150     0         0      
       memset_t2.asm.obj              122     0         0      
       ll_div_t2.asm.obj              110     0         0      
       copy_decompress_lzss.c.obj     104     0         0      
       autoinit.c.obj                 68      0         0      
       boot_cortex_m.c.obj            52      0         0      
       ll_mul_t2.asm.obj              24      0         0      
       copy_decompress_none.c.obj     14      0         0      
       copy_zero_init.c.obj           12      0         0      
       exit.c.obj                     4       0         0      
       pre_init.c.obj                 4       0         0      
       div0.asm.obj                   2       0         0      
    +--+------------------------------+-------+---------+---------+
       Total:                         822     0         0      
                                                               
       Stack:                         0       0         512    
       Linker Generated:              0       59        0      
    +--+------------------------------+-------+---------+---------+
       Grand Total:                   24394   691       5246   


LINKER GENERATED COPY TABLES

__TI_cinit_table @ 000061f8 records: 2, size/record: 8, table size: 16
	.data: load addr=000061c8, load size=00000017 bytes, run addr=20001420, run size=00000060 bytes, compression=lzss
	.bss: load addr=000061f0, load size=00000008 bytes, run addr=20000000, run size=00001220 bytes, compression=zero_init


LINKER GENERATED HANDLER TABLE

__TI_handler_table @ 000061e0 records: 3, size/record: 4, table size: 12
	index: 0, handler: __TI_decompress_lzss
	index: 1, handler: __TI_decompress_none
	index: 2, handler: __TI_zero_init


GLOBAL SYMBOLS: SORTED ALPHABETICALLY BY Name 

address   name                                          
-------   ----                                          
00005771  ADC0SS3_handler                               
00005847  ADC0_readChannel                              
00005787  ADC1SS3_handler                               
0000586b  ADC1_readChannel                              
0000579d  ADCModuleInitialization                       
00005765  ADC_INIT                                      
000061b7  C$$EXIT                                       
20001184  Command_HC_D                                  
20001188  Command_HC_P                                  
2000118c  CurrentTargetD                                
20001190  CurrentTargetDHeating_CoolingTaskLT           
20001194  CurrentTargetDMutex                           
20001198  CurrentTargetDSupervisionTaskLT               
2000119c  CurrentTargetP                                
200011a0  CurrentTargetPHeating_CoolingTaskLT           
200011a4  CurrentTargetPMutex                           
200011a8  CurrentTargetPSupervisionTaskLT               
00001f55  Delay_MS                                      
200011ac  Display_D                                     
200011b0  Display_P                                     
2000147e  Dstate                                        
00005c65  EEPROMInit                                    
00005cf7  EEPROMRead                                    
00005cc1  EEPROMWrite                                   
0000504b  ExternalGPIO_BlueLedOff                       
00005003  ExternalGPIO_BlueLedOn                        
00005057  ExternalGPIO_GreenLedOff                      
0000500f  ExternalGPIO_GreenLedOn                       
0000503f  ExternalGPIO_RedLedOff                        
00004ff7  ExternalGPIO_RedLedOn                         
00002561  GPIOPortB_Handler                             
000024dd  GPIOPortF_Handler                             
0000506f  GPIO_BlueLedOff                               
00005027  GPIO_BlueLedOn                                
00005093  GPIO_BlueLedToggle                            
00004f29  GPIO_BuiltinButtonsLedsInit                   
00004f9d  GPIO_ExtraExternalButtonAndLedsInit           
0000515b  GPIO_ExtraExternalButtonTriggeredInterruptInit
0000507b  GPIO_GreenLedOff                              
00005033  GPIO_GreenLedOn                               
0000509f  GPIO_GreenLedToggle                           
00005063  GPIO_RedLedOff                                
0000501b  GPIO_RedLedOn                                 
00005087  GPIO_RedLedToggle                             
000050bf  GPIO_SW1EdgeTriggeredInterruptInit            
000050ab  GPIO_SW1GetState                              
0000510d  GPIO_SW2EdgeTriggeredInterruptInit            
000050b5  GPIO_SW2GetState                              
000060a9  GPTM_WTimer0Init                              
000060d9  GPTM_WTimer0Read                              
0000588f  PLL_Init                                      
2000147f  Pstate                                        
000061a7  ResetISR                                      
2000147c  SVDCommand                                    
200011b4  SVDCommandMutex                               
2000147d  SVPCommand                                    
200011b8  SVPCommandMutex                               
200011bc  SuprevisedTempD                               
200011c0  SuprevisedTempDMutex                          
200011c4  SuprevisedTempDReadingTaskLT                  
200011c8  SuprevisedTempDSupervisionTaskLT              
200011cc  SuprevisedTempP                               
200011d0  SuprevisedTempPMutex                          
200011d4  SuprevisedTempPReadingTaskLT                  
200011d8  SuprevisedTempPSupervisionTaskLT              
000059c7  UART0_Init                                    
00005a23  UART0_ReceiveByte                             
00005a07  UART0_SendByte                                
00005a59  UART0_SendInteger                             
00005a33  UART0_SendString                              
200011dc  UARTDisplayTaskDLT                            
200011e0  UARTDisplayTaskPLT                            
200011e4  UARTMutex                                     
200011e8  UARTOneTimeRunTimeMeasurementsTaskLT          
200011ec  UARTRunTimeMeasurementsTaskLT                 
20001420  __STACK_END                                   
00000200  __STACK_SIZE                                  
20001420  __STACK_TOP                                   
000061f8  __TI_CINIT_Base                               
00006208  __TI_CINIT_Limit                              
000061e0  __TI_Handler_Table_Base                       
000061ec  __TI_Handler_Table_Limit                      
000060fd  __TI_auto_init_nobinit_nopinit                
00006041  __TI_decompress_lzss                          
0000618d  __TI_decompress_none                          
ffffffff  __TI_pprof_out_hndl                           
ffffffff  __TI_prof_data_size                           
ffffffff  __TI_prof_data_start                          
00000000  __TI_static_base__                            
0000619b  __TI_zero_init                                
0000426b  __aeabi_idiv0                                 
0000426b  __aeabi_ldiv0                                 
00005fd3  __aeabi_ldivmod                               
00006175  __aeabi_lmul                                  
00005f59  __aeabi_memclr                                
00005f59  __aeabi_memclr4                               
00005f59  __aeabi_memclr8                               
00005e27  __aeabi_memcpy                                
00005e27  __aeabi_memcpy4                               
00005e27  __aeabi_memcpy8                               
00005f5b  __aeabi_memset                                
00005f5b  __aeabi_memset4                               
00005f5b  __aeabi_memset8                               
00005ec3  __aeabi_uldivmod                              
ffffffff  __binit__                                     
ffffffff  __c_args__                                    
UNDEFED   __mpu_init                                    
20001220  __stack                                       
20000000  __start___llvm_prf_cnts                       
20000000  __stop___llvm_prf_cnts                        
00006141  _c_int00_noargs                               
UNDEFED   _system_post_cinit                            
000061b3  _system_pre_init                              
000061b7  abort                                         
ffffffff  binit                                         
200011f0  eventTempSet                                  
00000000  g_pfnVectors                                  
00001f95  main                                          
00005e27  memcpy                                        
00005f61  memset                                        
000008a9  pcTaskGetName                                 
000044d1  pcTimerGetName                                
000056c5  pvPortCalloc                                  
000054d9  pvPortMalloc                                  
0000165d  pvTaskIncrementMutexHeldCount                 
00004935  pvTimerGetTimerID                             
20001420  pxCurrentTCB                                  
00005225  pxPortInitialiseStack                         
000057e1  sampleSequencerConfiguration                  
000061bc  ulMaxSyscallInterruptPriority                 
00005d5d  ulPortGetIPSR                                 
00001675  ulTaskGenericNotifyTake                       
00001e6d  ulTaskGenericNotifyValueClear                 
20001064  ullTasksExecutionTime                         
20001098  ullTasksInTime                                
200010cc  ullTasksOutTime                               
00005c1b  uxListRemove                                  
00003ee5  uxQueueMessagesWaiting                        
00003f43  uxQueueMessagesWaitingFromISR                 
00003f0f  uxQueueSpacesAvailable                        
00000891  uxTaskGetNumberOfTasks                        
00001637  uxTaskResetEventItemValue                     
00004497  uxTimerGetReloadMode                          
000061c4  uxTopUsedPriority                             
00002d01  vDisplayTask                                  
200011f4  vDisplayTaskDHandle                           
200011f8  vDisplayTaskPHandle                           
00004ee1  vEventGroupClearBitsCallback                  
00004e67  vEventGroupDelete                             
00004ed1  vEventGroupSetBitsCallback                    
00002a01  vHeating_CoolingTask                          
200011fc  vHeating_CoolingTaskForDSeatHandle            
20001200  vHeating_CoolingTaskForPSeatHandle            
00005b39  vListInitialise                               
00005b69  vListInitialiseItem                           
00005bb5  vListInsert                                   
00005b79  vListInsertEnd                                
00005e19  vPortEnableVFP                                
00005369  vPortEndScheduler                             
0000538d  vPortEnterCritical                            
000053cf  vPortExitCritical                             
000055ff  vPortFree                                     
000056c3  vPortInitialiseBlocks                         
00005dd5  vPortSVCHandler                               
00005421  vPortSetupTimerInterrupt                      
00005df5  vPortStartFirstTask                           
0000543b  vPortValidateInterruptPriority                
00003f6d  vQueueDelete                                  
0000420f  vQueueWaitForMessageRestricted                
00002e01  vRunTimeMeasurements                          
20001204  vRunTimeMeasurementsTaskHandle                
000025d9  vSupervisorTask                               
20001208  vSupervisorTaskDHandle                        
2000120c  vSupervisorTaskPHandle                        
00000599  vTaskDelay                                    
00000685  vTaskEndScheduler                             
00001c55  vTaskGenericNotifyGiveFromISR                 
000010f5  vTaskInternalSetTimeOutState                  
000011b9  vTaskMissedYield                              
00000cc1  vTaskPlaceOnEventList                         
00000d9d  vTaskPlaceOnEventListRestricted               
00000cfd  vTaskPlaceOnUnorderedEventList                
000014f1  vTaskPriorityDisinheritAfterTimeout           
00000f89  vTaskRemoveFromUnorderedEventList             
00000b29  vTaskSetApplicationTaskTag                    
000010c3  vTaskSetTimeOutState                          
000005eb  vTaskStartScheduler                           
000006a1  vTaskSuspendAll                               
00000bfd  vTaskSwitchContext                            
000021fd  vTemperatureReadingTask                       
20001210  vTemperatureReadingTaskForDSeatHandle         
20001214  vTemperatureReadingTaskForPSeatHandle         
0000241d  vTemperatureSettingTask                       
20001218  vTemperatureSettingTaskForDSeatHandle         
2000121c  vTemperatureSettingTaskForPSeatHandle         
00004411  vTimerSetReloadMode                           
00004963  vTimerSetTimerID                              
00004cdb  xEventGroupClearBits                          
00004a29  xEventGroupCreate                             
00004d39  xEventGroupGetBitsFromISR                     
00004d6d  xEventGroupSetBits                            
00004a49  xEventGroupSync                               
00004b7b  xEventGroupWaitBits                           
000056bd  xPortGetFreeHeapSize                          
00005d75  xPortPendSVHandler                            
000052b1  xPortStartScheduler                           
000053fb  xPortSysTickHandler                           
00003443  xQueueCreateMutex                             
0000335d  xQueueGenericCreate                           
0000325d  xQueueGenericReset                            
0000346f  xQueueGenericSend                             
00003629  xQueueGenericSendFromISR                      
00003761  xQueueGiveFromISR                             
0000417b  xQueueIsQueueEmptyFromISR                     
000041d5  xQueueIsQueueFullFromISR                      
00003bb1  xQueuePeek                                    
00003e35  xQueuePeekFromISR                             
00003885  xQueueReceive                                 
00003d2f  xQueueReceiveFromISR                          
000039fd  xQueueSemaphoreTake                           
00000bb3  xTaskCallApplicationTaskHook                  
000008e1  xTaskCatchUpTicks                             
0000111d  xTaskCheckForTimeOut                          
0000026d  xTaskCreate                                   
000004bf  xTaskDelayUntil                               
00001819  xTaskGenericNotify                            
000019ff  xTaskGenericNotifyFromISR                     
00001e05  xTaskGenericNotifyStateClear                  
00001731  xTaskGenericNotifyWait                        
00000b4f  xTaskGetApplicationTaskTag                    
00000b79  xTaskGetApplicationTaskTagFromISR             
00001269  xTaskGetCurrentTaskHandle                     
00001279  xTaskGetSchedulerState                        
0000086d  xTaskGetTickCount                             
0000087d  xTaskGetTickCountFromISR                      
0000094d  xTaskIncrementTick                            
000013c9  xTaskPriorityDisinherit                       
000012a9  xTaskPriorityInherit                          
00000e1d  xTaskRemoveFromEventList                      
000006c9  xTaskResumeAll                                
000042ab  xTimerCreate                                  
0000426d  xTimerCreateTimerTask                         
00004349  xTimerGenericCommand                          
000044a3  xTimerGetExpiryTime                           
000043eb  xTimerGetPeriod                               
0000445b  xTimerGetReloadMode                           
000043c9  xTimerGetTimerDaemonTaskHandle                
000048f9  xTimerIsTimerActive                           
000049c7  xTimerPendFunctionCall                        
00004991  xTimerPendFunctionCallFromISR                 


GLOBAL SYMBOLS: SORTED BY Symbol Address 

address   name                                          
-------   ----                                          
00000000  __TI_static_base__                            
00000000  g_pfnVectors                                  
00000200  __STACK_SIZE                                  
0000026d  xTaskCreate                                   
000004bf  xTaskDelayUntil                               
00000599  vTaskDelay                                    
000005eb  vTaskStartScheduler                           
00000685  vTaskEndScheduler                             
000006a1  vTaskSuspendAll                               
000006c9  xTaskResumeAll                                
0000086d  xTaskGetTickCount                             
0000087d  xTaskGetTickCountFromISR                      
00000891  uxTaskGetNumberOfTasks                        
000008a9  pcTaskGetName                                 
000008e1  xTaskCatchUpTicks                             
0000094d  xTaskIncrementTick                            
00000b29  vTaskSetApplicationTaskTag                    
00000b4f  xTaskGetApplicationTaskTag                    
00000b79  xTaskGetApplicationTaskTagFromISR             
00000bb3  xTaskCallApplicationTaskHook                  
00000bfd  vTaskSwitchContext                            
00000cc1  vTaskPlaceOnEventList                         
00000cfd  vTaskPlaceOnUnorderedEventList                
00000d9d  vTaskPlaceOnEventListRestricted               
00000e1d  xTaskRemoveFromEventList                      
00000f89  vTaskRemoveFromUnorderedEventList             
000010c3  vTaskSetTimeOutState                          
000010f5  vTaskInternalSetTimeOutState                  
0000111d  xTaskCheckForTimeOut                          
000011b9  vTaskMissedYield                              
00001269  xTaskGetCurrentTaskHandle                     
00001279  xTaskGetSchedulerState                        
000012a9  xTaskPriorityInherit                          
000013c9  xTaskPriorityDisinherit                       
000014f1  vTaskPriorityDisinheritAfterTimeout           
00001637  uxTaskResetEventItemValue                     
0000165d  pvTaskIncrementMutexHeldCount                 
00001675  ulTaskGenericNotifyTake                       
00001731  xTaskGenericNotifyWait                        
00001819  xTaskGenericNotify                            
000019ff  xTaskGenericNotifyFromISR                     
00001c55  vTaskGenericNotifyGiveFromISR                 
00001e05  xTaskGenericNotifyStateClear                  
00001e6d  ulTaskGenericNotifyValueClear                 
00001f55  Delay_MS                                      
00001f95  main                                          
000021fd  vTemperatureReadingTask                       
0000241d  vTemperatureSettingTask                       
000024dd  GPIOPortF_Handler                             
00002561  GPIOPortB_Handler                             
000025d9  vSupervisorTask                               
00002a01  vHeating_CoolingTask                          
00002d01  vDisplayTask                                  
00002e01  vRunTimeMeasurements                          
0000325d  xQueueGenericReset                            
0000335d  xQueueGenericCreate                           
00003443  xQueueCreateMutex                             
0000346f  xQueueGenericSend                             
00003629  xQueueGenericSendFromISR                      
00003761  xQueueGiveFromISR                             
00003885  xQueueReceive                                 
000039fd  xQueueSemaphoreTake                           
00003bb1  xQueuePeek                                    
00003d2f  xQueueReceiveFromISR                          
00003e35  xQueuePeekFromISR                             
00003ee5  uxQueueMessagesWaiting                        
00003f0f  uxQueueSpacesAvailable                        
00003f43  uxQueueMessagesWaitingFromISR                 
00003f6d  vQueueDelete                                  
0000417b  xQueueIsQueueEmptyFromISR                     
000041d5  xQueueIsQueueFullFromISR                      
0000420f  vQueueWaitForMessageRestricted                
0000426b  __aeabi_idiv0                                 
0000426b  __aeabi_ldiv0                                 
0000426d  xTimerCreateTimerTask                         
000042ab  xTimerCreate                                  
00004349  xTimerGenericCommand                          
000043c9  xTimerGetTimerDaemonTaskHandle                
000043eb  xTimerGetPeriod                               
00004411  vTimerSetReloadMode                           
0000445b  xTimerGetReloadMode                           
00004497  uxTimerGetReloadMode                          
000044a3  xTimerGetExpiryTime                           
000044d1  pcTimerGetName                                
000048f9  xTimerIsTimerActive                           
00004935  pvTimerGetTimerID                             
00004963  vTimerSetTimerID                              
00004991  xTimerPendFunctionCallFromISR                 
000049c7  xTimerPendFunctionCall                        
00004a29  xEventGroupCreate                             
00004a49  xEventGroupSync                               
00004b7b  xEventGroupWaitBits                           
00004cdb  xEventGroupClearBits                          
00004d39  xEventGroupGetBitsFromISR                     
00004d6d  xEventGroupSetBits                            
00004e67  vEventGroupDelete                             
00004ed1  vEventGroupSetBitsCallback                    
00004ee1  vEventGroupClearBitsCallback                  
00004f29  GPIO_BuiltinButtonsLedsInit                   
00004f9d  GPIO_ExtraExternalButtonAndLedsInit           
00004ff7  ExternalGPIO_RedLedOn                         
00005003  ExternalGPIO_BlueLedOn                        
0000500f  ExternalGPIO_GreenLedOn                       
0000501b  GPIO_RedLedOn                                 
00005027  GPIO_BlueLedOn                                
00005033  GPIO_GreenLedOn                               
0000503f  ExternalGPIO_RedLedOff                        
0000504b  ExternalGPIO_BlueLedOff                       
00005057  ExternalGPIO_GreenLedOff                      
00005063  GPIO_RedLedOff                                
0000506f  GPIO_BlueLedOff                               
0000507b  GPIO_GreenLedOff                              
00005087  GPIO_RedLedToggle                             
00005093  GPIO_BlueLedToggle                            
0000509f  GPIO_GreenLedToggle                           
000050ab  GPIO_SW1GetState                              
000050b5  GPIO_SW2GetState                              
000050bf  GPIO_SW1EdgeTriggeredInterruptInit            
0000510d  GPIO_SW2EdgeTriggeredInterruptInit            
0000515b  GPIO_ExtraExternalButtonTriggeredInterruptInit
00005225  pxPortInitialiseStack                         
000052b1  xPortStartScheduler                           
00005369  vPortEndScheduler                             
0000538d  vPortEnterCritical                            
000053cf  vPortExitCritical                             
000053fb  xPortSysTickHandler                           
00005421  vPortSetupTimerInterrupt                      
0000543b  vPortValidateInterruptPriority                
000054d9  pvPortMalloc                                  
000055ff  vPortFree                                     
000056bd  xPortGetFreeHeapSize                          
000056c3  vPortInitialiseBlocks                         
000056c5  pvPortCalloc                                  
00005765  ADC_INIT                                      
00005771  ADC0SS3_handler                               
00005787  ADC1SS3_handler                               
0000579d  ADCModuleInitialization                       
000057e1  sampleSequencerConfiguration                  
00005847  ADC0_readChannel                              
0000586b  ADC1_readChannel                              
0000588f  PLL_Init                                      
000059c7  UART0_Init                                    
00005a07  UART0_SendByte                                
00005a23  UART0_ReceiveByte                             
00005a33  UART0_SendString                              
00005a59  UART0_SendInteger                             
00005b39  vListInitialise                               
00005b69  vListInitialiseItem                           
00005b79  vListInsertEnd                                
00005bb5  vListInsert                                   
00005c1b  uxListRemove                                  
00005c65  EEPROMInit                                    
00005cc1  EEPROMWrite                                   
00005cf7  EEPROMRead                                    
00005d5d  ulPortGetIPSR                                 
00005d75  xPortPendSVHandler                            
00005dd5  vPortSVCHandler                               
00005df5  vPortStartFirstTask                           
00005e19  vPortEnableVFP                                
00005e27  __aeabi_memcpy                                
00005e27  __aeabi_memcpy4                               
00005e27  __aeabi_memcpy8                               
00005e27  memcpy                                        
00005ec3  __aeabi_uldivmod                              
00005f59  __aeabi_memclr                                
00005f59  __aeabi_memclr4                               
00005f59  __aeabi_memclr8                               
00005f5b  __aeabi_memset                                
00005f5b  __aeabi_memset4                               
00005f5b  __aeabi_memset8                               
00005f61  memset                                        
00005fd3  __aeabi_ldivmod                               
00006041  __TI_decompress_lzss                          
000060a9  GPTM_WTimer0Init                              
000060d9  GPTM_WTimer0Read                              
000060fd  __TI_auto_init_nobinit_nopinit                
00006141  _c_int00_noargs                               
00006175  __aeabi_lmul                                  
0000618d  __TI_decompress_none                          
0000619b  __TI_zero_init                                
000061a7  ResetISR                                      
000061b3  _system_pre_init                              
000061b7  C$$EXIT                                       
000061b7  abort                                         
000061bc  ulMaxSyscallInterruptPriority                 
000061c4  uxTopUsedPriority                             
000061e0  __TI_Handler_Table_Base                       
000061ec  __TI_Handler_Table_Limit                      
000061f8  __TI_CINIT_Base                               
00006208  __TI_CINIT_Limit                              
20000000  __start___llvm_prf_cnts                       
20000000  __stop___llvm_prf_cnts                        
20001064  ullTasksExecutionTime                         
20001098  ullTasksInTime                                
200010cc  ullTasksOutTime                               
20001184  Command_HC_D                                  
20001188  Command_HC_P                                  
2000118c  CurrentTargetD                                
20001190  CurrentTargetDHeating_CoolingTaskLT           
20001194  CurrentTargetDMutex                           
20001198  CurrentTargetDSupervisionTaskLT               
2000119c  CurrentTargetP                                
200011a0  CurrentTargetPHeating_CoolingTaskLT           
200011a4  CurrentTargetPMutex                           
200011a8  CurrentTargetPSupervisionTaskLT               
200011ac  Display_D                                     
200011b0  Display_P                                     
200011b4  SVDCommandMutex                               
200011b8  SVPCommandMutex                               
200011bc  SuprevisedTempD                               
200011c0  SuprevisedTempDMutex                          
200011c4  SuprevisedTempDReadingTaskLT                  
200011c8  SuprevisedTempDSupervisionTaskLT              
200011cc  SuprevisedTempP                               
200011d0  SuprevisedTempPMutex                          
200011d4  SuprevisedTempPReadingTaskLT                  
200011d8  SuprevisedTempPSupervisionTaskLT              
200011dc  UARTDisplayTaskDLT                            
200011e0  UARTDisplayTaskPLT                            
200011e4  UARTMutex                                     
200011e8  UARTOneTimeRunTimeMeasurementsTaskLT          
200011ec  UARTRunTimeMeasurementsTaskLT                 
200011f0  eventTempSet                                  
200011f4  vDisplayTaskDHandle                           
200011f8  vDisplayTaskPHandle                           
200011fc  vHeating_CoolingTaskForDSeatHandle            
20001200  vHeating_CoolingTaskForPSeatHandle            
20001204  vRunTimeMeasurementsTaskHandle                
20001208  vSupervisorTaskDHandle                        
2000120c  vSupervisorTaskPHandle                        
20001210  vTemperatureReadingTaskForDSeatHandle         
20001214  vTemperatureReadingTaskForPSeatHandle         
20001218  vTemperatureSettingTaskForDSeatHandle         
2000121c  vTemperatureSettingTaskForPSeatHandle         
20001220  __stack                                       
20001420  __STACK_END                                   
20001420  __STACK_TOP                                   
20001420  pxCurrentTCB                                  
2000147c  SVDCommand                                    
2000147d  SVPCommand                                    
2000147e  Dstate                                        
2000147f  Pstate                                        
ffffffff  __TI_pprof_out_hndl                           
ffffffff  __TI_prof_data_size                           
ffffffff  __TI_prof_data_start                          
ffffffff  __binit__                                     
ffffffff  __c_args__                                    
ffffffff  binit                                         
UNDEFED   __mpu_init                                    
UNDEFED   _system_post_cinit                            

[250 symbols]
