******************************************************************************
                  TI ARM Linker PC v20.2.7                     
******************************************************************************
>> Linked Sat Apr 13 16:51:22 2024

OUTPUT FILE NAME:   <FreeRTOS_Project.out>
ENTRY POINT SYMBOL: "_c_int00_noargs"  address: 00005f01


MEMORY CONFIGURATION

         name            origin    length      used     unused   attr    fill
----------------------  --------  ---------  --------  --------  ----  --------
  FLASH                 00000000   00040000  00005fc6  0003a03a  R  X
  SRAM                  20000000   00008000  00001472  00006b8e  RW X


SEGMENT ALLOCATION MAP

run origin  load origin   length   init length attrs members
----------  ----------- ---------- ----------- ----- -------
00000000    00000000    00005fc8   00005fc8    r-x
  00000000    00000000    0000026c   0000026c    r-- .intvecs
  0000026c    0000026c    00005d0e   00005d0e    r-x .text
  00005f7c    00005f7c    0000000c   0000000c    r-- .const
  00005f88    00005f88    00000040   00000040    r-- .cinit
20000000    20000000    00001472   00000000    rw-
  20000000    20000000    00001218   00000000    rw- .bss
  20001218    20001218    00000200   00000000    rw- .stack
  20001418    20001418    0000005a   00000000    rw- .data


SECTION ALLOCATION MAP

 output                                  attributes/
section   page    origin      length       input sections
--------  ----  ----------  ----------   ----------------
.intvecs   0    00000000    0000026c     
                  00000000    0000026c     tm4c123gh6pm_startup_ccs.obj (.intvecs)

.text      0    0000026c    00005d0e     
                  0000026c    00001ce8     tasks.obj (.text)
                  00001f54    00001174     main.obj (.text)
                  000030c8    0000100e     queue.obj (.text)
                  000040d6    00000002     rtsv7M4_T_le_v4SPD16_eabi.lib : div0.asm.obj (.text)
                  000040d8    000007bc     timers.obj (.text)
                  00004894    000004fe     event_groups.obj (.text)
                  00004d92    00000002     --HOLE-- [fill = 0]
                  00004d94    000002b4     port.obj (.text)
                  00005048    000002a4     gpio.obj (.text)
                  000052ec    0000028c     heap_2.obj (.text)
                  00005578    000001c8     uart0.obj (.text)
                  00005740    000001b8     adc.obj (.text)
                  000058f8    0000012a     list.obj (.text)
                  00005a22    00000002     --HOLE-- [fill = 0]
                  00005a24    000000e8     eeprom.obj (.text)
                  00005b0c    000000da     portasm.obj (.text)
                  00005be6    0000009c     rtsv7M4_T_le_v4SPD16_eabi.lib : memcpy_t2.asm.obj (.text)
                  00005c82    00000096                                   : ull_div_t2.asm.obj (.text)
                  00005d18    0000007a                                   : memset_t2.asm.obj (.text)
                  00005d92    0000006e                                   : ll_div_t2.asm.obj (.text)
                  00005e00    00000068                                   : copy_decompress_lzss.c.obj (.text:decompress:lzss:__TI_decompress_lzss)
                  00005e68    00000054     GPTM.obj (.text)
                  00005ebc    00000044     rtsv7M4_T_le_v4SPD16_eabi.lib : autoinit.c.obj (.text:__TI_auto_init_nobinit_nopinit:__TI_auto_init_nobinit_nopinit)
                  00005f00    00000034                                   : boot_cortex_m.c.obj (.text:_c_int00_noargs:_c_int00_noargs)
                  00005f34    00000018                                   : ll_mul_t2.asm.obj (.text)
                  00005f4c    0000000e                                   : copy_decompress_none.c.obj (.text:decompress:none:__TI_decompress_none)
                  00005f5a    0000000c                                   : copy_zero_init.c.obj (.text:decompress:ZI:__TI_zero_init)
                  00005f66    0000000c     tm4c123gh6pm_startup_ccs.obj (.text)
                  00005f72    00000004     rtsv7M4_T_le_v4SPD16_eabi.lib : pre_init.c.obj (.text:_system_pre_init)
                  00005f76    00000004                                   : exit.c.obj (.text:abort:abort)

.const     0    00005f7c    0000000c     
                  00005f7c    00000008     port.obj (.const)
                  00005f84    00000004     tasks.obj (.const)

.cinit     0    00005f88    00000040     
                  00005f88    00000017     (.cinit..data.load) [load image, compression = lzss]
                  00005f9f    00000001     --HOLE-- [fill = 0]
                  00005fa0    0000000c     (__TI_handler_table)
                  00005fac    00000004     --HOLE-- [fill = 0]
                  00005fb0    00000008     (.cinit..bss.load) [load image, compression = zero_init]
                  00005fb8    00000010     (__TI_cinit_table)

.init_array 
*          0    00000000    00000000     UNINITIALIZED

.bss       0    20000000    00001218     UNINITIALIZED
                  20000000    00001000     heap_2.obj (.bss:ucHeap)
                  20001000    00000064     tasks.obj (.bss:pxReadyTasksLists)
                  20001064    00000034     (.common:ullTasksExecutionTime)
                  20001098    00000034     (.common:ullTasksInTime)
                  200010cc    00000034     (.common:ullTasksOutTime)
                  20001100    00000014     timers.obj (.bss:xActiveTimerList1)
                  20001114    00000014     timers.obj (.bss:xActiveTimerList2)
                  20001128    00000014     tasks.obj (.bss:xDelayedTaskList1)
                  2000113c    00000014     tasks.obj (.bss:xDelayedTaskList2)
                  20001150    00000014     tasks.obj (.bss:xPendingReadyList)
                  20001164    00000008     tasks.obj (.bss)
                  2000116c    00000008     timers.obj (.bss)
                  20001174    00000008     heap_2.obj (.bss:xEnd)
                  2000117c    00000008     heap_2.obj (.bss:xStart)
                  20001184    00000004     (.common:Command_HC_D)
                  20001188    00000004     (.common:Command_HC_P)
                  2000118c    00000004     (.common:CurrentTargetD)
                  20001190    00000004     (.common:CurrentTargetDHeating_CoolingTaskLT)
                  20001194    00000004     (.common:CurrentTargetDMutex)
                  20001198    00000004     (.common:CurrentTargetDSupervisionTaskLT)
                  2000119c    00000004     (.common:CurrentTargetP)
                  200011a0    00000004     (.common:CurrentTargetPHeating_CoolingTaskLT)
                  200011a4    00000004     (.common:CurrentTargetPMutex)
                  200011a8    00000004     (.common:CurrentTargetPSupervisionTaskLT)
                  200011ac    00000004     (.common:Display_D)
                  200011b0    00000004     (.common:Display_P)
                  200011b4    00000004     (.common:SuprevisedTempD)
                  200011b8    00000004     (.common:SuprevisedTempDMutex)
                  200011bc    00000004     (.common:SuprevisedTempDReadingTaskLT)
                  200011c0    00000004     (.common:SuprevisedTempDSupervisionTaskLT)
                  200011c4    00000004     (.common:SuprevisedTempP)
                  200011c8    00000004     (.common:SuprevisedTempPMutex)
                  200011cc    00000004     (.common:SuprevisedTempPReadingTaskLT)
                  200011d0    00000004     (.common:SuprevisedTempPSupervisionTaskLT)
                  200011d4    00000004     (.common:UARTDisplayTaskDLT)
                  200011d8    00000004     (.common:UARTDisplayTaskPLT)
                  200011dc    00000004     (.common:UARTMutex)
                  200011e0    00000004     (.common:UARTOneTimeRunTimeMeasurementsTaskLT)
                  200011e4    00000004     (.common:UARTRunTimeMeasurementsTaskLT)
                  200011e8    00000004     (.common:eventTempSet)
                  200011ec    00000004     (.common:vDisplayTaskDHandle)
                  200011f0    00000004     (.common:vDisplayTaskPHandle)
                  200011f4    00000004     (.common:vHeating_CoolingTaskForDSeatHandle)
                  200011f8    00000004     (.common:vHeating_CoolingTaskForPSeatHandle)
                  200011fc    00000004     (.common:vRunTimeMeasurementsTaskHandle)
                  20001200    00000004     (.common:vSupervisorTaskDHandle)
                  20001204    00000004     (.common:vSupervisorTaskPHandle)
                  20001208    00000004     (.common:vTemperatureReadingTaskForDSeatHandle)
                  2000120c    00000004     (.common:vTemperatureReadingTaskForPSeatHandle)
                  20001210    00000004     (.common:vTemperatureSettingTaskForDSeatHandle)
                  20001214    00000004     (.common:vTemperatureSettingTaskForPSeatHandle)

.data      0    20001418    0000005a     UNINITIALIZED
                  20001418    00000030     tasks.obj (.data)
                  20001448    0000000c     port.obj (.data)
                  20001454    0000000c     timers.obj (.data)
                  20001460    00000008     adc.obj (.data)
                  20001468    00000008     heap_2.obj (.data)
                  20001470    00000002     main.obj (.data)

.stack     0    20001218    00000200     UNINITIALIZED
                  20001218    00000004     rtsv7M4_T_le_v4SPD16_eabi.lib : boot_cortex_m.c.obj (.stack)
                  2000121c    000001fc     --HOLE--

__llvm_prf_cnts 
*          0    20000000    00000000     UNINITIALIZED

MODULE SUMMARY

       Module                         code    ro data   rw data
       ------                         ----    -------   -------
    .\
       main.obj                       4468    0         306    
       tm4c123gh6pm_startup_ccs.obj   12      620       0      
    +--+------------------------------+-------+---------+---------+
       Total:                         4480    620       306    
                                                               
    .\FreeRTOS\Source\
       tasks.obj                      7400    4         216    
       queue.obj                      4110    0         0      
       timers.obj                     1980    0         60     
       event_groups.obj               1278    0         0      
       list.obj                       298     0         0      
    +--+------------------------------+-------+---------+---------+
       Total:                         15066   4         276    
                                                               
    .\FreeRTOS\Source\portable\CCS\ARM_CM4F\
       port.obj                       692     8         12     
       portasm.obj                    218     0         0      
    +--+------------------------------+-------+---------+---------+
       Total:                         910     8         12     
                                                               
    .\FreeRTOS\Source\portable\MemMang\
       heap_2.obj                     652     0         4120   
    +--+------------------------------+-------+---------+---------+
       Total:                         652     0         4120   
                                                               
    .\MCAL\ADC\
       adc.obj                        440     0         8      
    +--+------------------------------+-------+---------+---------+
       Total:                         440     0         8      
                                                               
    .\MCAL\EEPROM\
       eeprom.obj                     232     0         0      
    +--+------------------------------+-------+---------+---------+
       Total:                         232     0         0      
                                                               
    .\MCAL\GPIO\
       gpio.obj                       676     0         0      
    +--+------------------------------+-------+---------+---------+
       Total:                         676     0         0      
                                                               
    .\MCAL\GPTM\
       GPTM.obj                       84      0         0      
    +--+------------------------------+-------+---------+---------+
       Total:                         84      0         0      
                                                               
    .\MCAL\UART\
       uart0.obj                      456     0         0      
    +--+------------------------------+-------+---------+---------+
       Total:                         456     0         0      
                                                               
    C:\MYCOMPUTER\NEWEST CCS\ccs\tools\compiler\ti-cgt-arm_20.2.7.LTS\lib\rtsv7M4_T_le_v4SPD16_eabi.lib
       memcpy_t2.asm.obj              156     0         0      
       ull_div_t2.asm.obj             150     0         0      
       memset_t2.asm.obj              122     0         0      
       ll_div_t2.asm.obj              110     0         0      
       copy_decompress_lzss.c.obj     104     0         0      
       autoinit.c.obj                 68      0         0      
       boot_cortex_m.c.obj            52      0         0      
       ll_mul_t2.asm.obj              24      0         0      
       copy_decompress_none.c.obj     14      0         0      
       copy_zero_init.c.obj           12      0         0      
       exit.c.obj                     4       0         0      
       pre_init.c.obj                 4       0         0      
       div0.asm.obj                   2       0         0      
    +--+------------------------------+-------+---------+---------+
       Total:                         822     0         0      
                                                               
       Stack:                         0       0         512    
       Linker Generated:              0       59        0      
    +--+------------------------------+-------+---------+---------+
       Grand Total:                   23818   691       5234   


LINKER GENERATED COPY TABLES

__TI_cinit_table @ 00005fb8 records: 2, size/record: 8, table size: 16
	.data: load addr=00005f88, load size=00000017 bytes, run addr=20001418, run size=0000005a bytes, compression=lzss
	.bss: load addr=00005fb0, load size=00000008 bytes, run addr=20000000, run size=00001218 bytes, compression=zero_init


LINKER GENERATED HANDLER TABLE

__TI_handler_table @ 00005fa0 records: 3, size/record: 4, table size: 12
	index: 0, handler: __TI_decompress_lzss
	index: 1, handler: __TI_decompress_none
	index: 2, handler: __TI_zero_init


GLOBAL SYMBOLS: SORTED ALPHABETICALLY BY Name 

address   name                                          
-------   ----                                          
0000574d  ADC0SS3_handler                               
0000581b  ADC0_readChannel                              
0000575d  ADC1SS3_handler                               
00005821  ADC1_readChannel                              
0000576d  ADCModuleInitialization                       
00005741  ADC_INIT                                      
00005f77  C$$EXIT                                       
20001184  Command_HC_D                                  
20001188  Command_HC_P                                  
2000118c  CurrentTargetD                                
20001190  CurrentTargetDHeating_CoolingTaskLT           
20001194  CurrentTargetDMutex                           
20001198  CurrentTargetDSupervisionTaskLT               
2000119c  CurrentTargetP                                
200011a0  CurrentTargetPHeating_CoolingTaskLT           
200011a4  CurrentTargetPMutex                           
200011a8  CurrentTargetPSupervisionTaskLT               
00001f55  Delay_MS                                      
200011ac  Display_D                                     
200011b0  Display_P                                     
20001470  Dstate                                        
00005a25  EEPROMInit                                    
00005ab7  EEPROMRead                                    
00005a81  EEPROMWrite                                   
000024ef  GPIOPortB_Handler                             
00002469  GPIOPortF_Handler                             
0000513d  GPIO_BlueLedOff                               
00005119  GPIO_BlueLedOn                                
00005161  GPIO_BlueLedToggle                            
00005049  GPIO_BuiltinButtonsLedsInit                   
000050bd  GPIO_ExtraExternalButtonInit                  
00005229  GPIO_ExtraExternalButtonTriggeredInterruptInit
00005149  GPIO_GreenLedOff                              
00005125  GPIO_GreenLedOn                               
0000516d  GPIO_GreenLedToggle                           
00005131  GPIO_RedLedOff                                
0000510d  GPIO_RedLedOn                                 
00005155  GPIO_RedLedToggle                             
0000518d  GPIO_SW1EdgeTriggeredInterruptInit            
00005179  GPIO_SW1GetState                              
000051db  GPIO_SW2EdgeTriggeredInterruptInit            
00005183  GPIO_SW2GetState                              
00005e69  GPTM_WTimer0Init                              
00005e99  GPTM_WTimer0Read                              
00005827  PLL_Init                                      
20001471  Pstate                                        
00005f67  ResetISR                                      
200011b4  SuprevisedTempD                               
200011b8  SuprevisedTempDMutex                          
200011bc  SuprevisedTempDReadingTaskLT                  
200011c0  SuprevisedTempDSupervisionTaskLT              
200011c4  SuprevisedTempP                               
200011c8  SuprevisedTempPMutex                          
200011cc  SuprevisedTempPReadingTaskLT                  
200011d0  SuprevisedTempPSupervisionTaskLT              
000055cf  UART0_Init                                    
0000562b  UART0_ReceiveByte                             
0000560f  UART0_SendByte                                
00005661  UART0_SendInteger                             
0000563b  UART0_SendString                              
200011d4  UARTDisplayTaskDLT                            
200011d8  UARTDisplayTaskPLT                            
200011dc  UARTMutex                                     
200011e0  UARTOneTimeRunTimeMeasurementsTaskLT          
200011e4  UARTRunTimeMeasurementsTaskLT                 
20001418  __STACK_END                                   
00000200  __STACK_SIZE                                  
20001418  __STACK_TOP                                   
00005fb8  __TI_CINIT_Base                               
00005fc8  __TI_CINIT_Limit                              
00005fa0  __TI_Handler_Table_Base                       
00005fac  __TI_Handler_Table_Limit                      
00005ebd  __TI_auto_init_nobinit_nopinit                
00005e01  __TI_decompress_lzss                          
00005f4d  __TI_decompress_none                          
ffffffff  __TI_pprof_out_hndl                           
ffffffff  __TI_prof_data_size                           
ffffffff  __TI_prof_data_start                          
00000000  __TI_static_base__                            
00005f5b  __TI_zero_init                                
000040d7  __aeabi_idiv0                                 
000040d7  __aeabi_ldiv0                                 
00005d93  __aeabi_ldivmod                               
00005f35  __aeabi_lmul                                  
00005d19  __aeabi_memclr                                
00005d19  __aeabi_memclr4                               
00005d19  __aeabi_memclr8                               
00005be7  __aeabi_memcpy                                
00005be7  __aeabi_memcpy4                               
00005be7  __aeabi_memcpy8                               
00005d1b  __aeabi_memset                                
00005d1b  __aeabi_memset4                               
00005d1b  __aeabi_memset8                               
00005c83  __aeabi_uldivmod                              
ffffffff  __binit__                                     
ffffffff  __c_args__                                    
UNDEFED   __mpu_init                                    
20001218  __stack                                       
20000000  __start___llvm_prf_cnts                       
20000000  __stop___llvm_prf_cnts                        
00005f01  _c_int00_noargs                               
UNDEFED   _system_post_cinit                            
00005f73  _system_pre_init                              
00005f77  abort                                         
ffffffff  binit                                         
200011e8  eventTempSet                                  
00000000  g_pfnVectors                                  
00001f95  main                                          
00005be7  memcpy                                        
00005d21  memset                                        
000008a9  pcTaskGetName                                 
0000433d  pcTimerGetName                                
000054d9  pvPortCalloc                                  
000052ed  pvPortMalloc                                  
0000165d  pvTaskIncrementMutexHeldCount                 
000047a1  pvTimerGetTimerID                             
20001418  pxCurrentTCB                                  
00004d95  pxPortInitialiseStack                         
000057b1  sampleSequencerConfiguration                  
00005f7c  ulMaxSyscallInterruptPriority                 
00005b1d  ulPortGetIPSR                                 
00001675  ulTaskGenericNotifyTake                       
00001e6d  ulTaskGenericNotifyValueClear                 
20001064  ullTasksExecutionTime                         
20001098  ullTasksInTime                                
200010cc  ullTasksOutTime                               
000059db  uxListRemove                                  
00003d51  uxQueueMessagesWaiting                        
00003daf  uxQueueMessagesWaitingFromISR                 
00003d7b  uxQueueSpacesAvailable                        
00000891  uxTaskGetNumberOfTasks                        
00001637  uxTaskResetEventItemValue                     
00004303  uxTimerGetReloadMode                          
00005f84  uxTopUsedPriority                             
00002b69  vDisplayTask                                  
200011ec  vDisplayTaskDHandle                           
200011f0  vDisplayTaskPHandle                           
00004d4d  vEventGroupClearBitsCallback                  
00004cd3  vEventGroupDelete                             
00004d3d  vEventGroupSetBitsCallback                    
00002929  vHeating_CoolingTask                          
200011f4  vHeating_CoolingTaskForDSeatHandle            
200011f8  vHeating_CoolingTaskForPSeatHandle            
000058f9  vListInitialise                               
00005929  vListInitialiseItem                           
00005975  vListInsert                                   
00005939  vListInsertEnd                                
00005bd9  vPortEnableVFP                                
00004ed9  vPortEndScheduler                             
00004efd  vPortEnterCritical                            
00004f3f  vPortExitCritical                             
00005413  vPortFree                                     
000054d7  vPortInitialiseBlocks                         
00005b95  vPortSVCHandler                               
00004f91  vPortSetupTimerInterrupt                      
00005bb5  vPortStartFirstTask                           
00004fab  vPortValidateInterruptPriority                
00003dd9  vQueueDelete                                  
0000407b  vQueueWaitForMessageRestricted                
00002c6d  vRunTimeMeasurements                          
200011fc  vRunTimeMeasurementsTaskHandle                
00002565  vSupervisorTask                               
20001200  vSupervisorTaskDHandle                        
20001204  vSupervisorTaskPHandle                        
00000599  vTaskDelay                                    
00000685  vTaskEndScheduler                             
00001c55  vTaskGenericNotifyGiveFromISR                 
000010f5  vTaskInternalSetTimeOutState                  
000011b9  vTaskMissedYield                              
00000cc1  vTaskPlaceOnEventList                         
00000d9d  vTaskPlaceOnEventListRestricted               
00000cfd  vTaskPlaceOnUnorderedEventList                
000014f1  vTaskPriorityDisinheritAfterTimeout           
00000f89  vTaskRemoveFromUnorderedEventList             
00000b29  vTaskSetApplicationTaskTag                    
000010c3  vTaskSetTimeOutState                          
000005eb  vTaskStartScheduler                           
000006a1  vTaskSuspendAll                               
00000bfd  vTaskSwitchContext                            
000021c1  vTemperatureReadingTask                       
20001208  vTemperatureReadingTaskForDSeatHandle         
2000120c  vTemperatureReadingTaskForPSeatHandle         
000023bd  vTemperatureSettingTask                       
20001210  vTemperatureSettingTaskForDSeatHandle         
20001214  vTemperatureSettingTaskForPSeatHandle         
0000427d  vTimerSetReloadMode                           
000047cf  vTimerSetTimerID                              
00004b47  xEventGroupClearBits                          
00004895  xEventGroupCreate                             
00004ba5  xEventGroupGetBitsFromISR                     
00004bd9  xEventGroupSetBits                            
000048b5  xEventGroupSync                               
000049e7  xEventGroupWaitBits                           
000054d1  xPortGetFreeHeapSize                          
00005b35  xPortPendSVHandler                            
00004e21  xPortStartScheduler                           
00004f6b  xPortSysTickHandler                           
000032af  xQueueCreateMutex                             
000031c9  xQueueGenericCreate                           
000030c9  xQueueGenericReset                            
000032db  xQueueGenericSend                             
00003495  xQueueGenericSendFromISR                      
000035cd  xQueueGiveFromISR                             
00003fe7  xQueueIsQueueEmptyFromISR                     
00004041  xQueueIsQueueFullFromISR                      
00003a1d  xQueuePeek                                    
00003ca1  xQueuePeekFromISR                             
000036f1  xQueueReceive                                 
00003b9b  xQueueReceiveFromISR                          
00003869  xQueueSemaphoreTake                           
00000bb3  xTaskCallApplicationTaskHook                  
000008e1  xTaskCatchUpTicks                             
0000111d  xTaskCheckForTimeOut                          
0000026d  xTaskCreate                                   
000004bf  xTaskDelayUntil                               
00001819  xTaskGenericNotify                            
000019ff  xTaskGenericNotifyFromISR                     
00001e05  xTaskGenericNotifyStateClear                  
00001731  xTaskGenericNotifyWait                        
00000b4f  xTaskGetApplicationTaskTag                    
00000b79  xTaskGetApplicationTaskTagFromISR             
00001269  xTaskGetCurrentTaskHandle                     
00001279  xTaskGetSchedulerState                        
0000086d  xTaskGetTickCount                             
0000087d  xTaskGetTickCountFromISR                      
0000094d  xTaskIncrementTick                            
000013c9  xTaskPriorityDisinherit                       
000012a9  xTaskPriorityInherit                          
00000e1d  xTaskRemoveFromEventList                      
000006c9  xTaskResumeAll                                
00004117  xTimerCreate                                  
000040d9  xTimerCreateTimerTask                         
000041b5  xTimerGenericCommand                          
0000430f  xTimerGetExpiryTime                           
00004257  xTimerGetPeriod                               
000042c7  xTimerGetReloadMode                           
00004235  xTimerGetTimerDaemonTaskHandle                
00004765  xTimerIsTimerActive                           
00004833  xTimerPendFunctionCall                        
000047fd  xTimerPendFunctionCallFromISR                 


GLOBAL SYMBOLS: SORTED BY Symbol Address 

address   name                                          
-------   ----                                          
00000000  __TI_static_base__                            
00000000  g_pfnVectors                                  
00000200  __STACK_SIZE                                  
0000026d  xTaskCreate                                   
000004bf  xTaskDelayUntil                               
00000599  vTaskDelay                                    
000005eb  vTaskStartScheduler                           
00000685  vTaskEndScheduler                             
000006a1  vTaskSuspendAll                               
000006c9  xTaskResumeAll                                
0000086d  xTaskGetTickCount                             
0000087d  xTaskGetTickCountFromISR                      
00000891  uxTaskGetNumberOfTasks                        
000008a9  pcTaskGetName                                 
000008e1  xTaskCatchUpTicks                             
0000094d  xTaskIncrementTick                            
00000b29  vTaskSetApplicationTaskTag                    
00000b4f  xTaskGetApplicationTaskTag                    
00000b79  xTaskGetApplicationTaskTagFromISR             
00000bb3  xTaskCallApplicationTaskHook                  
00000bfd  vTaskSwitchContext                            
00000cc1  vTaskPlaceOnEventList                         
00000cfd  vTaskPlaceOnUnorderedEventList                
00000d9d  vTaskPlaceOnEventListRestricted               
00000e1d  xTaskRemoveFromEventList                      
00000f89  vTaskRemoveFromUnorderedEventList             
000010c3  vTaskSetTimeOutState                          
000010f5  vTaskInternalSetTimeOutState                  
0000111d  xTaskCheckForTimeOut                          
000011b9  vTaskMissedYield                              
00001269  xTaskGetCurrentTaskHandle                     
00001279  xTaskGetSchedulerState                        
000012a9  xTaskPriorityInherit                          
000013c9  xTaskPriorityDisinherit                       
000014f1  vTaskPriorityDisinheritAfterTimeout           
00001637  uxTaskResetEventItemValue                     
0000165d  pvTaskIncrementMutexHeldCount                 
00001675  ulTaskGenericNotifyTake                       
00001731  xTaskGenericNotifyWait                        
00001819  xTaskGenericNotify                            
000019ff  xTaskGenericNotifyFromISR                     
00001c55  vTaskGenericNotifyGiveFromISR                 
00001e05  xTaskGenericNotifyStateClear                  
00001e6d  ulTaskGenericNotifyValueClear                 
00001f55  Delay_MS                                      
00001f95  main                                          
000021c1  vTemperatureReadingTask                       
000023bd  vTemperatureSettingTask                       
00002469  GPIOPortF_Handler                             
000024ef  GPIOPortB_Handler                             
00002565  vSupervisorTask                               
00002929  vHeating_CoolingTask                          
00002b69  vDisplayTask                                  
00002c6d  vRunTimeMeasurements                          
000030c9  xQueueGenericReset                            
000031c9  xQueueGenericCreate                           
000032af  xQueueCreateMutex                             
000032db  xQueueGenericSend                             
00003495  xQueueGenericSendFromISR                      
000035cd  xQueueGiveFromISR                             
000036f1  xQueueReceive                                 
00003869  xQueueSemaphoreTake                           
00003a1d  xQueuePeek                                    
00003b9b  xQueueReceiveFromISR                          
00003ca1  xQueuePeekFromISR                             
00003d51  uxQueueMessagesWaiting                        
00003d7b  uxQueueSpacesAvailable                        
00003daf  uxQueueMessagesWaitingFromISR                 
00003dd9  vQueueDelete                                  
00003fe7  xQueueIsQueueEmptyFromISR                     
00004041  xQueueIsQueueFullFromISR                      
0000407b  vQueueWaitForMessageRestricted                
000040d7  __aeabi_idiv0                                 
000040d7  __aeabi_ldiv0                                 
000040d9  xTimerCreateTimerTask                         
00004117  xTimerCreate                                  
000041b5  xTimerGenericCommand                          
00004235  xTimerGetTimerDaemonTaskHandle                
00004257  xTimerGetPeriod                               
0000427d  vTimerSetReloadMode                           
000042c7  xTimerGetReloadMode                           
00004303  uxTimerGetReloadMode                          
0000430f  xTimerGetExpiryTime                           
0000433d  pcTimerGetName                                
00004765  xTimerIsTimerActive                           
000047a1  pvTimerGetTimerID                             
000047cf  vTimerSetTimerID                              
000047fd  xTimerPendFunctionCallFromISR                 
00004833  xTimerPendFunctionCall                        
00004895  xEventGroupCreate                             
000048b5  xEventGroupSync                               
000049e7  xEventGroupWaitBits                           
00004b47  xEventGroupClearBits                          
00004ba5  xEventGroupGetBitsFromISR                     
00004bd9  xEventGroupSetBits                            
00004cd3  vEventGroupDelete                             
00004d3d  vEventGroupSetBitsCallback                    
00004d4d  vEventGroupClearBitsCallback                  
00004d95  pxPortInitialiseStack                         
00004e21  xPortStartScheduler                           
00004ed9  vPortEndScheduler                             
00004efd  vPortEnterCritical                            
00004f3f  vPortExitCritical                             
00004f6b  xPortSysTickHandler                           
00004f91  vPortSetupTimerInterrupt                      
00004fab  vPortValidateInterruptPriority                
00005049  GPIO_BuiltinButtonsLedsInit                   
000050bd  GPIO_ExtraExternalButtonInit                  
0000510d  GPIO_RedLedOn                                 
00005119  GPIO_BlueLedOn                                
00005125  GPIO_GreenLedOn                               
00005131  GPIO_RedLedOff                                
0000513d  GPIO_BlueLedOff                               
00005149  GPIO_GreenLedOff                              
00005155  GPIO_RedLedToggle                             
00005161  GPIO_BlueLedToggle                            
0000516d  GPIO_GreenLedToggle                           
00005179  GPIO_SW1GetState                              
00005183  GPIO_SW2GetState                              
0000518d  GPIO_SW1EdgeTriggeredInterruptInit            
000051db  GPIO_SW2EdgeTriggeredInterruptInit            
00005229  GPIO_ExtraExternalButtonTriggeredInterruptInit
000052ed  pvPortMalloc                                  
00005413  vPortFree                                     
000054d1  xPortGetFreeHeapSize                          
000054d7  vPortInitialiseBlocks                         
000054d9  pvPortCalloc                                  
000055cf  UART0_Init                                    
0000560f  UART0_SendByte                                
0000562b  UART0_ReceiveByte                             
0000563b  UART0_SendString                              
00005661  UART0_SendInteger                             
00005741  ADC_INIT                                      
0000574d  ADC0SS3_handler                               
0000575d  ADC1SS3_handler                               
0000576d  ADCModuleInitialization                       
000057b1  sampleSequencerConfiguration                  
0000581b  ADC0_readChannel                              
00005821  ADC1_readChannel                              
00005827  PLL_Init                                      
000058f9  vListInitialise                               
00005929  vListInitialiseItem                           
00005939  vListInsertEnd                                
00005975  vListInsert                                   
000059db  uxListRemove                                  
00005a25  EEPROMInit                                    
00005a81  EEPROMWrite                                   
00005ab7  EEPROMRead                                    
00005b1d  ulPortGetIPSR                                 
00005b35  xPortPendSVHandler                            
00005b95  vPortSVCHandler                               
00005bb5  vPortStartFirstTask                           
00005bd9  vPortEnableVFP                                
00005be7  __aeabi_memcpy                                
00005be7  __aeabi_memcpy4                               
00005be7  __aeabi_memcpy8                               
00005be7  memcpy                                        
00005c83  __aeabi_uldivmod                              
00005d19  __aeabi_memclr                                
00005d19  __aeabi_memclr4                               
00005d19  __aeabi_memclr8                               
00005d1b  __aeabi_memset                                
00005d1b  __aeabi_memset4                               
00005d1b  __aeabi_memset8                               
00005d21  memset                                        
00005d93  __aeabi_ldivmod                               
00005e01  __TI_decompress_lzss                          
00005e69  GPTM_WTimer0Init                              
00005e99  GPTM_WTimer0Read                              
00005ebd  __TI_auto_init_nobinit_nopinit                
00005f01  _c_int00_noargs                               
00005f35  __aeabi_lmul                                  
00005f4d  __TI_decompress_none                          
00005f5b  __TI_zero_init                                
00005f67  ResetISR                                      
00005f73  _system_pre_init                              
00005f77  C$$EXIT                                       
00005f77  abort                                         
00005f7c  ulMaxSyscallInterruptPriority                 
00005f84  uxTopUsedPriority                             
00005fa0  __TI_Handler_Table_Base                       
00005fac  __TI_Handler_Table_Limit                      
00005fb8  __TI_CINIT_Base                               
00005fc8  __TI_CINIT_Limit                              
20000000  __start___llvm_prf_cnts                       
20000000  __stop___llvm_prf_cnts                        
20001064  ullTasksExecutionTime                         
20001098  ullTasksInTime                                
200010cc  ullTasksOutTime                               
20001184  Command_HC_D                                  
20001188  Command_HC_P                                  
2000118c  CurrentTargetD                                
20001190  CurrentTargetDHeating_CoolingTaskLT           
20001194  CurrentTargetDMutex                           
20001198  CurrentTargetDSupervisionTaskLT               
2000119c  CurrentTargetP                                
200011a0  CurrentTargetPHeating_CoolingTaskLT           
200011a4  CurrentTargetPMutex                           
200011a8  CurrentTargetPSupervisionTaskLT               
200011ac  Display_D                                     
200011b0  Display_P                                     
200011b4  SuprevisedTempD                               
200011b8  SuprevisedTempDMutex                          
200011bc  SuprevisedTempDReadingTaskLT                  
200011c0  SuprevisedTempDSupervisionTaskLT              
200011c4  SuprevisedTempP                               
200011c8  SuprevisedTempPMutex                          
200011cc  SuprevisedTempPReadingTaskLT                  
200011d0  SuprevisedTempPSupervisionTaskLT              
200011d4  UARTDisplayTaskDLT                            
200011d8  UARTDisplayTaskPLT                            
200011dc  UARTMutex                                     
200011e0  UARTOneTimeRunTimeMeasurementsTaskLT          
200011e4  UARTRunTimeMeasurementsTaskLT                 
200011e8  eventTempSet                                  
200011ec  vDisplayTaskDHandle                           
200011f0  vDisplayTaskPHandle                           
200011f4  vHeating_CoolingTaskForDSeatHandle            
200011f8  vHeating_CoolingTaskForPSeatHandle            
200011fc  vRunTimeMeasurementsTaskHandle                
20001200  vSupervisorTaskDHandle                        
20001204  vSupervisorTaskPHandle                        
20001208  vTemperatureReadingTaskForDSeatHandle         
2000120c  vTemperatureReadingTaskForPSeatHandle         
20001210  vTemperatureSettingTaskForDSeatHandle         
20001214  vTemperatureSettingTaskForPSeatHandle         
20001218  __stack                                       
20001418  __STACK_END                                   
20001418  __STACK_TOP                                   
20001418  pxCurrentTCB                                  
20001470  Dstate                                        
20001471  Pstate                                        
ffffffff  __TI_pprof_out_hndl                           
ffffffff  __TI_prof_data_size                           
ffffffff  __TI_prof_data_start                          
ffffffff  __binit__                                     
ffffffff  __c_args__                                    
ffffffff  binit                                         
UNDEFED   __mpu_init                                    
UNDEFED   _system_post_cinit                            

[240 symbols]
