<?xml version="1.0" encoding="ISO-8859-1" ?>
<link_info>
   <banner>TI ARM Linker PC v20.2.7.LTS</banner>
   <copyright>Copyright (c) 1996-2018 Texas Instruments Incorporated</copyright>
   <link_time>0x661a438c</link_time>
   <link_errors>0x0</link_errors>
   <output_file>FreeRTOS_Project.out</output_file>
   <entry_point>
      <name>_c_int00_noargs</name>
      <address>0x5dc1</address>
   </entry_point>
   <input_file_list>
      <input_file id="fl-2">
         <path>.\</path>
         <kind>object</kind>
         <file>main.obj</file>
         <name>main.obj</name>
      </input_file>
      <input_file id="fl-3">
         <path>.\</path>
         <kind>object</kind>
         <file>tm4c123gh6pm_startup_ccs.obj</file>
         <name>tm4c123gh6pm_startup_ccs.obj</name>
      </input_file>
      <input_file id="fl-4">
         <path>.\FreeRTOS\Source\</path>
         <kind>object</kind>
         <file>event_groups.obj</file>
         <name>event_groups.obj</name>
      </input_file>
      <input_file id="fl-5">
         <path>.\FreeRTOS\Source\</path>
         <kind>object</kind>
         <file>list.obj</file>
         <name>list.obj</name>
      </input_file>
      <input_file id="fl-6">
         <path>.\FreeRTOS\Source\</path>
         <kind>object</kind>
         <file>queue.obj</file>
         <name>queue.obj</name>
      </input_file>
      <input_file id="fl-7">
         <path>.\FreeRTOS\Source\</path>
         <kind>object</kind>
         <file>tasks.obj</file>
         <name>tasks.obj</name>
      </input_file>
      <input_file id="fl-8">
         <path>.\FreeRTOS\Source\</path>
         <kind>object</kind>
         <file>timers.obj</file>
         <name>timers.obj</name>
      </input_file>
      <input_file id="fl-9">
         <path>.\FreeRTOS\Source\portable\CCS\ARM_CM4F\</path>
         <kind>object</kind>
         <file>port.obj</file>
         <name>port.obj</name>
      </input_file>
      <input_file id="fl-a">
         <path>.\FreeRTOS\Source\portable\CCS\ARM_CM4F\</path>
         <kind>object</kind>
         <file>portasm.obj</file>
         <name>portasm.obj</name>
      </input_file>
      <input_file id="fl-b">
         <path>.\FreeRTOS\Source\portable\MemMang\</path>
         <kind>object</kind>
         <file>heap_2.obj</file>
         <name>heap_2.obj</name>
      </input_file>
      <input_file id="fl-c">
         <path>.\MCAL\ADC\</path>
         <kind>object</kind>
         <file>adc.obj</file>
         <name>adc.obj</name>
      </input_file>
      <input_file id="fl-d">
         <path>.\MCAL\GPIO\</path>
         <kind>object</kind>
         <file>gpio.obj</file>
         <name>gpio.obj</name>
      </input_file>
      <input_file id="fl-e">
         <path>.\MCAL\GPTM\</path>
         <kind>object</kind>
         <file>GPTM.obj</file>
         <name>GPTM.obj</name>
      </input_file>
      <input_file id="fl-f">
         <path>.\MCAL\UART\</path>
         <kind>object</kind>
         <file>uart0.obj</file>
         <name>uart0.obj</name>
      </input_file>
      <input_file id="fl-13">
         <kind>object</kind>
         <file>&lt;internal&gt;</file>
         <name>&lt;internal&gt;</name>
      </input_file>
      <input_file id="fl-c9">
         <path>C:\MYCOMPUTER\NEWEST CCS\ccs\tools\compiler\ti-cgt-arm_20.2.7.LTS\lib\</path>
         <kind>archive</kind>
         <file>rtsv7M4_T_le_v4SPD16_eabi.lib</file>
         <name>ll_mul_t2.asm.obj</name>
      </input_file>
      <input_file id="fl-ca">
         <path>C:\MYCOMPUTER\NEWEST CCS\ccs\tools\compiler\ti-cgt-arm_20.2.7.LTS\lib\</path>
         <kind>archive</kind>
         <file>rtsv7M4_T_le_v4SPD16_eabi.lib</file>
         <name>memcpy_t2.asm.obj</name>
      </input_file>
      <input_file id="fl-cb">
         <path>C:\MYCOMPUTER\NEWEST CCS\ccs\tools\compiler\ti-cgt-arm_20.2.7.LTS\lib\</path>
         <kind>archive</kind>
         <file>rtsv7M4_T_le_v4SPD16_eabi.lib</file>
         <name>memset_t2.asm.obj</name>
      </input_file>
      <input_file id="fl-cc">
         <path>C:\MYCOMPUTER\NEWEST CCS\ccs\tools\compiler\ti-cgt-arm_20.2.7.LTS\lib\</path>
         <kind>archive</kind>
         <file>rtsv7M4_T_le_v4SPD16_eabi.lib</file>
         <name>ll_div_t2.asm.obj</name>
      </input_file>
      <input_file id="fl-cd">
         <path>C:\MYCOMPUTER\NEWEST CCS\ccs\tools\compiler\ti-cgt-arm_20.2.7.LTS\lib\</path>
         <kind>archive</kind>
         <file>rtsv7M4_T_le_v4SPD16_eabi.lib</file>
         <name>ull_div_t2.asm.obj</name>
      </input_file>
      <input_file id="fl-ce">
         <path>C:\MYCOMPUTER\NEWEST CCS\ccs\tools\compiler\ti-cgt-arm_20.2.7.LTS\lib\</path>
         <kind>archive</kind>
         <file>rtsv7M4_T_le_v4SPD16_eabi.lib</file>
         <name>copy_zero_init.c.obj</name>
      </input_file>
      <input_file id="fl-cf">
         <path>C:\MYCOMPUTER\NEWEST CCS\ccs\tools\compiler\ti-cgt-arm_20.2.7.LTS\lib\</path>
         <kind>archive</kind>
         <file>rtsv7M4_T_le_v4SPD16_eabi.lib</file>
         <name>copy_decompress_none.c.obj</name>
      </input_file>
      <input_file id="fl-d0">
         <path>C:\MYCOMPUTER\NEWEST CCS\ccs\tools\compiler\ti-cgt-arm_20.2.7.LTS\lib\</path>
         <kind>archive</kind>
         <file>rtsv7M4_T_le_v4SPD16_eabi.lib</file>
         <name>copy_decompress_lzss.c.obj</name>
      </input_file>
      <input_file id="fl-d1">
         <path>C:\MYCOMPUTER\NEWEST CCS\ccs\tools\compiler\ti-cgt-arm_20.2.7.LTS\lib\</path>
         <kind>archive</kind>
         <file>rtsv7M4_T_le_v4SPD16_eabi.lib</file>
         <name>boot_cortex_m.c.obj</name>
      </input_file>
      <input_file id="fl-d2">
         <path>C:\MYCOMPUTER\NEWEST CCS\ccs\tools\compiler\ti-cgt-arm_20.2.7.LTS\lib\</path>
         <kind>archive</kind>
         <file>rtsv7M4_T_le_v4SPD16_eabi.lib</file>
         <name>div0.asm.obj</name>
      </input_file>
      <input_file id="fl-d3">
         <path>C:\MYCOMPUTER\NEWEST CCS\ccs\tools\compiler\ti-cgt-arm_20.2.7.LTS\lib\</path>
         <kind>archive</kind>
         <file>rtsv7M4_T_le_v4SPD16_eabi.lib</file>
         <name>autoinit.c.obj</name>
      </input_file>
      <input_file id="fl-d4">
         <path>C:\MYCOMPUTER\NEWEST CCS\ccs\tools\compiler\ti-cgt-arm_20.2.7.LTS\lib\</path>
         <kind>archive</kind>
         <file>rtsv7M4_T_le_v4SPD16_eabi.lib</file>
         <name>pre_init.c.obj</name>
      </input_file>
      <input_file id="fl-d5">
         <path>C:\MYCOMPUTER\NEWEST CCS\ccs\tools\compiler\ti-cgt-arm_20.2.7.LTS\lib\</path>
         <kind>archive</kind>
         <file>rtsv7M4_T_le_v4SPD16_eabi.lib</file>
         <name>cpy_tbl.c.obj</name>
      </input_file>
      <input_file id="fl-d6">
         <path>C:\MYCOMPUTER\NEWEST CCS\ccs\tools\compiler\ti-cgt-arm_20.2.7.LTS\lib\</path>
         <kind>archive</kind>
         <file>rtsv7M4_T_le_v4SPD16_eabi.lib</file>
         <name>exit.c.obj</name>
      </input_file>
      <input_file id="fl-d7">
         <path>C:\MYCOMPUTER\NEWEST CCS\ccs\tools\compiler\ti-cgt-arm_20.2.7.LTS\lib\</path>
         <kind>archive</kind>
         <file>rtsv7M4_T_le_v4SPD16_eabi.lib</file>
         <name>_lock.c.obj</name>
      </input_file>
      <input_file id="fl-d8">
         <path>C:\MYCOMPUTER\NEWEST CCS\ccs\tools\compiler\ti-cgt-arm_20.2.7.LTS\lib\</path>
         <kind>archive</kind>
         <file>rtsv7M4_T_le_v4SPD16_eabi.lib</file>
         <name>args_main.c.obj</name>
      </input_file>
   </input_file_list>
   <object_component_list>
      <object_component id="oc-12">
         <name>.intvecs</name>
         <load_address>0x0</load_address>
         <run_address>0x0</run_address>
         <size>0x26c</size>
         <input_file_ref idref="fl-3"/>
      </object_component>
      <object_component id="oc-8b">
         <name>.text</name>
         <load_address>0x26c</load_address>
         <run_address>0x26c</run_address>
         <size>0x1ce8</size>
         <input_file_ref idref="fl-7"/>
      </object_component>
      <object_component id="oc-38">
         <name>.text</name>
         <load_address>0x1f54</load_address>
         <run_address>0x1f54</run_address>
         <size>0x111c</size>
         <input_file_ref idref="fl-2"/>
      </object_component>
      <object_component id="oc-ab">
         <name>.text</name>
         <load_address>0x3070</load_address>
         <run_address>0x3070</run_address>
         <size>0x100e</size>
         <input_file_ref idref="fl-6"/>
      </object_component>
      <object_component id="oc-259">
         <name>.text</name>
         <load_address>0x407e</load_address>
         <run_address>0x407e</run_address>
         <size>0x2</size>
         <input_file_ref idref="fl-d2"/>
      </object_component>
      <object_component id="oc-df">
         <name>.text</name>
         <load_address>0x4080</load_address>
         <run_address>0x4080</run_address>
         <size>0x7bc</size>
         <input_file_ref idref="fl-8"/>
      </object_component>
      <object_component id="oc-b1">
         <name>.text</name>
         <load_address>0x483c</load_address>
         <run_address>0x483c</run_address>
         <size>0x4fe</size>
         <input_file_ref idref="fl-4"/>
      </object_component>
      <object_component id="oc-32">
         <name>.text</name>
         <load_address>0x4d3c</load_address>
         <run_address>0x4d3c</run_address>
         <size>0x2b4</size>
         <input_file_ref idref="fl-9"/>
      </object_component>
      <object_component id="oc-b7">
         <name>.text</name>
         <load_address>0x4ff0</load_address>
         <run_address>0x4ff0</run_address>
         <size>0x2a4</size>
         <input_file_ref idref="fl-d"/>
      </object_component>
      <object_component id="oc-147">
         <name>.text</name>
         <load_address>0x5294</load_address>
         <run_address>0x5294</run_address>
         <size>0x28c</size>
         <input_file_ref idref="fl-b"/>
      </object_component>
      <object_component id="oc-bd">
         <name>.text</name>
         <load_address>0x5520</load_address>
         <run_address>0x5520</run_address>
         <size>0x1c8</size>
         <input_file_ref idref="fl-f"/>
      </object_component>
      <object_component id="oc-3e">
         <name>.text</name>
         <load_address>0x56e8</load_address>
         <run_address>0x56e8</run_address>
         <size>0x1b8</size>
         <input_file_ref idref="fl-c"/>
      </object_component>
      <object_component id="oc-14d">
         <name>.text</name>
         <load_address>0x58a0</load_address>
         <run_address>0x58a0</run_address>
         <size>0x12a</size>
         <input_file_ref idref="fl-5"/>
      </object_component>
      <object_component id="oc-2d">
         <name>.text</name>
         <load_address>0x59cc</load_address>
         <run_address>0x59cc</run_address>
         <size>0xda</size>
         <input_file_ref idref="fl-a"/>
      </object_component>
      <object_component id="oc-52">
         <name>.text</name>
         <load_address>0x5aa6</load_address>
         <run_address>0x5aa6</run_address>
         <size>0x9c</size>
         <input_file_ref idref="fl-ca"/>
      </object_component>
      <object_component id="oc-25e">
         <name>.text</name>
         <load_address>0x5b42</load_address>
         <run_address>0x5b42</run_address>
         <size>0x96</size>
         <input_file_ref idref="fl-cd"/>
      </object_component>
      <object_component id="oc-125">
         <name>.text</name>
         <load_address>0x5bd8</load_address>
         <run_address>0x5bd8</run_address>
         <size>0x7a</size>
         <input_file_ref idref="fl-cb"/>
      </object_component>
      <object_component id="oc-19a">
         <name>.text</name>
         <load_address>0x5c52</load_address>
         <run_address>0x5c52</run_address>
         <size>0x6e</size>
         <input_file_ref idref="fl-cc"/>
      </object_component>
      <object_component id="oc-15">
         <name>.text:decompress:lzss:__TI_decompress_lzss</name>
         <load_address>0x5cc0</load_address>
         <run_address>0x5cc0</run_address>
         <size>0x68</size>
         <input_file_ref idref="fl-d0"/>
      </object_component>
      <object_component id="oc-c3">
         <name>.text</name>
         <load_address>0x5d28</load_address>
         <run_address>0x5d28</run_address>
         <size>0x54</size>
         <input_file_ref idref="fl-e"/>
      </object_component>
      <object_component id="oc-1ec">
         <name>.text:__TI_auto_init_nobinit_nopinit:__TI_auto_init_nobinit_nopinit</name>
         <load_address>0x5d7c</load_address>
         <run_address>0x5d7c</run_address>
         <size>0x44</size>
         <input_file_ref idref="fl-d3"/>
      </object_component>
      <object_component id="oc-70">
         <name>.text:_c_int00_noargs:_c_int00_noargs</name>
         <load_address>0x5dc0</load_address>
         <run_address>0x5dc0</run_address>
         <size>0x34</size>
         <input_file_ref idref="fl-d1"/>
      </object_component>
      <object_component id="oc-a6">
         <name>.text</name>
         <load_address>0x5df4</load_address>
         <run_address>0x5df4</run_address>
         <size>0x18</size>
         <input_file_ref idref="fl-c9"/>
      </object_component>
      <object_component id="oc-1b">
         <name>.text:decompress:none:__TI_decompress_none</name>
         <load_address>0x5e0c</load_address>
         <run_address>0x5e0c</run_address>
         <size>0xe</size>
         <input_file_ref idref="fl-cf"/>
      </object_component>
      <object_component id="oc-64">
         <name>.text:decompress:ZI:__TI_zero_init</name>
         <load_address>0x5e1a</load_address>
         <run_address>0x5e1a</run_address>
         <size>0xc</size>
         <input_file_ref idref="fl-ce"/>
      </object_component>
      <object_component id="oc-27">
         <name>.text</name>
         <load_address>0x5e26</load_address>
         <run_address>0x5e26</run_address>
         <size>0xc</size>
         <input_file_ref idref="fl-3"/>
      </object_component>
      <object_component id="oc-12b">
         <name>.text:_system_pre_init</name>
         <load_address>0x5e32</load_address>
         <run_address>0x5e32</run_address>
         <size>0x4</size>
         <input_file_ref idref="fl-d4"/>
      </object_component>
      <object_component id="oc-1e0">
         <name>.text:abort:abort</name>
         <load_address>0x5e36</load_address>
         <run_address>0x5e36</run_address>
         <size>0x4</size>
         <input_file_ref idref="fl-d6"/>
      </object_component>
      <object_component id="oc-88">
         <name>.const</name>
         <load_address>0x5e3c</load_address>
         <run_address>0x5e3c</run_address>
         <size>0x8</size>
         <input_file_ref idref="fl-9"/>
      </object_component>
      <object_component id="oc-157">
         <name>.const</name>
         <load_address>0x5e44</load_address>
         <run_address>0x5e44</run_address>
         <size>0x4</size>
         <input_file_ref idref="fl-7"/>
      </object_component>
      <object_component id="oc-300">
         <name>.cinit..data.load</name>
         <load_address>0x5e48</load_address>
         <run_address>0x5e48</run_address>
         <size>0x17</size>
      </object_component>
      <object_component id="oc-2fe">
         <name>__TI_handler_table</name>
         <load_address>0x5e60</load_address>
         <run_address>0x5e60</run_address>
         <size>0xc</size>
      </object_component>
      <object_component id="oc-301">
         <name>.cinit..bss.load</name>
         <load_address>0x5e70</load_address>
         <run_address>0x5e70</run_address>
         <size>0x8</size>
      </object_component>
      <object_component id="oc-2ff">
         <name>__TI_cinit_table</name>
         <load_address>0x5e78</load_address>
         <run_address>0x5e78</run_address>
         <size>0x10</size>
      </object_component>
      <object_component id="oc-ea">
         <name>.data</name>
         <load_address>0x20001470</load_address>
         <run_address>0x20001470</run_address>
         <size>0x2</size>
         <input_file_ref idref="fl-2"/>
      </object_component>
      <object_component id="oc-85">
         <name>.data</name>
         <load_address>0x20001418</load_address>
         <run_address>0x20001418</run_address>
         <size>0x30</size>
         <input_file_ref idref="fl-7"/>
      </object_component>
      <object_component id="oc-1b3">
         <name>.data</name>
         <load_address>0x20001454</load_address>
         <run_address>0x20001454</run_address>
         <size>0xc</size>
         <input_file_ref idref="fl-8"/>
      </object_component>
      <object_component id="oc-92">
         <name>.data</name>
         <load_address>0x20001448</load_address>
         <run_address>0x20001448</run_address>
         <size>0xc</size>
         <input_file_ref idref="fl-9"/>
      </object_component>
      <object_component id="oc-22f">
         <name>.data</name>
         <load_address>0x20001468</load_address>
         <run_address>0x20001468</run_address>
         <size>0x8</size>
         <input_file_ref idref="fl-b"/>
      </object_component>
      <object_component id="oc-105">
         <name>.data</name>
         <load_address>0x20001460</load_address>
         <run_address>0x20001460</run_address>
         <size>0x8</size>
         <input_file_ref idref="fl-c"/>
      </object_component>
      <object_component id="oc-153">
         <name>.bss:pxReadyTasksLists</name>
         <uninitialized>true</uninitialized>
         <run_address>0x20001000</run_address>
         <size>0x64</size>
         <input_file_ref idref="fl-7"/>
      </object_component>
      <object_component id="oc-161">
         <name>.bss:xDelayedTaskList1</name>
         <uninitialized>true</uninitialized>
         <run_address>0x20001128</run_address>
         <size>0x14</size>
         <input_file_ref idref="fl-7"/>
      </object_component>
      <object_component id="oc-164">
         <name>.bss:xDelayedTaskList2</name>
         <uninitialized>true</uninitialized>
         <run_address>0x2000113c</run_address>
         <size>0x14</size>
         <input_file_ref idref="fl-7"/>
      </object_component>
      <object_component id="oc-15d">
         <name>.bss</name>
         <uninitialized>true</uninitialized>
         <run_address>0x20001164</run_address>
         <size>0x8</size>
         <input_file_ref idref="fl-7"/>
      </object_component>
      <object_component id="oc-15a">
         <name>.bss:xPendingReadyList</name>
         <uninitialized>true</uninitialized>
         <run_address>0x20001150</run_address>
         <size>0x14</size>
         <input_file_ref idref="fl-7"/>
      </object_component>
      <object_component id="oc-1b9">
         <name>.bss:xActiveTimerList1</name>
         <uninitialized>true</uninitialized>
         <run_address>0x20001100</run_address>
         <size>0x14</size>
         <input_file_ref idref="fl-8"/>
      </object_component>
      <object_component id="oc-1bc">
         <name>.bss:xActiveTimerList2</name>
         <uninitialized>true</uninitialized>
         <run_address>0x20001114</run_address>
         <size>0x14</size>
         <input_file_ref idref="fl-8"/>
      </object_component>
      <object_component id="oc-1b6">
         <name>.bss</name>
         <uninitialized>true</uninitialized>
         <run_address>0x2000116c</run_address>
         <size>0x8</size>
         <input_file_ref idref="fl-8"/>
      </object_component>
      <object_component id="oc-238">
         <name>.bss:ucHeap</name>
         <uninitialized>true</uninitialized>
         <run_address>0x20000000</run_address>
         <size>0x1000</size>
         <input_file_ref idref="fl-b"/>
      </object_component>
      <object_component id="oc-232">
         <name>.bss:xStart</name>
         <uninitialized>true</uninitialized>
         <run_address>0x2000117c</run_address>
         <size>0x8</size>
         <input_file_ref idref="fl-b"/>
      </object_component>
      <object_component id="oc-235">
         <name>.bss:xEnd</name>
         <uninitialized>true</uninitialized>
         <run_address>0x20001174</run_address>
         <size>0x8</size>
         <input_file_ref idref="fl-b"/>
      </object_component>
      <object_component id="oc-160">
         <name>.common:ullTasksOutTime</name>
         <uninitialized>true</uninitialized>
         <run_address>0x200010cc</run_address>
         <size>0x34</size>
      </object_component>
      <object_component id="oc-156">
         <name>.common:ullTasksInTime</name>
         <uninitialized>true</uninitialized>
         <run_address>0x20001098</run_address>
         <size>0x34</size>
      </object_component>
      <object_component id="oc-f7">
         <name>.common:ullTasksExecutionTime</name>
         <uninitialized>true</uninitialized>
         <run_address>0x20001064</run_address>
         <size>0x34</size>
      </object_component>
      <object_component id="oc-db">
         <name>.common:Command_HC_D</name>
         <uninitialized>true</uninitialized>
         <run_address>0x20001184</run_address>
         <size>0x4</size>
      </object_component>
      <object_component id="oc-dc">
         <name>.common:Command_HC_P</name>
         <uninitialized>true</uninitialized>
         <run_address>0x20001188</run_address>
         <size>0x4</size>
      </object_component>
      <object_component id="oc-dd">
         <name>.common:Display_D</name>
         <uninitialized>true</uninitialized>
         <run_address>0x200011ac</run_address>
         <size>0x4</size>
      </object_component>
      <object_component id="oc-de">
         <name>.common:Display_P</name>
         <uninitialized>true</uninitialized>
         <run_address>0x200011b0</run_address>
         <size>0x4</size>
      </object_component>
      <object_component id="oc-e5">
         <name>.common:eventTempSet</name>
         <uninitialized>true</uninitialized>
         <run_address>0x200011e8</run_address>
         <size>0x4</size>
      </object_component>
      <object_component id="oc-ee">
         <name>.common:CurrentTargetD</name>
         <uninitialized>true</uninitialized>
         <run_address>0x2000118c</run_address>
         <size>0x4</size>
      </object_component>
      <object_component id="oc-f2">
         <name>.common:CurrentTargetP</name>
         <uninitialized>true</uninitialized>
         <run_address>0x2000119c</run_address>
         <size>0x4</size>
      </object_component>
      <object_component id="oc-e6">
         <name>.common:SuprevisedTempD</name>
         <uninitialized>true</uninitialized>
         <run_address>0x200011b4</run_address>
         <size>0x4</size>
      </object_component>
      <object_component id="oc-e8">
         <name>.common:SuprevisedTempP</name>
         <uninitialized>true</uninitialized>
         <run_address>0x200011c4</run_address>
         <size>0x4</size>
      </object_component>
      <object_component id="oc-d6">
         <name>.common:SuprevisedTempDMutex</name>
         <uninitialized>true</uninitialized>
         <run_address>0x200011b8</run_address>
         <size>0x4</size>
      </object_component>
      <object_component id="oc-d7">
         <name>.common:SuprevisedTempPMutex</name>
         <uninitialized>true</uninitialized>
         <run_address>0x200011c8</run_address>
         <size>0x4</size>
      </object_component>
      <object_component id="oc-d8">
         <name>.common:CurrentTargetDMutex</name>
         <uninitialized>true</uninitialized>
         <run_address>0x20001194</run_address>
         <size>0x4</size>
      </object_component>
      <object_component id="oc-d9">
         <name>.common:CurrentTargetPMutex</name>
         <uninitialized>true</uninitialized>
         <run_address>0x200011a4</run_address>
         <size>0x4</size>
      </object_component>
      <object_component id="oc-da">
         <name>.common:UARTMutex</name>
         <uninitialized>true</uninitialized>
         <run_address>0x200011dc</run_address>
         <size>0x4</size>
      </object_component>
      <object_component id="oc-e7">
         <name>.common:SuprevisedTempDReadingTaskLT</name>
         <uninitialized>true</uninitialized>
         <run_address>0x200011bc</run_address>
         <size>0x4</size>
      </object_component>
      <object_component id="oc-ed">
         <name>.common:SuprevisedTempDSupervisionTaskLT</name>
         <uninitialized>true</uninitialized>
         <run_address>0x200011c0</run_address>
         <size>0x4</size>
      </object_component>
      <object_component id="oc-e9">
         <name>.common:SuprevisedTempPReadingTaskLT</name>
         <uninitialized>true</uninitialized>
         <run_address>0x200011cc</run_address>
         <size>0x4</size>
      </object_component>
      <object_component id="oc-f0">
         <name>.common:SuprevisedTempPSupervisionTaskLT</name>
         <uninitialized>true</uninitialized>
         <run_address>0x200011d0</run_address>
         <size>0x4</size>
      </object_component>
      <object_component id="oc-ef">
         <name>.common:CurrentTargetDSupervisionTaskLT</name>
         <uninitialized>true</uninitialized>
         <run_address>0x20001198</run_address>
         <size>0x4</size>
      </object_component>
      <object_component id="oc-f3">
         <name>.common:CurrentTargetDHeating_CoolingTaskLT</name>
         <uninitialized>true</uninitialized>
         <run_address>0x20001190</run_address>
         <size>0x4</size>
      </object_component>
      <object_component id="oc-f1">
         <name>.common:CurrentTargetPSupervisionTaskLT</name>
         <uninitialized>true</uninitialized>
         <run_address>0x200011a8</run_address>
         <size>0x4</size>
      </object_component>
      <object_component id="oc-f4">
         <name>.common:CurrentTargetPHeating_CoolingTaskLT</name>
         <uninitialized>true</uninitialized>
         <run_address>0x200011a0</run_address>
         <size>0x4</size>
      </object_component>
      <object_component id="oc-f5">
         <name>.common:UARTDisplayTaskDLT</name>
         <uninitialized>true</uninitialized>
         <run_address>0x200011d4</run_address>
         <size>0x4</size>
      </object_component>
      <object_component id="oc-f6">
         <name>.common:UARTDisplayTaskPLT</name>
         <uninitialized>true</uninitialized>
         <run_address>0x200011d8</run_address>
         <size>0x4</size>
      </object_component>
      <object_component id="oc-f8">
         <name>.common:UARTOneTimeRunTimeMeasurementsTaskLT</name>
         <uninitialized>true</uninitialized>
         <run_address>0x200011e0</run_address>
         <size>0x4</size>
      </object_component>
      <object_component id="oc-f9">
         <name>.common:UARTRunTimeMeasurementsTaskLT</name>
         <uninitialized>true</uninitialized>
         <run_address>0x200011e4</run_address>
         <size>0x4</size>
      </object_component>
      <object_component id="oc-cc">
         <name>.common:vTemperatureSettingTaskForDSeatHandle</name>
         <uninitialized>true</uninitialized>
         <run_address>0x20001210</run_address>
         <size>0x4</size>
      </object_component>
      <object_component id="oc-cd">
         <name>.common:vTemperatureSettingTaskForPSeatHandle</name>
         <uninitialized>true</uninitialized>
         <run_address>0x20001214</run_address>
         <size>0x4</size>
      </object_component>
      <object_component id="oc-ce">
         <name>.common:vTemperatureReadingTaskForDSeatHandle</name>
         <uninitialized>true</uninitialized>
         <run_address>0x20001208</run_address>
         <size>0x4</size>
      </object_component>
      <object_component id="oc-cf">
         <name>.common:vTemperatureReadingTaskForPSeatHandle</name>
         <uninitialized>true</uninitialized>
         <run_address>0x2000120c</run_address>
         <size>0x4</size>
      </object_component>
      <object_component id="oc-d0">
         <name>.common:vHeating_CoolingTaskForDSeatHandle</name>
         <uninitialized>true</uninitialized>
         <run_address>0x200011f4</run_address>
         <size>0x4</size>
      </object_component>
      <object_component id="oc-d1">
         <name>.common:vHeating_CoolingTaskForPSeatHandle</name>
         <uninitialized>true</uninitialized>
         <run_address>0x200011f8</run_address>
         <size>0x4</size>
      </object_component>
      <object_component id="oc-d2">
         <name>.common:vDisplayTaskDHandle</name>
         <uninitialized>true</uninitialized>
         <run_address>0x200011ec</run_address>
         <size>0x4</size>
      </object_component>
      <object_component id="oc-d3">
         <name>.common:vDisplayTaskPHandle</name>
         <uninitialized>true</uninitialized>
         <run_address>0x200011f0</run_address>
         <size>0x4</size>
      </object_component>
      <object_component id="oc-d4">
         <name>.common:vSupervisorTaskDHandle</name>
         <uninitialized>true</uninitialized>
         <run_address>0x20001200</run_address>
         <size>0x4</size>
      </object_component>
      <object_component id="oc-d5">
         <name>.common:vSupervisorTaskPHandle</name>
         <uninitialized>true</uninitialized>
         <run_address>0x20001204</run_address>
         <size>0x4</size>
      </object_component>
      <object_component id="oc-c9">
         <name>.common:vRunTimeMeasurementsTaskHandle</name>
         <uninitialized>true</uninitialized>
         <run_address>0x200011fc</run_address>
         <size>0x4</size>
      </object_component>
      <object_component id="oc-24">
         <name>.stack</name>
         <uninitialized>true</uninitialized>
         <run_address>0x20001218</run_address>
         <size>0x4</size>
         <input_file_ref idref="fl-d1"/>
      </object_component>
      <object_component id="oc-303">
         <name>.stack</name>
         <uninitialized>true</uninitialized>
         <run_address>0x20001218</run_address>
         <size>0x0</size>
      </object_component>
      <object_component id="oc-ca">
         <name>.debug_info</name>
         <load_address>0x0</load_address>
         <run_address>0x0</run_address>
         <size>0x1525</size>
         <input_file_ref idref="fl-2"/>
      </object_component>
      <object_component id="oc-eb">
         <name>.debug_info</name>
         <load_address>0x1525</load_address>
         <run_address>0x1525</run_address>
         <size>0x11a</size>
         <input_file_ref idref="fl-2"/>
      </object_component>
      <object_component id="oc-3a">
         <name>.debug_info</name>
         <load_address>0x163f</load_address>
         <run_address>0x163f</run_address>
         <size>0x1e3f</size>
         <input_file_ref idref="fl-2"/>
      </object_component>
      <object_component id="oc-171">
         <name>.debug_info</name>
         <load_address>0x347e</load_address>
         <run_address>0x347e</run_address>
         <size>0x30c</size>
         <input_file_ref idref="fl-2"/>
      </object_component>
      <object_component id="oc-10b">
         <name>.debug_info</name>
         <load_address>0x378a</load_address>
         <run_address>0x378a</run_address>
         <size>0x26b</size>
         <input_file_ref idref="fl-2"/>
      </object_component>
      <object_component id="oc-17b">
         <name>.debug_info</name>
         <load_address>0x39f5</load_address>
         <run_address>0x39f5</run_address>
         <size>0x3f8</size>
         <input_file_ref idref="fl-2"/>
      </object_component>
      <object_component id="oc-100">
         <name>.debug_info</name>
         <load_address>0x3ded</load_address>
         <run_address>0x3ded</run_address>
         <size>0x42</size>
         <input_file_ref idref="fl-2"/>
      </object_component>
      <object_component id="oc-1a4">
         <name>.debug_info</name>
         <load_address>0x3e2f</load_address>
         <run_address>0x3e2f</run_address>
         <size>0x4f</size>
         <input_file_ref idref="fl-2"/>
      </object_component>
      <object_component id="oc-1ae">
         <name>.debug_info</name>
         <load_address>0x3e7e</load_address>
         <run_address>0x3e7e</run_address>
         <size>0x2c</size>
         <input_file_ref idref="fl-2"/>
      </object_component>
      <object_component id="oc-4d">
         <name>.debug_info</name>
         <load_address>0x3eaa</load_address>
         <run_address>0x3eaa</run_address>
         <size>0x84</size>
         <input_file_ref idref="fl-2"/>
      </object_component>
      <object_component id="oc-97">
         <name>.debug_info</name>
         <load_address>0x3f2e</load_address>
         <run_address>0x3f2e</run_address>
         <size>0x2c</size>
         <input_file_ref idref="fl-2"/>
      </object_component>
      <object_component id="oc-1a9">
         <name>.debug_info</name>
         <load_address>0x3f5a</load_address>
         <run_address>0x3f5a</run_address>
         <size>0x4f</size>
         <input_file_ref idref="fl-2"/>
      </object_component>
      <object_component id="oc-180">
         <name>.debug_info</name>
         <load_address>0x3fa9</load_address>
         <run_address>0x3fa9</run_address>
         <size>0x2a4</size>
         <input_file_ref idref="fl-2"/>
      </object_component>
      <object_component id="oc-a1">
         <name>.debug_info</name>
         <load_address>0x424d</load_address>
         <run_address>0x424d</run_address>
         <size>0xbb</size>
         <input_file_ref idref="fl-2"/>
      </object_component>
      <object_component id="oc-fb">
         <name>.debug_info</name>
         <load_address>0x4308</load_address>
         <run_address>0x4308</run_address>
         <size>0xae</size>
         <input_file_ref idref="fl-2"/>
      </object_component>
      <object_component id="oc-16c">
         <name>.debug_info</name>
         <load_address>0x43b6</load_address>
         <run_address>0x43b6</run_address>
         <size>0x53</size>
         <input_file_ref idref="fl-2"/>
      </object_component>
      <object_component id="oc-9c">
         <name>.debug_info</name>
         <load_address>0x4409</load_address>
         <run_address>0x4409</run_address>
         <size>0x53</size>
         <input_file_ref idref="fl-2"/>
      </object_component>
      <object_component id="oc-176">
         <name>.debug_info</name>
         <load_address>0x445c</load_address>
         <run_address>0x445c</run_address>
         <size>0x14c</size>
         <input_file_ref idref="fl-2"/>
      </object_component>
      <object_component id="oc-46">
         <name>.debug_info</name>
         <load_address>0x45a8</load_address>
         <run_address>0x45a8</run_address>
         <size>0x3fe</size>
         <input_file_ref idref="fl-3"/>
      </object_component>
      <object_component id="oc-13">
         <name>.debug_info</name>
         <load_address>0x49a6</load_address>
         <run_address>0x49a6</run_address>
         <size>0x11d</size>
         <input_file_ref idref="fl-3"/>
      </object_component>
      <object_component id="oc-28">
         <name>.debug_info</name>
         <load_address>0x4ac3</load_address>
         <run_address>0x4ac3</run_address>
         <size>0x299</size>
         <input_file_ref idref="fl-3"/>
      </object_component>
      <object_component id="oc-198">
         <name>.debug_info</name>
         <load_address>0x4d5c</load_address>
         <run_address>0x4d5c</run_address>
         <size>0x6b8</size>
         <input_file_ref idref="fl-4"/>
      </object_component>
      <object_component id="oc-b3">
         <name>.debug_info</name>
         <load_address>0x5414</load_address>
         <run_address>0x5414</run_address>
         <size>0x13c6</size>
         <input_file_ref idref="fl-4"/>
      </object_component>
      <object_component id="oc-18d">
         <name>.debug_info</name>
         <load_address>0x67da</load_address>
         <run_address>0x67da</run_address>
         <size>0x110</size>
         <input_file_ref idref="fl-4"/>
      </object_component>
      <object_component id="oc-22a">
         <name>.debug_info</name>
         <load_address>0x68ea</load_address>
         <run_address>0x68ea</run_address>
         <size>0x3f8</size>
         <input_file_ref idref="fl-4"/>
      </object_component>
      <object_component id="oc-254">
         <name>.debug_info</name>
         <load_address>0x6ce2</load_address>
         <run_address>0x6ce2</run_address>
         <size>0x62</size>
         <input_file_ref idref="fl-4"/>
      </object_component>
      <object_component id="oc-193">
         <name>.debug_info</name>
         <load_address>0x6d44</load_address>
         <run_address>0x6d44</run_address>
         <size>0x39</size>
         <input_file_ref idref="fl-4"/>
      </object_component>
      <object_component id="oc-23e">
         <name>.debug_info</name>
         <load_address>0x6d7d</load_address>
         <run_address>0x6d7d</run_address>
         <size>0x3b6</size>
         <input_file_ref idref="fl-5"/>
      </object_component>
      <object_component id="oc-14e">
         <name>.debug_info</name>
         <load_address>0x7133</load_address>
         <run_address>0x7133</run_address>
         <size>0x526</size>
         <input_file_ref idref="fl-5"/>
      </object_component>
      <object_component id="oc-18c">
         <name>.debug_info</name>
         <load_address>0x7659</load_address>
         <run_address>0x7659</run_address>
         <size>0x91c</size>
         <input_file_ref idref="fl-6"/>
      </object_component>
      <object_component id="oc-ac">
         <name>.debug_info</name>
         <load_address>0x7f75</load_address>
         <run_address>0x7f75</run_address>
         <size>0x3222</size>
         <input_file_ref idref="fl-6"/>
      </object_component>
      <object_component id="oc-24d">
         <name>.debug_info</name>
         <load_address>0xb197</load_address>
         <run_address>0xb197</run_address>
         <size>0x1c7</size>
         <input_file_ref idref="fl-6"/>
      </object_component>
      <object_component id="oc-187">
         <name>.debug_info</name>
         <load_address>0xb35e</load_address>
         <run_address>0xb35e</run_address>
         <size>0x46</size>
         <input_file_ref idref="fl-6"/>
      </object_component>
      <object_component id="oc-220">
         <name>.debug_info</name>
         <load_address>0xb3a4</load_address>
         <run_address>0xb3a4</run_address>
         <size>0x35</size>
         <input_file_ref idref="fl-6"/>
      </object_component>
      <object_component id="oc-13f">
         <name>.debug_info</name>
         <load_address>0xb3d9</load_address>
         <run_address>0xb3d9</run_address>
         <size>0x891</size>
         <input_file_ref idref="fl-7"/>
      </object_component>
      <object_component id="oc-86">
         <name>.debug_info</name>
         <load_address>0xbc6a</load_address>
         <run_address>0xbc6a</run_address>
         <size>0x332</size>
         <input_file_ref idref="fl-7"/>
      </object_component>
      <object_component id="oc-154">
         <name>.debug_info</name>
         <load_address>0xbf9c</load_address>
         <run_address>0xbf9c</run_address>
         <size>0x124</size>
         <input_file_ref idref="fl-7"/>
      </object_component>
      <object_component id="oc-162">
         <name>.debug_info</name>
         <load_address>0xc0c0</load_address>
         <run_address>0xc0c0</run_address>
         <size>0x124</size>
         <input_file_ref idref="fl-7"/>
      </object_component>
      <object_component id="oc-165">
         <name>.debug_info</name>
         <load_address>0xc1e4</load_address>
         <run_address>0xc1e4</run_address>
         <size>0x124</size>
         <input_file_ref idref="fl-7"/>
      </object_component>
      <object_component id="oc-15e">
         <name>.debug_info</name>
         <load_address>0xc308</load_address>
         <run_address>0xc308</run_address>
         <size>0x167</size>
         <input_file_ref idref="fl-7"/>
      </object_component>
      <object_component id="oc-15b">
         <name>.debug_info</name>
         <load_address>0xc46f</load_address>
         <run_address>0xc46f</run_address>
         <size>0x124</size>
         <input_file_ref idref="fl-7"/>
      </object_component>
      <object_component id="oc-158">
         <name>.debug_info</name>
         <load_address>0xc593</load_address>
         <run_address>0xc593</run_address>
         <size>0x125</size>
         <input_file_ref idref="fl-7"/>
      </object_component>
      <object_component id="oc-8e">
         <name>.debug_info</name>
         <load_address>0xc6b8</load_address>
         <run_address>0xc6b8</run_address>
         <size>0x43f4</size>
         <input_file_ref idref="fl-7"/>
      </object_component>
      <object_component id="oc-140">
         <name>.debug_info</name>
         <load_address>0x10aac</load_address>
         <run_address>0x10aac</run_address>
         <size>0x303</size>
         <input_file_ref idref="fl-7"/>
      </object_component>
      <object_component id="oc-225">
         <name>.debug_info</name>
         <load_address>0x10daf</load_address>
         <run_address>0x10daf</run_address>
         <size>0x130</size>
         <input_file_ref idref="fl-7"/>
      </object_component>
      <object_component id="oc-1c5">
         <name>.debug_info</name>
         <load_address>0x10edf</load_address>
         <run_address>0x10edf</run_address>
         <size>0x867</size>
         <input_file_ref idref="fl-8"/>
      </object_component>
      <object_component id="oc-1ba">
         <name>.debug_info</name>
         <load_address>0x11746</load_address>
         <run_address>0x11746</run_address>
         <size>0x124</size>
         <input_file_ref idref="fl-8"/>
      </object_component>
      <object_component id="oc-1bd">
         <name>.debug_info</name>
         <load_address>0x1186a</load_address>
         <run_address>0x1186a</run_address>
         <size>0x124</size>
         <input_file_ref idref="fl-8"/>
      </object_component>
      <object_component id="oc-1b7">
         <name>.debug_info</name>
         <load_address>0x1198e</load_address>
         <run_address>0x1198e</run_address>
         <size>0x15c</size>
         <input_file_ref idref="fl-8"/>
      </object_component>
      <object_component id="oc-1b4">
         <name>.debug_info</name>
         <load_address>0x11aea</load_address>
         <run_address>0x11aea</run_address>
         <size>0x148</size>
         <input_file_ref idref="fl-8"/>
      </object_component>
      <object_component id="oc-e0">
         <name>.debug_info</name>
         <load_address>0x11c32</load_address>
         <run_address>0x11c32</run_address>
         <size>0x23df</size>
         <input_file_ref idref="fl-8"/>
      </object_component>
      <object_component id="oc-1c6">
         <name>.debug_info</name>
         <load_address>0x14011</load_address>
         <run_address>0x14011</run_address>
         <size>0x1ce</size>
         <input_file_ref idref="fl-8"/>
      </object_component>
      <object_component id="oc-1c0">
         <name>.debug_info</name>
         <load_address>0x141df</load_address>
         <run_address>0x141df</run_address>
         <size>0x46</size>
         <input_file_ref idref="fl-8"/>
      </object_component>
      <object_component id="oc-96">
         <name>.debug_info</name>
         <load_address>0x14225</load_address>
         <run_address>0x14225</run_address>
         <size>0x49d</size>
         <input_file_ref idref="fl-9"/>
      </object_component>
      <object_component id="oc-89">
         <name>.debug_info</name>
         <load_address>0x146c2</load_address>
         <run_address>0x146c2</run_address>
         <size>0x199</size>
         <input_file_ref idref="fl-9"/>
      </object_component>
      <object_component id="oc-93">
         <name>.debug_info</name>
         <load_address>0x1485b</load_address>
         <run_address>0x1485b</run_address>
         <size>0x1a4</size>
         <input_file_ref idref="fl-9"/>
      </object_component>
      <object_component id="oc-34">
         <name>.debug_info</name>
         <load_address>0x149ff</load_address>
         <run_address>0x149ff</run_address>
         <size>0x930</size>
         <input_file_ref idref="fl-9"/>
      </object_component>
      <object_component id="oc-2e">
         <name>.debug_info</name>
         <load_address>0x1532f</load_address>
         <run_address>0x1532f</run_address>
         <size>0x286</size>
         <input_file_ref idref="fl-a"/>
      </object_component>
      <object_component id="oc-23c">
         <name>.debug_info</name>
         <load_address>0x155b5</load_address>
         <run_address>0x155b5</run_address>
         <size>0x48d</size>
         <input_file_ref idref="fl-b"/>
      </object_component>
      <object_component id="oc-239">
         <name>.debug_info</name>
         <load_address>0x15a42</load_address>
         <run_address>0x15a42</run_address>
         <size>0x11f</size>
         <input_file_ref idref="fl-b"/>
      </object_component>
      <object_component id="oc-233">
         <name>.debug_info</name>
         <load_address>0x15b61</load_address>
         <run_address>0x15b61</run_address>
         <size>0x11f</size>
         <input_file_ref idref="fl-b"/>
      </object_component>
      <object_component id="oc-236">
         <name>.debug_info</name>
         <load_address>0x15c80</load_address>
         <run_address>0x15c80</run_address>
         <size>0x11b</size>
         <input_file_ref idref="fl-b"/>
      </object_component>
      <object_component id="oc-230">
         <name>.debug_info</name>
         <load_address>0x15d9b</load_address>
         <run_address>0x15d9b</run_address>
         <size>0x139</size>
         <input_file_ref idref="fl-b"/>
      </object_component>
      <object_component id="oc-148">
         <name>.debug_info</name>
         <load_address>0x15ed4</load_address>
         <run_address>0x15ed4</run_address>
         <size>0x85d</size>
         <input_file_ref idref="fl-b"/>
      </object_component>
      <object_component id="oc-296">
         <name>.debug_info</name>
         <load_address>0x16731</load_address>
         <run_address>0x16731</run_address>
         <size>0x62</size>
         <input_file_ref idref="fl-b"/>
      </object_component>
      <object_component id="oc-1cf">
         <name>.debug_info</name>
         <load_address>0x16793</load_address>
         <run_address>0x16793</run_address>
         <size>0x287</size>
         <input_file_ref idref="fl-c"/>
      </object_component>
      <object_component id="oc-106">
         <name>.debug_info</name>
         <load_address>0x16a1a</load_address>
         <run_address>0x16a1a</run_address>
         <size>0x130</size>
         <input_file_ref idref="fl-c"/>
      </object_component>
      <object_component id="oc-3f">
         <name>.debug_info</name>
         <load_address>0x16b4a</load_address>
         <run_address>0x16b4a</run_address>
         <size>0x462</size>
         <input_file_ref idref="fl-c"/>
      </object_component>
      <object_component id="oc-bb">
         <name>.debug_info</name>
         <load_address>0x16fac</load_address>
         <run_address>0x16fac</run_address>
         <size>0x816</size>
         <input_file_ref idref="fl-d"/>
      </object_component>
      <object_component id="oc-c5">
         <name>.debug_info</name>
         <load_address>0x177c2</load_address>
         <run_address>0x177c2</run_address>
         <size>0x1c4</size>
         <input_file_ref idref="fl-e"/>
      </object_component>
      <object_component id="oc-1a0">
         <name>.debug_info</name>
         <load_address>0x17986</load_address>
         <run_address>0x17986</run_address>
         <size>0x29e</size>
         <input_file_ref idref="fl-f"/>
      </object_component>
      <object_component id="oc-be">
         <name>.debug_info</name>
         <load_address>0x17c24</load_address>
         <run_address>0x17c24</run_address>
         <size>0x49e</size>
         <input_file_ref idref="fl-f"/>
      </object_component>
      <object_component id="oc-a7">
         <name>.debug_info</name>
         <load_address>0x180c2</load_address>
         <run_address>0x180c2</run_address>
         <size>0x122</size>
         <input_file_ref idref="fl-c9"/>
      </object_component>
      <object_component id="oc-55">
         <name>.debug_info</name>
         <load_address>0x181e4</load_address>
         <run_address>0x181e4</run_address>
         <size>0x119</size>
         <input_file_ref idref="fl-ca"/>
      </object_component>
      <object_component id="oc-126">
         <name>.debug_info</name>
         <load_address>0x182fd</load_address>
         <run_address>0x182fd</run_address>
         <size>0x147</size>
         <input_file_ref idref="fl-cb"/>
      </object_component>
      <object_component id="oc-19d">
         <name>.debug_info</name>
         <load_address>0x18444</load_address>
         <run_address>0x18444</run_address>
         <size>0x13f</size>
         <input_file_ref idref="fl-cc"/>
      </object_component>
      <object_component id="oc-260">
         <name>.debug_info</name>
         <load_address>0x18583</load_address>
         <run_address>0x18583</run_address>
         <size>0x134</size>
         <input_file_ref idref="fl-cd"/>
      </object_component>
      <object_component id="oc-124">
         <name>.debug_info</name>
         <load_address>0x186b7</load_address>
         <run_address>0x186b7</run_address>
         <size>0x2d4</size>
         <input_file_ref idref="fl-ce"/>
      </object_component>
      <object_component id="oc-68">
         <name>.debug_info</name>
         <load_address>0x1898b</load_address>
         <run_address>0x1898b</run_address>
         <size>0x1b5</size>
         <input_file_ref idref="fl-ce"/>
      </object_component>
      <object_component id="oc-11f">
         <name>.debug_info</name>
         <load_address>0x18b40</load_address>
         <run_address>0x18b40</run_address>
         <size>0x46</size>
         <input_file_ref idref="fl-ce"/>
      </object_component>
      <object_component id="oc-1d7">
         <name>.debug_info</name>
         <load_address>0x18b86</load_address>
         <run_address>0x18b86</run_address>
         <size>0x2c</size>
         <input_file_ref idref="fl-ce"/>
      </object_component>
      <object_component id="oc-5d">
         <name>.debug_info</name>
         <load_address>0x18bb2</load_address>
         <run_address>0x18bb2</run_address>
         <size>0x2a8</size>
         <input_file_ref idref="fl-cf"/>
      </object_component>
      <object_component id="oc-1c">
         <name>.debug_info</name>
         <load_address>0x18e5a</load_address>
         <run_address>0x18e5a</run_address>
         <size>0x1ea</size>
         <input_file_ref idref="fl-cf"/>
      </object_component>
      <object_component id="oc-58">
         <name>.debug_info</name>
         <load_address>0x19044</load_address>
         <run_address>0x19044</run_address>
         <size>0x46</size>
         <input_file_ref idref="fl-cf"/>
      </object_component>
      <object_component id="oc-117">
         <name>.debug_info</name>
         <load_address>0x1908a</load_address>
         <run_address>0x1908a</run_address>
         <size>0x2c</size>
         <input_file_ref idref="fl-cf"/>
      </object_component>
      <object_component id="oc-115">
         <name>.debug_info</name>
         <load_address>0x190b6</load_address>
         <run_address>0x190b6</run_address>
         <size>0x29e</size>
         <input_file_ref idref="fl-d0"/>
      </object_component>
      <object_component id="oc-18">
         <name>.debug_info</name>
         <load_address>0x19354</load_address>
         <run_address>0x19354</run_address>
         <size>0x250</size>
         <input_file_ref idref="fl-d0"/>
      </object_component>
      <object_component id="oc-48">
         <name>.debug_info</name>
         <load_address>0x195a4</load_address>
         <run_address>0x195a4</run_address>
         <size>0x60</size>
         <input_file_ref idref="fl-d0"/>
      </object_component>
      <object_component id="oc-1d0">
         <name>.debug_info</name>
         <load_address>0x19604</load_address>
         <run_address>0x19604</run_address>
         <size>0x46</size>
         <input_file_ref idref="fl-d0"/>
      </object_component>
      <object_component id="oc-110">
         <name>.debug_info</name>
         <load_address>0x1964a</load_address>
         <run_address>0x1964a</run_address>
         <size>0x39</size>
         <input_file_ref idref="fl-d0"/>
      </object_component>
      <object_component id="oc-25">
         <name>.debug_info</name>
         <load_address>0x19683</load_address>
         <run_address>0x19683</run_address>
         <size>0x10b</size>
         <input_file_ref idref="fl-d1"/>
      </object_component>
      <object_component id="oc-71">
         <name>.debug_info</name>
         <load_address>0x1978e</load_address>
         <run_address>0x1978e</run_address>
         <size>0x1a9</size>
         <input_file_ref idref="fl-d1"/>
      </object_component>
      <object_component id="oc-25a">
         <name>.debug_info</name>
         <load_address>0x19937</load_address>
         <run_address>0x19937</run_address>
         <size>0x115</size>
         <input_file_ref idref="fl-d2"/>
      </object_component>
      <object_component id="oc-27d">
         <name>.debug_info</name>
         <load_address>0x19a4c</load_address>
         <run_address>0x19a4c</run_address>
         <size>0x4b3</size>
         <input_file_ref idref="fl-d3"/>
      </object_component>
      <object_component id="oc-1ed">
         <name>.debug_info</name>
         <load_address>0x19eff</load_address>
         <run_address>0x19eff</run_address>
         <size>0x1a6</size>
         <input_file_ref idref="fl-d3"/>
      </object_component>
      <object_component id="oc-2b5">
         <name>.debug_info</name>
         <load_address>0x1a0a5</load_address>
         <run_address>0x1a0a5</run_address>
         <size>0x39</size>
         <input_file_ref idref="fl-d3"/>
      </object_component>
      <object_component id="oc-2c9">
         <name>.debug_info</name>
         <load_address>0x1a0de</load_address>
         <run_address>0x1a0de</run_address>
         <size>0x39</size>
         <input_file_ref idref="fl-d3"/>
      </object_component>
      <object_component id="oc-2ba">
         <name>.debug_info</name>
         <load_address>0x1a117</load_address>
         <run_address>0x1a117</run_address>
         <size>0x39</size>
         <input_file_ref idref="fl-d3"/>
      </object_component>
      <object_component id="oc-2bf">
         <name>.debug_info</name>
         <load_address>0x1a150</load_address>
         <run_address>0x1a150</run_address>
         <size>0xcd</size>
         <input_file_ref idref="fl-d3"/>
      </object_component>
      <object_component id="oc-12d">
         <name>.debug_info</name>
         <load_address>0x1a21d</load_address>
         <run_address>0x1a21d</run_address>
         <size>0x153</size>
         <input_file_ref idref="fl-d4"/>
      </object_component>
      <object_component id="oc-1e3">
         <name>.debug_info</name>
         <load_address>0x1a370</load_address>
         <run_address>0x1a370</run_address>
         <size>0x122</size>
         <input_file_ref idref="fl-d6"/>
      </object_component>
      <object_component id="oc-304">
         <name>.debug_info</name>
         <load_address>0x1a492</load_address>
         <run_address>0x1a492</run_address>
         <size>0xd0</size>
      </object_component>
      <object_component id="oc-1a3">
         <name>.debug_line</name>
         <load_address>0x0</load_address>
         <run_address>0x0</run_address>
         <size>0x3ef</size>
         <input_file_ref idref="fl-2"/>
      </object_component>
      <object_component id="oc-1cc">
         <name>.debug_line</name>
         <load_address>0x3ef</load_address>
         <run_address>0x3ef</run_address>
         <size>0x2d</size>
         <input_file_ref idref="fl-2"/>
      </object_component>
      <object_component id="oc-39">
         <name>.debug_line</name>
         <load_address>0x41c</load_address>
         <run_address>0x41c</run_address>
         <size>0x340</size>
         <input_file_ref idref="fl-2"/>
      </object_component>
      <object_component id="oc-174">
         <name>.debug_line</name>
         <load_address>0x75c</load_address>
         <run_address>0x75c</run_address>
         <size>0x9e</size>
         <input_file_ref idref="fl-2"/>
      </object_component>
      <object_component id="oc-10e">
         <name>.debug_line</name>
         <load_address>0x7fa</load_address>
         <run_address>0x7fa</run_address>
         <size>0x7a</size>
         <input_file_ref idref="fl-2"/>
      </object_component>
      <object_component id="oc-17e">
         <name>.debug_line</name>
         <load_address>0x874</load_address>
         <run_address>0x874</run_address>
         <size>0xa2</size>
         <input_file_ref idref="fl-2"/>
      </object_component>
      <object_component id="oc-103">
         <name>.debug_line</name>
         <load_address>0x916</load_address>
         <run_address>0x916</run_address>
         <size>0xa6</size>
         <input_file_ref idref="fl-2"/>
      </object_component>
      <object_component id="oc-1a7">
         <name>.debug_line</name>
         <load_address>0x9bc</load_address>
         <run_address>0x9bc</run_address>
         <size>0x9f</size>
         <input_file_ref idref="fl-2"/>
      </object_component>
      <object_component id="oc-1b1">
         <name>.debug_line</name>
         <load_address>0xa5b</load_address>
         <run_address>0xa5b</run_address>
         <size>0xa0</size>
         <input_file_ref idref="fl-2"/>
      </object_component>
      <object_component id="oc-50">
         <name>.debug_line</name>
         <load_address>0xafb</load_address>
         <run_address>0xafb</run_address>
         <size>0x20</size>
         <input_file_ref idref="fl-2"/>
      </object_component>
      <object_component id="oc-9a">
         <name>.debug_line</name>
         <load_address>0xb1b</load_address>
         <run_address>0xb1b</run_address>
         <size>0xa2</size>
         <input_file_ref idref="fl-2"/>
      </object_component>
      <object_component id="oc-1ac">
         <name>.debug_line</name>
         <load_address>0xbbd</load_address>
         <run_address>0xbbd</run_address>
         <size>0xa0</size>
         <input_file_ref idref="fl-2"/>
      </object_component>
      <object_component id="oc-183">
         <name>.debug_line</name>
         <load_address>0xc5d</load_address>
         <run_address>0xc5d</run_address>
         <size>0x7e</size>
         <input_file_ref idref="fl-2"/>
      </object_component>
      <object_component id="oc-a4">
         <name>.debug_line</name>
         <load_address>0xcdb</load_address>
         <run_address>0xcdb</run_address>
         <size>0x7b</size>
         <input_file_ref idref="fl-2"/>
      </object_component>
      <object_component id="oc-fe">
         <name>.debug_line</name>
         <load_address>0xd56</load_address>
         <run_address>0xd56</run_address>
         <size>0x92</size>
         <input_file_ref idref="fl-2"/>
      </object_component>
      <object_component id="oc-16f">
         <name>.debug_line</name>
         <load_address>0xde8</load_address>
         <run_address>0xde8</run_address>
         <size>0x76</size>
         <input_file_ref idref="fl-2"/>
      </object_component>
      <object_component id="oc-9f">
         <name>.debug_line</name>
         <load_address>0xe5e</load_address>
         <run_address>0xe5e</run_address>
         <size>0xb1</size>
         <input_file_ref idref="fl-2"/>
      </object_component>
      <object_component id="oc-179">
         <name>.debug_line</name>
         <load_address>0xf0f</load_address>
         <run_address>0xf0f</run_address>
         <size>0x9e</size>
         <input_file_ref idref="fl-2"/>
      </object_component>
      <object_component id="oc-10a">
         <name>.debug_line</name>
         <load_address>0xfad</load_address>
         <run_address>0xfad</run_address>
         <size>0x41</size>
         <input_file_ref idref="fl-3"/>
      </object_component>
      <object_component id="oc-45">
         <name>.debug_line</name>
         <load_address>0xfee</load_address>
         <run_address>0xfee</run_address>
         <size>0x41</size>
         <input_file_ref idref="fl-3"/>
      </object_component>
      <object_component id="oc-2c">
         <name>.debug_line</name>
         <load_address>0x102f</load_address>
         <run_address>0x102f</run_address>
         <size>0xa1</size>
         <input_file_ref idref="fl-3"/>
      </object_component>
      <object_component id="oc-253">
         <name>.debug_line</name>
         <load_address>0x10d0</load_address>
         <run_address>0x10d0</run_address>
         <size>0x22f</size>
         <input_file_ref idref="fl-4"/>
      </object_component>
      <object_component id="oc-b6">
         <name>.debug_line</name>
         <load_address>0x12ff</load_address>
         <run_address>0x12ff</run_address>
         <size>0x2f0</size>
         <input_file_ref idref="fl-4"/>
      </object_component>
      <object_component id="oc-190">
         <name>.debug_line</name>
         <load_address>0x15ef</load_address>
         <run_address>0x15ef</run_address>
         <size>0x76</size>
         <input_file_ref idref="fl-4"/>
      </object_component>
      <object_component id="oc-22d">
         <name>.debug_line</name>
         <load_address>0x1665</load_address>
         <run_address>0x1665</run_address>
         <size>0xa2</size>
         <input_file_ref idref="fl-4"/>
      </object_component>
      <object_component id="oc-257">
         <name>.debug_line</name>
         <load_address>0x1707</load_address>
         <run_address>0x1707</run_address>
         <size>0x45</size>
         <input_file_ref idref="fl-4"/>
      </object_component>
      <object_component id="oc-196">
         <name>.debug_line</name>
         <load_address>0x174c</load_address>
         <run_address>0x174c</run_address>
         <size>0xa6</size>
         <input_file_ref idref="fl-4"/>
      </object_component>
      <object_component id="oc-2a2">
         <name>.debug_line</name>
         <load_address>0x17f2</load_address>
         <run_address>0x17f2</run_address>
         <size>0x20</size>
         <input_file_ref idref="fl-5"/>
      </object_component>
      <object_component id="oc-151">
         <name>.debug_line</name>
         <load_address>0x1812</load_address>
         <run_address>0x1812</run_address>
         <size>0xf0</size>
         <input_file_ref idref="fl-5"/>
      </object_component>
      <object_component id="oc-24c">
         <name>.debug_line</name>
         <load_address>0x1902</load_address>
         <run_address>0x1902</run_address>
         <size>0x22f</size>
         <input_file_ref idref="fl-6"/>
      </object_component>
      <object_component id="oc-af">
         <name>.debug_line</name>
         <load_address>0x1b31</load_address>
         <run_address>0x1b31</run_address>
         <size>0x773</size>
         <input_file_ref idref="fl-6"/>
      </object_component>
      <object_component id="oc-250">
         <name>.debug_line</name>
         <load_address>0x22a4</load_address>
         <run_address>0x22a4</run_address>
         <size>0x3e</size>
         <input_file_ref idref="fl-6"/>
      </object_component>
      <object_component id="oc-18a">
         <name>.debug_line</name>
         <load_address>0x22e2</load_address>
         <run_address>0x22e2</run_address>
         <size>0x9f</size>
         <input_file_ref idref="fl-6"/>
      </object_component>
      <object_component id="oc-223">
         <name>.debug_line</name>
         <load_address>0x2381</load_address>
         <run_address>0x2381</run_address>
         <size>0x7f</size>
         <input_file_ref idref="fl-6"/>
      </object_component>
      <object_component id="oc-21f">
         <name>.debug_line</name>
         <load_address>0x2400</load_address>
         <run_address>0x2400</run_address>
         <size>0x367</size>
         <input_file_ref idref="fl-7"/>
      </object_component>
      <object_component id="oc-13e">
         <name>.debug_line</name>
         <load_address>0x2767</load_address>
         <run_address>0x2767</run_address>
         <size>0x3e</size>
         <input_file_ref idref="fl-7"/>
      </object_component>
      <object_component id="oc-240">
         <name>.debug_line</name>
         <load_address>0x27a5</load_address>
         <run_address>0x27a5</run_address>
         <size>0x3e</size>
         <input_file_ref idref="fl-7"/>
      </object_component>
      <object_component id="oc-248">
         <name>.debug_line</name>
         <load_address>0x27e3</load_address>
         <run_address>0x27e3</run_address>
         <size>0x3e</size>
         <input_file_ref idref="fl-7"/>
      </object_component>
      <object_component id="oc-24a">
         <name>.debug_line</name>
         <load_address>0x2821</load_address>
         <run_address>0x2821</run_address>
         <size>0x3e</size>
         <input_file_ref idref="fl-7"/>
      </object_component>
      <object_component id="oc-246">
         <name>.debug_line</name>
         <load_address>0x285f</load_address>
         <run_address>0x285f</run_address>
         <size>0x3e</size>
         <input_file_ref idref="fl-7"/>
      </object_component>
      <object_component id="oc-244">
         <name>.debug_line</name>
         <load_address>0x289d</load_address>
         <run_address>0x289d</run_address>
         <size>0x3e</size>
         <input_file_ref idref="fl-7"/>
      </object_component>
      <object_component id="oc-242">
         <name>.debug_line</name>
         <load_address>0x28db</load_address>
         <run_address>0x28db</run_address>
         <size>0x3e</size>
         <input_file_ref idref="fl-7"/>
      </object_component>
      <object_component id="oc-8c">
         <name>.debug_line</name>
         <load_address>0x2919</load_address>
         <run_address>0x2919</run_address>
         <size>0xa79</size>
         <input_file_ref idref="fl-7"/>
      </object_component>
      <object_component id="oc-143">
         <name>.debug_line</name>
         <load_address>0x3392</load_address>
         <run_address>0x3392</run_address>
         <size>0x9e</size>
         <input_file_ref idref="fl-7"/>
      </object_component>
      <object_component id="oc-228">
         <name>.debug_line</name>
         <load_address>0x3430</load_address>
         <run_address>0x3430</run_address>
         <size>0x3e</size>
         <input_file_ref idref="fl-7"/>
      </object_component>
      <object_component id="oc-26f">
         <name>.debug_line</name>
         <load_address>0x346e</load_address>
         <run_address>0x346e</run_address>
         <size>0x2ae</size>
         <input_file_ref idref="fl-8"/>
      </object_component>
      <object_component id="oc-26b">
         <name>.debug_line</name>
         <load_address>0x371c</load_address>
         <run_address>0x371c</run_address>
         <size>0x3f</size>
         <input_file_ref idref="fl-8"/>
      </object_component>
      <object_component id="oc-26d">
         <name>.debug_line</name>
         <load_address>0x375b</load_address>
         <run_address>0x375b</run_address>
         <size>0x3f</size>
         <input_file_ref idref="fl-8"/>
      </object_component>
      <object_component id="oc-269">
         <name>.debug_line</name>
         <load_address>0x379a</load_address>
         <run_address>0x379a</run_address>
         <size>0x3f</size>
         <input_file_ref idref="fl-8"/>
      </object_component>
      <object_component id="oc-267">
         <name>.debug_line</name>
         <load_address>0x37d9</load_address>
         <run_address>0x37d9</run_address>
         <size>0x3f</size>
         <input_file_ref idref="fl-8"/>
      </object_component>
      <object_component id="oc-e4">
         <name>.debug_line</name>
         <load_address>0x3818</load_address>
         <run_address>0x3818</run_address>
         <size>0x4d8</size>
         <input_file_ref idref="fl-8"/>
      </object_component>
      <object_component id="oc-1c9">
         <name>.debug_line</name>
         <load_address>0x3cf0</load_address>
         <run_address>0x3cf0</run_address>
         <size>0x3f</size>
         <input_file_ref idref="fl-8"/>
      </object_component>
      <object_component id="oc-1c3">
         <name>.debug_line</name>
         <load_address>0x3d2f</load_address>
         <run_address>0x3d2f</run_address>
         <size>0xa0</size>
         <input_file_ref idref="fl-8"/>
      </object_component>
      <object_component id="oc-16b">
         <name>.debug_line</name>
         <load_address>0x3dcf</load_address>
         <run_address>0x3dcf</run_address>
         <size>0xd1</size>
         <input_file_ref idref="fl-9"/>
      </object_component>
      <object_component id="oc-146">
         <name>.debug_line</name>
         <load_address>0x3ea0</load_address>
         <run_address>0x3ea0</run_address>
         <size>0x53</size>
         <input_file_ref idref="fl-9"/>
      </object_component>
      <object_component id="oc-169">
         <name>.debug_line</name>
         <load_address>0x3ef3</load_address>
         <run_address>0x3ef3</run_address>
         <size>0x53</size>
         <input_file_ref idref="fl-9"/>
      </object_component>
      <object_component id="oc-33">
         <name>.debug_line</name>
         <load_address>0x3f46</load_address>
         <run_address>0x3f46</run_address>
         <size>0x192</size>
         <input_file_ref idref="fl-9"/>
      </object_component>
      <object_component id="oc-31">
         <name>.debug_line</name>
         <load_address>0x40d8</load_address>
         <run_address>0x40d8</run_address>
         <size>0xe8</size>
         <input_file_ref idref="fl-a"/>
      </object_component>
      <object_component id="oc-2a0">
         <name>.debug_line</name>
         <load_address>0x41c0</load_address>
         <run_address>0x41c0</run_address>
         <size>0xf4</size>
         <input_file_ref idref="fl-b"/>
      </object_component>
      <object_component id="oc-29e">
         <name>.debug_line</name>
         <load_address>0x42b4</load_address>
         <run_address>0x42b4</run_address>
         <size>0x50</size>
         <input_file_ref idref="fl-b"/>
      </object_component>
      <object_component id="oc-295">
         <name>.debug_line</name>
         <load_address>0x4304</load_address>
         <run_address>0x4304</run_address>
         <size>0x50</size>
         <input_file_ref idref="fl-b"/>
      </object_component>
      <object_component id="oc-29c">
         <name>.debug_line</name>
         <load_address>0x4354</load_address>
         <run_address>0x4354</run_address>
         <size>0x50</size>
         <input_file_ref idref="fl-b"/>
      </object_component>
      <object_component id="oc-293">
         <name>.debug_line</name>
         <load_address>0x43a4</load_address>
         <run_address>0x43a4</run_address>
         <size>0x50</size>
         <input_file_ref idref="fl-b"/>
      </object_component>
      <object_component id="oc-14b">
         <name>.debug_line</name>
         <load_address>0x43f4</load_address>
         <run_address>0x43f4</run_address>
         <size>0x15a</size>
         <input_file_ref idref="fl-b"/>
      </object_component>
      <object_component id="oc-299">
         <name>.debug_line</name>
         <load_address>0x454e</load_address>
         <run_address>0x454e</run_address>
         <size>0x50</size>
         <input_file_ref idref="fl-b"/>
      </object_component>
      <object_component id="oc-271">
         <name>.debug_line</name>
         <load_address>0x459e</load_address>
         <run_address>0x459e</run_address>
         <size>0x20</size>
         <input_file_ref idref="fl-c"/>
      </object_component>
      <object_component id="oc-1ce">
         <name>.debug_line</name>
         <load_address>0x45be</load_address>
         <run_address>0x45be</run_address>
         <size>0x35</size>
         <input_file_ref idref="fl-c"/>
      </object_component>
      <object_component id="oc-42">
         <name>.debug_line</name>
         <load_address>0x45f3</load_address>
         <run_address>0x45f3</run_address>
         <size>0x124</size>
         <input_file_ref idref="fl-c"/>
      </object_component>
      <object_component id="oc-b8">
         <name>.debug_line</name>
         <load_address>0x4717</load_address>
         <run_address>0x4717</run_address>
         <size>0x20c</size>
         <input_file_ref idref="fl-d"/>
      </object_component>
      <object_component id="oc-c7">
         <name>.debug_line</name>
         <load_address>0x4923</load_address>
         <run_address>0x4923</run_address>
         <size>0x69</size>
         <input_file_ref idref="fl-e"/>
      </object_component>
      <object_component id="oc-265">
         <name>.debug_line</name>
         <load_address>0x498c</load_address>
         <run_address>0x498c</run_address>
         <size>0x20</size>
         <input_file_ref idref="fl-f"/>
      </object_component>
      <object_component id="oc-c1">
         <name>.debug_line</name>
         <load_address>0x49ac</load_address>
         <run_address>0x49ac</run_address>
         <size>0x11e</size>
         <input_file_ref idref="fl-f"/>
      </object_component>
      <object_component id="oc-aa">
         <name>.debug_line</name>
         <load_address>0x4aca</load_address>
         <run_address>0x4aca</run_address>
         <size>0x43</size>
         <input_file_ref idref="fl-c9"/>
      </object_component>
      <object_component id="oc-53">
         <name>.debug_line</name>
         <load_address>0x4b0d</load_address>
         <run_address>0x4b0d</run_address>
         <size>0x88</size>
         <input_file_ref idref="fl-ca"/>
      </object_component>
      <object_component id="oc-129">
         <name>.debug_line</name>
         <load_address>0x4b95</load_address>
         <run_address>0x4b95</run_address>
         <size>0x79</size>
         <input_file_ref idref="fl-cb"/>
      </object_component>
      <object_component id="oc-19c">
         <name>.debug_line</name>
         <load_address>0x4c0e</load_address>
         <run_address>0x4c0e</run_address>
         <size>0x68</size>
         <input_file_ref idref="fl-cc"/>
      </object_component>
      <object_component id="oc-262">
         <name>.debug_line</name>
         <load_address>0x4c76</load_address>
         <run_address>0x4c76</run_address>
         <size>0x81</size>
         <input_file_ref idref="fl-cd"/>
      </object_component>
      <object_component id="oc-1dd">
         <name>.debug_line</name>
         <load_address>0x4cf7</load_address>
         <run_address>0x4cf7</run_address>
         <size>0x92</size>
         <input_file_ref idref="fl-ce"/>
      </object_component>
      <object_component id="oc-66">
         <name>.debug_line</name>
         <load_address>0x4d89</load_address>
         <run_address>0x4d89</run_address>
         <size>0x53</size>
         <input_file_ref idref="fl-ce"/>
      </object_component>
      <object_component id="oc-122">
         <name>.debug_line</name>
         <load_address>0x4ddc</load_address>
         <run_address>0x4ddc</run_address>
         <size>0x34</size>
         <input_file_ref idref="fl-ce"/>
      </object_component>
      <object_component id="oc-1da">
         <name>.debug_line</name>
         <load_address>0x4e10</load_address>
         <run_address>0x4e10</run_address>
         <size>0x92</size>
         <input_file_ref idref="fl-ce"/>
      </object_component>
      <object_component id="oc-11d">
         <name>.debug_line</name>
         <load_address>0x4ea2</load_address>
         <run_address>0x4ea2</run_address>
         <size>0x20</size>
         <input_file_ref idref="fl-cf"/>
      </object_component>
      <object_component id="oc-1f">
         <name>.debug_line</name>
         <load_address>0x4ec2</load_address>
         <run_address>0x4ec2</run_address>
         <size>0x55</size>
         <input_file_ref idref="fl-cf"/>
      </object_component>
      <object_component id="oc-5b">
         <name>.debug_line</name>
         <load_address>0x4f17</load_address>
         <run_address>0x4f17</run_address>
         <size>0x3a</size>
         <input_file_ref idref="fl-cf"/>
      </object_component>
      <object_component id="oc-11a">
         <name>.debug_line</name>
         <load_address>0x4f51</load_address>
         <run_address>0x4f51</run_address>
         <size>0x92</size>
         <input_file_ref idref="fl-cf"/>
      </object_component>
      <object_component id="oc-1d6">
         <name>.debug_line</name>
         <load_address>0x4fe3</load_address>
         <run_address>0x4fe3</run_address>
         <size>0x20</size>
         <input_file_ref idref="fl-d0"/>
      </object_component>
      <object_component id="oc-17">
         <name>.debug_line</name>
         <load_address>0x5003</load_address>
         <run_address>0x5003</run_address>
         <size>0xa9</size>
[...]
         <name>xTaskDelayUntil</name>
         <value>0x4bf</value>
         <object_component_ref idref="oc-8b"/>
      </symbol>
      <symbol id="sm-584">
         <name>vTaskEndScheduler</name>
         <value>0x685</value>
         <object_component_ref idref="oc-8b"/>
      </symbol>
      <symbol id="sm-585">
         <name>vTaskMissedYield</name>
         <value>0x11b9</value>
         <object_component_ref idref="oc-8b"/>
      </symbol>
      <symbol id="sm-586">
         <name>uxTaskGetNumberOfTasks</name>
         <value>0x891</value>
         <object_component_ref idref="oc-8b"/>
      </symbol>
      <symbol id="sm-587">
         <name>xTaskCatchUpTicks</name>
         <value>0x8e1</value>
         <object_component_ref idref="oc-8b"/>
      </symbol>
      <symbol id="sm-588">
         <name>xTaskGenericNotifyFromISR</name>
         <value>0x19ff</value>
         <object_component_ref idref="oc-8b"/>
      </symbol>
      <symbol id="sm-589">
         <name>xTaskResumeAll</name>
         <value>0x6c9</value>
         <object_component_ref idref="oc-8b"/>
      </symbol>
      <symbol id="sm-58a">
         <name>vTaskSetApplicationTaskTag</name>
         <value>0xb29</value>
         <object_component_ref idref="oc-8b"/>
      </symbol>
      <symbol id="sm-58b">
         <name>xTaskGetTickCount</name>
         <value>0x86d</value>
         <object_component_ref idref="oc-8b"/>
      </symbol>
      <symbol id="sm-58c">
         <name>ulTaskGenericNotifyTake</name>
         <value>0x1675</value>
         <object_component_ref idref="oc-8b"/>
      </symbol>
      <symbol id="sm-58d">
         <name>xTaskGetApplicationTaskTag</name>
         <value>0xb4f</value>
         <object_component_ref idref="oc-8b"/>
      </symbol>
      <symbol id="sm-58e">
         <name>xTaskCallApplicationTaskHook</name>
         <value>0xbb3</value>
         <object_component_ref idref="oc-8b"/>
      </symbol>
      <symbol id="sm-58f">
         <name>ulTaskGenericNotifyValueClear</name>
         <value>0x1e6d</value>
         <object_component_ref idref="oc-8b"/>
      </symbol>
      <symbol id="sm-590">
         <name>xTaskGenericNotifyWait</name>
         <value>0x1731</value>
         <object_component_ref idref="oc-8b"/>
      </symbol>
      <symbol id="sm-591">
         <name>pxCurrentTCB</name>
         <value>0x20001418</value>
         <object_component_ref idref="oc-85"/>
      </symbol>
      <symbol id="sm-592">
         <name>xTaskGetTickCountFromISR</name>
         <value>0x87d</value>
         <object_component_ref idref="oc-8b"/>
      </symbol>
      <symbol id="sm-593">
         <name>uxTopUsedPriority</name>
         <value>0x5e44</value>
         <object_component_ref idref="oc-157"/>
      </symbol>
      <symbol id="sm-594">
         <name>vTaskPlaceOnEventListRestricted</name>
         <value>0xd9d</value>
         <object_component_ref idref="oc-8b"/>
      </symbol>
      <symbol id="sm-595">
         <name>vTaskSetTimeOutState</name>
         <value>0x10c3</value>
         <object_component_ref idref="oc-8b"/>
      </symbol>
      <symbol id="sm-596">
         <name>xTaskIncrementTick</name>
         <value>0x94d</value>
         <object_component_ref idref="oc-8b"/>
      </symbol>
      <symbol id="sm-597">
         <name>vTaskSwitchContext</name>
         <value>0xbfd</value>
         <object_component_ref idref="oc-8b"/>
      </symbol>
      <symbol id="sm-598">
         <name>uxTaskResetEventItemValue</name>
         <value>0x1637</value>
         <object_component_ref idref="oc-8b"/>
      </symbol>
      <symbol id="sm-599">
         <name>xTaskGetSchedulerState</name>
         <value>0x1279</value>
         <object_component_ref idref="oc-8b"/>
      </symbol>
      <symbol id="sm-59a">
         <name>xTaskGetCurrentTaskHandle</name>
         <value>0x1269</value>
         <object_component_ref idref="oc-8b"/>
      </symbol>
      <symbol id="sm-59b">
         <name>vTaskPlaceOnUnorderedEventList</name>
         <value>0xcfd</value>
         <object_component_ref idref="oc-8b"/>
      </symbol>
      <symbol id="sm-59c">
         <name>xTaskRemoveFromEventList</name>
         <value>0xe1d</value>
         <object_component_ref idref="oc-8b"/>
      </symbol>
      <symbol id="sm-59d">
         <name>xTaskPriorityInherit</name>
         <value>0x12a9</value>
         <object_component_ref idref="oc-8b"/>
      </symbol>
      <symbol id="sm-664">
         <name>xTimerGetTimerDaemonTaskHandle</name>
         <value>0x41dd</value>
         <object_component_ref idref="oc-df"/>
      </symbol>
      <symbol id="sm-665">
         <name>pcTimerGetName</name>
         <value>0x42e5</value>
         <object_component_ref idref="oc-df"/>
      </symbol>
      <symbol id="sm-666">
         <name>xTimerCreateTimerTask</name>
         <value>0x4081</value>
         <object_component_ref idref="oc-df"/>
      </symbol>
      <symbol id="sm-667">
         <name>xTimerGetExpiryTime</name>
         <value>0x42b7</value>
         <object_component_ref idref="oc-df"/>
      </symbol>
      <symbol id="sm-668">
         <name>xTimerIsTimerActive</name>
         <value>0x470d</value>
         <object_component_ref idref="oc-df"/>
      </symbol>
      <symbol id="sm-669">
         <name>xTimerGetPeriod</name>
         <value>0x41ff</value>
         <object_component_ref idref="oc-df"/>
      </symbol>
      <symbol id="sm-66a">
         <name>xTimerGetReloadMode</name>
         <value>0x426f</value>
         <object_component_ref idref="oc-df"/>
      </symbol>
      <symbol id="sm-66b">
         <name>xTimerCreate</name>
         <value>0x40bf</value>
         <object_component_ref idref="oc-df"/>
      </symbol>
      <symbol id="sm-66c">
         <name>vTimerSetReloadMode</name>
         <value>0x4225</value>
         <object_component_ref idref="oc-df"/>
      </symbol>
      <symbol id="sm-66d">
         <name>xTimerGenericCommand</name>
         <value>0x415d</value>
         <object_component_ref idref="oc-df"/>
      </symbol>
      <symbol id="sm-66e">
         <name>uxTimerGetReloadMode</name>
         <value>0x42ab</value>
         <object_component_ref idref="oc-df"/>
      </symbol>
      <symbol id="sm-66f">
         <name>pvTimerGetTimerID</name>
         <value>0x4749</value>
         <object_component_ref idref="oc-df"/>
      </symbol>
      <symbol id="sm-670">
         <name>xTimerPendFunctionCallFromISR</name>
         <value>0x47a5</value>
         <object_component_ref idref="oc-df"/>
      </symbol>
      <symbol id="sm-671">
         <name>xTimerPendFunctionCall</name>
         <value>0x47db</value>
         <object_component_ref idref="oc-df"/>
      </symbol>
      <symbol id="sm-672">
         <name>vTimerSetTimerID</name>
         <value>0x4777</value>
         <object_component_ref idref="oc-df"/>
      </symbol>
      <symbol id="sm-6c3">
         <name>ulMaxSyscallInterruptPriority</name>
         <value>0x5e3c</value>
         <object_component_ref idref="oc-88"/>
      </symbol>
      <symbol id="sm-6c4">
         <name>vPortSetupTimerInterrupt</name>
         <value>0x4f39</value>
         <object_component_ref idref="oc-32"/>
      </symbol>
      <symbol id="sm-6c5">
         <name>vPortEndScheduler</name>
         <value>0x4e81</value>
         <object_component_ref idref="oc-32"/>
      </symbol>
      <symbol id="sm-6c6">
         <name>xPortSysTickHandler</name>
         <value>0x4f13</value>
         <object_component_ref idref="oc-32"/>
      </symbol>
      <symbol id="sm-6c7">
         <name>vPortValidateInterruptPriority</name>
         <value>0x4f53</value>
         <object_component_ref idref="oc-32"/>
      </symbol>
      <symbol id="sm-6c8">
         <name>pxPortInitialiseStack</name>
         <value>0x4d3d</value>
         <object_component_ref idref="oc-32"/>
      </symbol>
      <symbol id="sm-6c9">
         <name>vPortExitCritical</name>
         <value>0x4ee7</value>
         <object_component_ref idref="oc-32"/>
      </symbol>
      <symbol id="sm-6ca">
         <name>xPortStartScheduler</name>
         <value>0x4dc9</value>
         <object_component_ref idref="oc-32"/>
      </symbol>
      <symbol id="sm-6cb">
         <name>vPortEnterCritical</name>
         <value>0x4ea5</value>
         <object_component_ref idref="oc-32"/>
      </symbol>
      <symbol id="sm-6da">
         <name>vPortStartFirstTask</name>
         <value>0x5a75</value>
         <object_component_ref idref="oc-2d"/>
      </symbol>
      <symbol id="sm-6db">
         <name>ulPortGetIPSR</name>
         <value>0x59dd</value>
         <object_component_ref idref="oc-2d"/>
      </symbol>
      <symbol id="sm-6dc">
         <name>vPortEnableVFP</name>
         <value>0x5a99</value>
         <object_component_ref idref="oc-2d"/>
      </symbol>
      <symbol id="sm-6dd">
         <name>xPortPendSVHandler</name>
         <value>0x59f5</value>
         <object_component_ref idref="oc-2d"/>
      </symbol>
      <symbol id="sm-6de">
         <name>vPortSVCHandler</name>
         <value>0x5a55</value>
         <object_component_ref idref="oc-2d"/>
      </symbol>
      <symbol id="sm-736">
         <name>vPortInitialiseBlocks</name>
         <value>0x547f</value>
         <object_component_ref idref="oc-147"/>
      </symbol>
      <symbol id="sm-737">
         <name>xPortGetFreeHeapSize</name>
         <value>0x5479</value>
         <object_component_ref idref="oc-147"/>
      </symbol>
      <symbol id="sm-738">
         <name>pvPortCalloc</name>
         <value>0x5481</value>
         <object_component_ref idref="oc-147"/>
      </symbol>
      <symbol id="sm-739">
         <name>pvPortMalloc</name>
         <value>0x5295</value>
         <object_component_ref idref="oc-147"/>
      </symbol>
      <symbol id="sm-73a">
         <name>vPortFree</name>
         <value>0x53bb</value>
         <object_component_ref idref="oc-147"/>
      </symbol>
      <symbol id="sm-771">
         <name>sampleSequencerConfiguration</name>
         <value>0x5759</value>
         <object_component_ref idref="oc-3e"/>
      </symbol>
      <symbol id="sm-772">
         <name>ADC1SS3_handler</name>
         <value>0x5705</value>
         <object_component_ref idref="oc-3e"/>
      </symbol>
      <symbol id="sm-773">
         <name>ADC_INIT</name>
         <value>0x56e9</value>
         <object_component_ref idref="oc-3e"/>
      </symbol>
      <symbol id="sm-774">
         <name>ADC0_readChannel</name>
         <value>0x57c3</value>
         <object_component_ref idref="oc-3e"/>
      </symbol>
      <symbol id="sm-775">
         <name>ADCModuleInitialization</name>
         <value>0x5715</value>
         <object_component_ref idref="oc-3e"/>
      </symbol>
      <symbol id="sm-776">
         <name>ADC0SS3_handler</name>
         <value>0x56f5</value>
         <object_component_ref idref="oc-3e"/>
      </symbol>
      <symbol id="sm-777">
         <name>PLL_Init</name>
         <value>0x57cf</value>
         <object_component_ref idref="oc-3e"/>
      </symbol>
      <symbol id="sm-778">
         <name>ADC1_readChannel</name>
         <value>0x57c9</value>
         <object_component_ref idref="oc-3e"/>
      </symbol>
      <symbol id="sm-7b3">
         <name>GPIO_ExtraExternalButtonInit</name>
         <value>0x5065</value>
         <object_component_ref idref="oc-b7"/>
      </symbol>
      <symbol id="sm-7b4">
         <name>GPIO_SW1GetState</name>
         <value>0x5121</value>
         <object_component_ref idref="oc-b7"/>
      </symbol>
      <symbol id="sm-7b5">
         <name>GPIO_GreenLedOn</name>
         <value>0x50cd</value>
         <object_component_ref idref="oc-b7"/>
      </symbol>
      <symbol id="sm-7b6">
         <name>GPIO_BlueLedToggle</name>
         <value>0x5109</value>
         <object_component_ref idref="oc-b7"/>
      </symbol>
      <symbol id="sm-7b7">
         <name>GPIO_SW2GetState</name>
         <value>0x512b</value>
         <object_component_ref idref="oc-b7"/>
      </symbol>
      <symbol id="sm-7b8">
         <name>GPIO_SW2EdgeTriggeredInterruptInit</name>
         <value>0x5183</value>
         <object_component_ref idref="oc-b7"/>
      </symbol>
      <symbol id="sm-7b9">
         <name>GPIO_BuiltinButtonsLedsInit</name>
         <value>0x4ff1</value>
         <object_component_ref idref="oc-b7"/>
      </symbol>
      <symbol id="sm-7ba">
         <name>GPIO_RedLedToggle</name>
         <value>0x50fd</value>
         <object_component_ref idref="oc-b7"/>
      </symbol>
      <symbol id="sm-7bb">
         <name>GPIO_ExtraExternalButtonTriggeredInterruptInit</name>
         <value>0x51d1</value>
         <object_component_ref idref="oc-b7"/>
      </symbol>
      <symbol id="sm-7bc">
         <name>GPIO_BlueLedOff</name>
         <value>0x50e5</value>
         <object_component_ref idref="oc-b7"/>
      </symbol>
      <symbol id="sm-7bd">
         <name>GPIO_SW1EdgeTriggeredInterruptInit</name>
         <value>0x5135</value>
         <object_component_ref idref="oc-b7"/>
      </symbol>
      <symbol id="sm-7be">
         <name>GPIO_GreenLedOff</name>
         <value>0x50f1</value>
         <object_component_ref idref="oc-b7"/>
      </symbol>
      <symbol id="sm-7bf">
         <name>GPIO_GreenLedToggle</name>
         <value>0x5115</value>
         <object_component_ref idref="oc-b7"/>
      </symbol>
      <symbol id="sm-7c0">
         <name>GPIO_RedLedOff</name>
         <value>0x50d9</value>
         <object_component_ref idref="oc-b7"/>
      </symbol>
      <symbol id="sm-7c1">
         <name>GPIO_BlueLedOn</name>
         <value>0x50c1</value>
         <object_component_ref idref="oc-b7"/>
      </symbol>
      <symbol id="sm-7c2">
         <name>GPIO_RedLedOn</name>
         <value>0x50b5</value>
         <object_component_ref idref="oc-b7"/>
      </symbol>
      <symbol id="sm-7d4">
         <name>GPTM_WTimer0Init</name>
         <value>0x5d29</value>
         <object_component_ref idref="oc-c3"/>
      </symbol>
      <symbol id="sm-7d5">
         <name>GPTM_WTimer0Read</name>
         <value>0x5d59</value>
         <object_component_ref idref="oc-c3"/>
      </symbol>
      <symbol id="sm-803">
         <name>UART0_SendInteger</name>
         <value>0x5609</value>
         <object_component_ref idref="oc-bd"/>
      </symbol>
      <symbol id="sm-804">
         <name>UART0_ReceiveByte</name>
         <value>0x55d3</value>
         <object_component_ref idref="oc-bd"/>
      </symbol>
      <symbol id="sm-805">
         <name>UART0_SendByte</name>
         <value>0x55b7</value>
         <object_component_ref idref="oc-bd"/>
      </symbol>
      <symbol id="sm-806">
         <name>UART0_Init</name>
         <value>0x5577</value>
         <object_component_ref idref="oc-bd"/>
      </symbol>
      <symbol id="sm-807">
         <name>UART0_SendString</name>
         <value>0x55e3</value>
         <object_component_ref idref="oc-bd"/>
      </symbol>
      <symbol id="sm-810">
         <name>__aeabi_lmul</name>
         <value>0x5df5</value>
         <object_component_ref idref="oc-a6"/>
      </symbol>
      <symbol id="sm-82b">
         <name>memcpy</name>
         <value>0x5aa7</value>
         <object_component_ref idref="oc-52"/>
      </symbol>
      <symbol id="sm-82c">
         <name>__aeabi_memcpy</name>
         <value>0x5aa7</value>
         <object_component_ref idref="oc-52"/>
      </symbol>
      <symbol id="sm-82d">
         <name>__aeabi_memcpy8</name>
         <value>0x5aa7</value>
         <object_component_ref idref="oc-52"/>
      </symbol>
      <symbol id="sm-82e">
         <name>__aeabi_memcpy4</name>
         <value>0x5aa7</value>
         <object_component_ref idref="oc-52"/>
      </symbol>
      <symbol id="sm-83d">
         <name>__aeabi_memset</name>
         <value>0x5bdb</value>
         <object_component_ref idref="oc-125"/>
      </symbol>
      <symbol id="sm-83e">
         <name>memset</name>
         <value>0x5be1</value>
         <object_component_ref idref="oc-125"/>
      </symbol>
      <symbol id="sm-83f">
         <name>__aeabi_memset8</name>
         <value>0x5bdb</value>
         <object_component_ref idref="oc-125"/>
      </symbol>
      <symbol id="sm-840">
         <name>__aeabi_memset4</name>
         <value>0x5bdb</value>
         <object_component_ref idref="oc-125"/>
      </symbol>
      <symbol id="sm-841">
         <name>__aeabi_memclr8</name>
         <value>0x5bd9</value>
         <object_component_ref idref="oc-125"/>
      </symbol>
      <symbol id="sm-842">
         <name>__aeabi_memclr4</name>
         <value>0x5bd9</value>
         <object_component_ref idref="oc-125"/>
      </symbol>
      <symbol id="sm-843">
         <name>__aeabi_memclr</name>
         <value>0x5bd9</value>
         <object_component_ref idref="oc-125"/>
      </symbol>
      <symbol id="sm-851">
         <name>__aeabi_ldivmod</name>
         <value>0x5c53</value>
         <object_component_ref idref="oc-19a"/>
      </symbol>
      <symbol id="sm-85e">
         <name>__aeabi_uldivmod</name>
         <value>0x5b43</value>
         <object_component_ref idref="oc-25e"/>
      </symbol>
      <symbol id="sm-875">
         <name>__TI_zero_init</name>
         <value>0x5e1b</value>
         <object_component_ref idref="oc-64"/>
      </symbol>
      <symbol id="sm-88c">
         <name>__TI_decompress_none</name>
         <value>0x5e0d</value>
         <object_component_ref idref="oc-1b"/>
      </symbol>
      <symbol id="sm-8af">
         <name>__TI_decompress_lzss</name>
         <value>0x5cc1</value>
         <object_component_ref idref="oc-15"/>
      </symbol>
      <symbol id="sm-8c2">
         <name>__stack</name>
         <value>0x20001218</value>
         <object_component_ref idref="oc-24"/>
      </symbol>
      <symbol id="sm-8c3">
         <name>_c_int00_noargs</name>
         <value>0x5dc1</value>
         <object_component_ref idref="oc-70"/>
      </symbol>
      <symbol id="sm-8cd">
         <name>__aeabi_idiv0</name>
         <value>0x407f</value>
         <object_component_ref idref="oc-259"/>
      </symbol>
      <symbol id="sm-8ce">
         <name>__aeabi_ldiv0</name>
         <value>0x407f</value>
         <object_component_ref idref="oc-259"/>
      </symbol>
      <symbol id="sm-8f6">
         <name>__TI_auto_init_nobinit_nopinit</name>
         <value>0x5d7d</value>
         <object_component_ref idref="oc-1ec"/>
      </symbol>
      <symbol id="sm-900">
         <name>_system_pre_init</name>
         <value>0x5e33</value>
         <object_component_ref idref="oc-12b"/>
      </symbol>
      <symbol id="sm-90c">
         <name>C$$EXIT</name>
         <value>0x5e37</value>
         <object_component_ref idref="oc-1e0"/>
      </symbol>
      <symbol id="sm-90d">
         <name>abort</name>
         <value>0x5e37</value>
         <object_component_ref idref="oc-1e0"/>
      </symbol>
      <symbol id="sm-910">
         <name>__TI_static_base__</name>
         <value>0x0</value>
      </symbol>
      <symbol id="sm-913">
         <name>__mpu_init</name>
         <value>0x0</value>
      </symbol>
      <symbol id="sm-914">
         <name>_system_post_cinit</name>
         <value>0x0</value>
      </symbol>
   </symbol_table>
   <title>Link successful</title>
</link_info>
