******************************************************************************
                  TI ARM Linker PC v20.2.7                     
******************************************************************************
>> Linked Sat Apr 13 10:34:20 2024

OUTPUT FILE NAME:   <FreeRTOS_Project.out>
ENTRY POINT SYMBOL: "_c_int00_noargs"  address: 00005dc1


MEMORY CONFIGURATION

         name            origin    length      used     unused   attr    fill
----------------------  --------  ---------  --------  --------  ----  --------
  FLASH                 00000000   00040000  00005e86  0003a17a  R  X
  SRAM                  20000000   00008000  00001472  00006b8e  RW X


SEGMENT ALLOCATION MAP

run origin  load origin   length   init length attrs members
----------  ----------- ---------- ----------- ----- -------
00000000    00000000    00005e88   00005e88    r-x
  00000000    00000000    0000026c   0000026c    r-- .intvecs
  0000026c    0000026c    00005bce   00005bce    r-x .text
  00005e3c    00005e3c    0000000c   0000000c    r-- .const
  00005e48    00005e48    00000040   00000040    r-- .cinit
20000000    20000000    00001472   00000000    rw-
  20000000    20000000    00001218   00000000    rw- .bss
  20001218    20001218    00000200   00000000    rw- .stack
  20001418    20001418    0000005a   00000000    rw- .data


SECTION ALLOCATION MAP

 output                                  attributes/
section   page    origin      length       input sections
--------  ----  ----------  ----------   ----------------
.intvecs   0    00000000    0000026c     
                  00000000    0000026c     tm4c123gh6pm_startup_ccs.obj (.intvecs)

.text      0    0000026c    00005bce     
                  0000026c    00001ce8     tasks.obj (.text)
                  00001f54    0000111c     main.obj (.text)
                  00003070    0000100e     queue.obj (.text)
                  0000407e    00000002     rtsv7M4_T_le_v4SPD16_eabi.lib : div0.asm.obj (.text)
                  00004080    000007bc     timers.obj (.text)
                  0000483c    000004fe     event_groups.obj (.text)
                  00004d3a    00000002     --HOLE-- [fill = 0]
                  00004d3c    000002b4     port.obj (.text)
                  00004ff0    000002a4     gpio.obj (.text)
                  00005294    0000028c     heap_2.obj (.text)
                  00005520    000001c8     uart0.obj (.text)
                  000056e8    000001b8     adc.obj (.text)
                  000058a0    0000012a     list.obj (.text)
                  000059ca    00000002     --HOLE-- [fill = 0]
                  000059cc    000000da     portasm.obj (.text)
                  00005aa6    0000009c     rtsv7M4_T_le_v4SPD16_eabi.lib : memcpy_t2.asm.obj (.text)
                  00005b42    00000096                                   : ull_div_t2.asm.obj (.text)
                  00005bd8    0000007a                                   : memset_t2.asm.obj (.text)
                  00005c52    0000006e                                   : ll_div_t2.asm.obj (.text)
                  00005cc0    00000068                                   : copy_decompress_lzss.c.obj (.text:decompress:lzss:__TI_decompress_lzss)
                  00005d28    00000054     GPTM.obj (.text)
                  00005d7c    00000044     rtsv7M4_T_le_v4SPD16_eabi.lib : autoinit.c.obj (.text:__TI_auto_init_nobinit_nopinit:__TI_auto_init_nobinit_nopinit)
                  00005dc0    00000034                                   : boot_cortex_m.c.obj (.text:_c_int00_noargs:_c_int00_noargs)
                  00005df4    00000018                                   : ll_mul_t2.asm.obj (.text)
                  00005e0c    0000000e                                   : copy_decompress_none.c.obj (.text:decompress:none:__TI_decompress_none)
                  00005e1a    0000000c                                   : copy_zero_init.c.obj (.text:decompress:ZI:__TI_zero_init)
                  00005e26    0000000c     tm4c123gh6pm_startup_ccs.obj (.text)
                  00005e32    00000004     rtsv7M4_T_le_v4SPD16_eabi.lib : pre_init.c.obj (.text:_system_pre_init)
                  00005e36    00000004                                   : exit.c.obj (.text:abort:abort)

.const     0    00005e3c    0000000c     
                  00005e3c    00000008     port.obj (.const)
                  00005e44    00000004     tasks.obj (.const)

.cinit     0    00005e48    00000040     
                  00005e48    00000017     (.cinit..data.load) [load image, compression = lzss]
                  00005e5f    00000001     --HOLE-- [fill = 0]
                  00005e60    0000000c     (__TI_handler_table)
                  00005e6c    00000004     --HOLE-- [fill = 0]
                  00005e70    00000008     (.cinit..bss.load) [load image, compression = zero_init]
                  00005e78    00000010     (__TI_cinit_table)

.init_array 
*          0    00000000    00000000     UNINITIALIZED

.bss       0    20000000    00001218     UNINITIALIZED
                  20000000    00001000     heap_2.obj (.bss:ucHeap)
                  20001000    00000064     tasks.obj (.bss:pxReadyTasksLists)
                  20001064    00000034     (.common:ullTasksExecutionTime)
                  20001098    00000034     (.common:ullTasksInTime)
                  200010cc    00000034     (.common:ullTasksOutTime)
                  20001100    00000014     timers.obj (.bss:xActiveTimerList1)
                  20001114    00000014     timers.obj (.bss:xActiveTimerList2)
                  20001128    00000014     tasks.obj (.bss:xDelayedTaskList1)
                  2000113c    00000014     tasks.obj (.bss:xDelayedTaskList2)
                  20001150    00000014     tasks.obj (.bss:xPendingReadyList)
                  20001164    00000008     tasks.obj (.bss)
                  2000116c    00000008     timers.obj (.bss)
                  20001174    00000008     heap_2.obj (.bss:xEnd)
                  2000117c    00000008     heap_2.obj (.bss:xStart)
                  20001184    00000004     (.common:Command_HC_D)
                  20001188    00000004     (.common:Command_HC_P)
                  2000118c    00000004     (.common:CurrentTargetD)
                  20001190    00000004     (.common:CurrentTargetDHeating_CoolingTaskLT)
                  20001194    00000004     (.common:CurrentTargetDMutex)
                  20001198    00000004     (.common:CurrentTargetDSupervisionTaskLT)
                  2000119c    00000004     (.common:CurrentTargetP)
                  200011a0    00000004     (.common:CurrentTargetPHeating_CoolingTaskLT)
                  200011a4    00000004     (.common:CurrentTargetPMutex)
                  200011a8    00000004     (.common:CurrentTargetPSupervisionTaskLT)
                  200011ac    00000004     (.common:Display_D)
                  200011b0    00000004     (.common:Display_P)
                  200011b4    00000004     (.common:SuprevisedTempD)
                  200011b8    00000004     (.common:SuprevisedTempDMutex)
                  200011bc    00000004     (.common:SuprevisedTempDReadingTaskLT)
                  200011c0    00000004     (.common:SuprevisedTempDSupervisionTaskLT)
                  200011c4    00000004     (.common:SuprevisedTempP)
                  200011c8    00000004     (.common:SuprevisedTempPMutex)
                  200011cc    00000004     (.common:SuprevisedTempPReadingTaskLT)
                  200011d0    00000004     (.common:SuprevisedTempPSupervisionTaskLT)
                  200011d4    00000004     (.common:UARTDisplayTaskDLT)
                  200011d8    00000004     (.common:UARTDisplayTaskPLT)
                  200011dc    00000004     (.common:UARTMutex)
                  200011e0    00000004     (.common:UARTOneTimeRunTimeMeasurementsTaskLT)
                  200011e4    00000004     (.common:UARTRunTimeMeasurementsTaskLT)
                  200011e8    00000004     (.common:eventTempSet)
                  200011ec    00000004     (.common:vDisplayTaskDHandle)
                  200011f0    00000004     (.common:vDisplayTaskPHandle)
                  200011f4    00000004     (.common:vHeating_CoolingTaskForDSeatHandle)
                  200011f8    00000004     (.common:vHeating_CoolingTaskForPSeatHandle)
                  200011fc    00000004     (.common:vRunTimeMeasurementsTaskHandle)
                  20001200    00000004     (.common:vSupervisorTaskDHandle)
                  20001204    00000004     (.common:vSupervisorTaskPHandle)
                  20001208    00000004     (.common:vTemperatureReadingTaskForDSeatHandle)
                  2000120c    00000004     (.common:vTemperatureReadingTaskForPSeatHandle)
                  20001210    00000004     (.common:vTemperatureSettingTaskForDSeatHandle)
                  20001214    00000004     (.common:vTemperatureSettingTaskForPSeatHandle)

.data      0    20001418    0000005a     UNINITIALIZED
                  20001418    00000030     tasks.obj (.data)
                  20001448    0000000c     port.obj (.data)
                  20001454    0000000c     timers.obj (.data)
                  20001460    00000008     adc.obj (.data)
                  20001468    00000008     heap_2.obj (.data)
                  20001470    00000002     main.obj (.data)

.stack     0    20001218    00000200     UNINITIALIZED
                  20001218    00000004     rtsv7M4_T_le_v4SPD16_eabi.lib : boot_cortex_m.c.obj (.stack)
                  2000121c    000001fc     --HOLE--

__llvm_prf_cnts 
*          0    20000000    00000000     UNINITIALIZED

MODULE SUMMARY

       Module                         code    ro data   rw data
       ------                         ----    -------   -------
    .\
       main.obj                       4380    0         306    
       tm4c123gh6pm_startup_ccs.obj   12      620       0      
    +--+------------------------------+-------+---------+---------+
       Total:                         4392    620       306    
                                                               
    .\FreeRTOS\Source\
       tasks.obj                      7400    4         216    
       queue.obj                      4110    0         0      
       timers.obj                     1980    0         60     
       event_groups.obj               1278    0         0      
       list.obj                       298     0         0      
    +--+------------------------------+-------+---------+---------+
       Total:                         15066   4         276    
                                                               
    .\FreeRTOS\Source\portable\CCS\ARM_CM4F\
       port.obj                       692     8         12     
       portasm.obj                    218     0         0      
    +--+------------------------------+-------+---------+---------+
       Total:                         910     8         12     
                                                               
    .\FreeRTOS\Source\portable\MemMang\
       heap_2.obj                     652     0         4120   
    +--+------------------------------+-------+---------+---------+
       Total:                         652     0         4120   
                                                               
    .\MCAL\ADC\
       adc.obj                        440     0         8      
    +--+------------------------------+-------+---------+---------+
       Total:                         440     0         8      
                                                               
    .\MCAL\GPIO\
       gpio.obj                       676     0         0      
    +--+------------------------------+-------+---------+---------+
       Total:                         676     0         0      
                                                               
    .\MCAL\GPTM\
       GPTM.obj                       84      0         0      
    +--+------------------------------+-------+---------+---------+
       Total:                         84      0         0      
                                                               
    .\MCAL\UART\
       uart0.obj                      456     0         0      
    +--+------------------------------+-------+---------+---------+
       Total:                         456     0         0      
                                                               
    C:\MYCOMPUTER\NEWEST CCS\ccs\tools\compiler\ti-cgt-arm_20.2.7.LTS\lib\rtsv7M4_T_le_v4SPD16_eabi.lib
       memcpy_t2.asm.obj              156     0         0      
       ull_div_t2.asm.obj             150     0         0      
       memset_t2.asm.obj              122     0         0      
       ll_div_t2.asm.obj              110     0         0      
       copy_decompress_lzss.c.obj     104     0         0      
       autoinit.c.obj                 68      0         0      
       boot_cortex_m.c.obj            52      0         0      
       ll_mul_t2.asm.obj              24      0         0      
       copy_decompress_none.c.obj     14      0         0      
       copy_zero_init.c.obj           12      0         0      
       exit.c.obj                     4       0         0      
       pre_init.c.obj                 4       0         0      
       div0.asm.obj                   2       0         0      
    +--+------------------------------+-------+---------+---------+
       Total:                         822     0         0      
                                                               
       Stack:                         0       0         512    
       Linker Generated:              0       59        0      
    +--+------------------------------+-------+---------+---------+
       Grand Total:                   23498   691       5234   


LINKER GENERATED COPY TABLES

__TI_cinit_table @ 00005e78 records: 2, size/record: 8, table size: 16
	.data: load addr=00005e48, load size=00000017 bytes, run addr=20001418, run size=0000005a bytes, compression=lzss
	.bss: load addr=00005e70, load size=00000008 bytes, run addr=20000000, run size=00001218 bytes, compression=zero_init


LINKER GENERATED HANDLER TABLE

__TI_handler_table @ 00005e60 records: 3, size/record: 4, table size: 12
	index: 0, handler: __TI_decompress_lzss
	index: 1, handler: __TI_decompress_none
	index: 2, handler: __TI_zero_init


GLOBAL SYMBOLS: SORTED ALPHABETICALLY BY Name 

address   name                                          
-------   ----                                          
000056f5  ADC0SS3_handler                               
000057c3  ADC0_readChannel                              
00005705  ADC1SS3_handler                               
000057c9  ADC1_readChannel                              
00005715  ADCModuleInitialization                       
000056e9  ADC_INIT                                      
00005e37  C$$EXIT                                       
20001184  Command_HC_D                                  
20001188  Command_HC_P                                  
2000118c  CurrentTargetD                                
20001190  CurrentTargetDHeating_CoolingTaskLT           
20001194  CurrentTargetDMutex                           
20001198  CurrentTargetDSupervisionTaskLT               
2000119c  CurrentTargetP                                
200011a0  CurrentTargetPHeating_CoolingTaskLT           
200011a4  CurrentTargetPMutex                           
200011a8  CurrentTargetPSupervisionTaskLT               
00001f55  Delay_MS                                      
200011ac  Display_D                                     
200011b0  Display_P                                     
20001470  Dstate                                        
000024eb  GPIOPortB_Handler                             
00002465  GPIOPortF_Handler                             
000050e5  GPIO_BlueLedOff                               
000050c1  GPIO_BlueLedOn                                
00005109  GPIO_BlueLedToggle                            
00004ff1  GPIO_BuiltinButtonsLedsInit                   
00005065  GPIO_ExtraExternalButtonInit                  
000051d1  GPIO_ExtraExternalButtonTriggeredInterruptInit
000050f1  GPIO_GreenLedOff                              
000050cd  GPIO_GreenLedOn                               
00005115  GPIO_GreenLedToggle                           
000050d9  GPIO_RedLedOff                                
000050b5  GPIO_RedLedOn                                 
000050fd  GPIO_RedLedToggle                             
00005135  GPIO_SW1EdgeTriggeredInterruptInit            
00005121  GPIO_SW1GetState                              
00005183  GPIO_SW2EdgeTriggeredInterruptInit            
0000512b  GPIO_SW2GetState                              
00005d29  GPTM_WTimer0Init                              
00005d59  GPTM_WTimer0Read                              
000057cf  PLL_Init                                      
20001471  Pstate                                        
00005e27  ResetISR                                      
200011b4  SuprevisedTempD                               
200011b8  SuprevisedTempDMutex                          
200011bc  SuprevisedTempDReadingTaskLT                  
200011c0  SuprevisedTempDSupervisionTaskLT              
200011c4  SuprevisedTempP                               
200011c8  SuprevisedTempPMutex                          
200011cc  SuprevisedTempPReadingTaskLT                  
200011d0  SuprevisedTempPSupervisionTaskLT              
00005577  UART0_Init                                    
000055d3  UART0_ReceiveByte                             
000055b7  UART0_SendByte                                
00005609  UART0_SendInteger                             
000055e3  UART0_SendString                              
200011d4  UARTDisplayTaskDLT                            
200011d8  UARTDisplayTaskPLT                            
200011dc  UARTMutex                                     
200011e0  UARTOneTimeRunTimeMeasurementsTaskLT          
200011e4  UARTRunTimeMeasurementsTaskLT                 
20001418  __STACK_END                                   
00000200  __STACK_SIZE                                  
20001418  __STACK_TOP                                   
00005e78  __TI_CINIT_Base                               
00005e88  __TI_CINIT_Limit                              
00005e60  __TI_Handler_Table_Base                       
00005e6c  __TI_Handler_Table_Limit                      
00005d7d  __TI_auto_init_nobinit_nopinit                
00005cc1  __TI_decompress_lzss                          
00005e0d  __TI_decompress_none                          
ffffffff  __TI_pprof_out_hndl                           
ffffffff  __TI_prof_data_size                           
ffffffff  __TI_prof_data_start                          
00000000  __TI_static_base__                            
00005e1b  __TI_zero_init                                
0000407f  __aeabi_idiv0                                 
0000407f  __aeabi_ldiv0                                 
00005c53  __aeabi_ldivmod                               
00005df5  __aeabi_lmul                                  
00005bd9  __aeabi_memclr                                
00005bd9  __aeabi_memclr4                               
00005bd9  __aeabi_memclr8                               
00005aa7  __aeabi_memcpy                                
00005aa7  __aeabi_memcpy4                               
00005aa7  __aeabi_memcpy8                               
00005bdb  __aeabi_memset                                
00005bdb  __aeabi_memset4                               
00005bdb  __aeabi_memset8                               
00005b43  __aeabi_uldivmod                              
ffffffff  __binit__                                     
ffffffff  __c_args__                                    
UNDEFED   __mpu_init                                    
20001218  __stack                                       
20000000  __start___llvm_prf_cnts                       
20000000  __stop___llvm_prf_cnts                        
00005dc1  _c_int00_noargs                               
UNDEFED   _system_post_cinit                            
00005e33  _system_pre_init                              
00005e37  abort                                         
ffffffff  binit                                         
200011e8  eventTempSet                                  
00000000  g_pfnVectors                                  
00001f95  main                                          
00005aa7  memcpy                                        
00005be1  memset                                        
000008a9  pcTaskGetName                                 
000042e5  pcTimerGetName                                
00005481  pvPortCalloc                                  
00005295  pvPortMalloc                                  
0000165d  pvTaskIncrementMutexHeldCount                 
00004749  pvTimerGetTimerID                             
20001418  pxCurrentTCB                                  
00004d3d  pxPortInitialiseStack                         
00005759  sampleSequencerConfiguration                  
00005e3c  ulMaxSyscallInterruptPriority                 
000059dd  ulPortGetIPSR                                 
00001675  ulTaskGenericNotifyTake                       
00001e6d  ulTaskGenericNotifyValueClear                 
20001064  ullTasksExecutionTime                         
20001098  ullTasksInTime                                
200010cc  ullTasksOutTime                               
00005983  uxListRemove                                  
00003cf9  uxQueueMessagesWaiting                        
00003d57  uxQueueMessagesWaitingFromISR                 
00003d23  uxQueueSpacesAvailable                        
00000891  uxTaskGetNumberOfTasks                        
00001637  uxTaskResetEventItemValue                     
000042ab  uxTimerGetReloadMode                          
00005e44  uxTopUsedPriority                             
00002b11  vDisplayTask                                  
200011ec  vDisplayTaskDHandle                           
200011f0  vDisplayTaskPHandle                           
00004cf5  vEventGroupClearBitsCallback                  
00004c7b  vEventGroupDelete                             
00004ce5  vEventGroupSetBitsCallback                    
000028fd  vHeating_CoolingTask                          
200011f4  vHeating_CoolingTaskForDSeatHandle            
200011f8  vHeating_CoolingTaskForPSeatHandle            
000058a1  vListInitialise                               
000058d1  vListInitialiseItem                           
0000591d  vListInsert                                   
000058e1  vListInsertEnd                                
00005a99  vPortEnableVFP                                
00004e81  vPortEndScheduler                             
00004ea5  vPortEnterCritical                            
00004ee7  vPortExitCritical                             
000053bb  vPortFree                                     
0000547f  vPortInitialiseBlocks                         
00005a55  vPortSVCHandler                               
00004f39  vPortSetupTimerInterrupt                      
00005a75  vPortStartFirstTask                           
00004f53  vPortValidateInterruptPriority                
00003d81  vQueueDelete                                  
00004023  vQueueWaitForMessageRestricted                
00002c15  vRunTimeMeasurements                          
200011fc  vRunTimeMeasurementsTaskHandle                
00002561  vSupervisorTask                               
20001200  vSupervisorTaskDHandle                        
20001204  vSupervisorTaskPHandle                        
00000599  vTaskDelay                                    
00000685  vTaskEndScheduler                             
00001c55  vTaskGenericNotifyGiveFromISR                 
000010f5  vTaskInternalSetTimeOutState                  
000011b9  vTaskMissedYield                              
00000cc1  vTaskPlaceOnEventList                         
00000d9d  vTaskPlaceOnEventListRestricted               
00000cfd  vTaskPlaceOnUnorderedEventList                
000014f1  vTaskPriorityDisinheritAfterTimeout           
00000f89  vTaskRemoveFromUnorderedEventList             
00000b29  vTaskSetApplicationTaskTag                    
000010c3  vTaskSetTimeOutState                          
000005eb  vTaskStartScheduler                           
000006a1  vTaskSuspendAll                               
00000bfd  vTaskSwitchContext                            
000021bd  vTemperatureReadingTask                       
20001208  vTemperatureReadingTaskForDSeatHandle         
2000120c  vTemperatureReadingTaskForPSeatHandle         
000023b9  vTemperatureSettingTask                       
20001210  vTemperatureSettingTaskForDSeatHandle         
20001214  vTemperatureSettingTaskForPSeatHandle         
00004225  vTimerSetReloadMode                           
00004777  vTimerSetTimerID                              
00004aef  xEventGroupClearBits                          
0000483d  xEventGroupCreate                             
00004b4d  xEventGroupGetBitsFromISR                     
00004b81  xEventGroupSetBits                            
0000485d  xEventGroupSync                               
0000498f  xEventGroupWaitBits                           
00005479  xPortGetFreeHeapSize                          
000059f5  xPortPendSVHandler                            
00004dc9  xPortStartScheduler                           
00004f13  xPortSysTickHandler                           
00003257  xQueueCreateMutex                             
00003171  xQueueGenericCreate                           
00003071  xQueueGenericReset                            
00003283  xQueueGenericSend                             
0000343d  xQueueGenericSendFromISR                      
00003575  xQueueGiveFromISR                             
00003f8f  xQueueIsQueueEmptyFromISR                     
00003fe9  xQueueIsQueueFullFromISR                      
000039c5  xQueuePeek                                    
00003c49  xQueuePeekFromISR                             
00003699  xQueueReceive                                 
00003b43  xQueueReceiveFromISR                          
00003811  xQueueSemaphoreTake                           
00000bb3  xTaskCallApplicationTaskHook                  
000008e1  xTaskCatchUpTicks                             
0000111d  xTaskCheckForTimeOut                          
0000026d  xTaskCreate                                   
000004bf  xTaskDelayUntil                               
00001819  xTaskGenericNotify                            
000019ff  xTaskGenericNotifyFromISR                     
00001e05  xTaskGenericNotifyStateClear                  
00001731  xTaskGenericNotifyWait                        
00000b4f  xTaskGetApplicationTaskTag                    
00000b79  xTaskGetApplicationTaskTagFromISR             
00001269  xTaskGetCurrentTaskHandle                     
00001279  xTaskGetSchedulerState                        
0000086d  xTaskGetTickCount                             
0000087d  xTaskGetTickCountFromISR                      
0000094d  xTaskIncrementTick                            
000013c9  xTaskPriorityDisinherit                       
000012a9  xTaskPriorityInherit                          
00000e1d  xTaskRemoveFromEventList                      
000006c9  xTaskResumeAll                                
000040bf  xTimerCreate                                  
00004081  xTimerCreateTimerTask                         
0000415d  xTimerGenericCommand                          
000042b7  xTimerGetExpiryTime                           
000041ff  xTimerGetPeriod                               
0000426f  xTimerGetReloadMode                           
000041dd  xTimerGetTimerDaemonTaskHandle                
0000470d  xTimerIsTimerActive                           
000047db  xTimerPendFunctionCall                        
000047a5  xTimerPendFunctionCallFromISR                 


GLOBAL SYMBOLS: SORTED BY Symbol Address 

address   name                                          
-------   ----                                          
00000000  __TI_static_base__                            
00000000  g_pfnVectors                                  
00000200  __STACK_SIZE                                  
0000026d  xTaskCreate                                   
000004bf  xTaskDelayUntil                               
00000599  vTaskDelay                                    
000005eb  vTaskStartScheduler                           
00000685  vTaskEndScheduler                             
000006a1  vTaskSuspendAll                               
000006c9  xTaskResumeAll                                
0000086d  xTaskGetTickCount                             
0000087d  xTaskGetTickCountFromISR                      
00000891  uxTaskGetNumberOfTasks                        
000008a9  pcTaskGetName                                 
000008e1  xTaskCatchUpTicks                             
0000094d  xTaskIncrementTick                            
00000b29  vTaskSetApplicationTaskTag                    
00000b4f  xTaskGetApplicationTaskTag                    
00000b79  xTaskGetApplicationTaskTagFromISR             
00000bb3  xTaskCallApplicationTaskHook                  
00000bfd  vTaskSwitchContext                            
00000cc1  vTaskPlaceOnEventList                         
00000cfd  vTaskPlaceOnUnorderedEventList                
00000d9d  vTaskPlaceOnEventListRestricted               
00000e1d  xTaskRemoveFromEventList                      
00000f89  vTaskRemoveFromUnorderedEventList             
000010c3  vTaskSetTimeOutState                          
000010f5  vTaskInternalSetTimeOutState                  
0000111d  xTaskCheckForTimeOut                          
000011b9  vTaskMissedYield                              
00001269  xTaskGetCurrentTaskHandle                     
00001279  xTaskGetSchedulerState                        
000012a9  xTaskPriorityInherit                          
000013c9  xTaskPriorityDisinherit                       
000014f1  vTaskPriorityDisinheritAfterTimeout           
00001637  uxTaskResetEventItemValue                     
0000165d  pvTaskIncrementMutexHeldCount                 
00001675  ulTaskGenericNotifyTake                       
00001731  xTaskGenericNotifyWait                        
00001819  xTaskGenericNotify                            
000019ff  xTaskGenericNotifyFromISR                     
00001c55  vTaskGenericNotifyGiveFromISR                 
00001e05  xTaskGenericNotifyStateClear                  
00001e6d  ulTaskGenericNotifyValueClear                 
00001f55  Delay_MS                                      
00001f95  main                                          
000021bd  vTemperatureReadingTask                       
000023b9  vTemperatureSettingTask                       
00002465  GPIOPortF_Handler                             
000024eb  GPIOPortB_Handler                             
00002561  vSupervisorTask                               
000028fd  vHeating_CoolingTask                          
00002b11  vDisplayTask                                  
00002c15  vRunTimeMeasurements                          
00003071  xQueueGenericReset                            
00003171  xQueueGenericCreate                           
00003257  xQueueCreateMutex                             
00003283  xQueueGenericSend                             
0000343d  xQueueGenericSendFromISR                      
00003575  xQueueGiveFromISR                             
00003699  xQueueReceive                                 
00003811  xQueueSemaphoreTake                           
000039c5  xQueuePeek                                    
00003b43  xQueueReceiveFromISR                          
00003c49  xQueuePeekFromISR                             
00003cf9  uxQueueMessagesWaiting                        
00003d23  uxQueueSpacesAvailable                        
00003d57  uxQueueMessagesWaitingFromISR                 
00003d81  vQueueDelete                                  
00003f8f  xQueueIsQueueEmptyFromISR                     
00003fe9  xQueueIsQueueFullFromISR                      
00004023  vQueueWaitForMessageRestricted                
0000407f  __aeabi_idiv0                                 
0000407f  __aeabi_ldiv0                                 
00004081  xTimerCreateTimerTask                         
000040bf  xTimerCreate                                  
0000415d  xTimerGenericCommand                          
000041dd  xTimerGetTimerDaemonTaskHandle                
000041ff  xTimerGetPeriod                               
00004225  vTimerSetReloadMode                           
0000426f  xTimerGetReloadMode                           
000042ab  uxTimerGetReloadMode                          
000042b7  xTimerGetExpiryTime                           
000042e5  pcTimerGetName                                
0000470d  xTimerIsTimerActive                           
00004749  pvTimerGetTimerID                             
00004777  vTimerSetTimerID                              
000047a5  xTimerPendFunctionCallFromISR                 
000047db  xTimerPendFunctionCall                        
0000483d  xEventGroupCreate                             
0000485d  xEventGroupSync                               
0000498f  xEventGroupWaitBits                           
00004aef  xEventGroupClearBits                          
00004b4d  xEventGroupGetBitsFromISR                     
00004b81  xEventGroupSetBits                            
00004c7b  vEventGroupDelete                             
00004ce5  vEventGroupSetBitsCallback                    
00004cf5  vEventGroupClearBitsCallback                  
00004d3d  pxPortInitialiseStack                         
00004dc9  xPortStartScheduler                           
00004e81  vPortEndScheduler                             
00004ea5  vPortEnterCritical                            
00004ee7  vPortExitCritical                             
00004f13  xPortSysTickHandler                           
00004f39  vPortSetupTimerInterrupt                      
00004f53  vPortValidateInterruptPriority                
00004ff1  GPIO_BuiltinButtonsLedsInit                   
00005065  GPIO_ExtraExternalButtonInit                  
000050b5  GPIO_RedLedOn                                 
000050c1  GPIO_BlueLedOn                                
000050cd  GPIO_GreenLedOn                               
000050d9  GPIO_RedLedOff                                
000050e5  GPIO_BlueLedOff                               
000050f1  GPIO_GreenLedOff                              
000050fd  GPIO_RedLedToggle                             
00005109  GPIO_BlueLedToggle                            
00005115  GPIO_GreenLedToggle                           
00005121  GPIO_SW1GetState                              
0000512b  GPIO_SW2GetState                              
00005135  GPIO_SW1EdgeTriggeredInterruptInit            
00005183  GPIO_SW2EdgeTriggeredInterruptInit            
000051d1  GPIO_ExtraExternalButtonTriggeredInterruptInit
00005295  pvPortMalloc                                  
000053bb  vPortFree                                     
00005479  xPortGetFreeHeapSize                          
0000547f  vPortInitialiseBlocks                         
00005481  pvPortCalloc                                  
00005577  UART0_Init                                    
000055b7  UART0_SendByte                                
000055d3  UART0_ReceiveByte                             
000055e3  UART0_SendString                              
00005609  UART0_SendInteger                             
000056e9  ADC_INIT                                      
000056f5  ADC0SS3_handler                               
00005705  ADC1SS3_handler                               
00005715  ADCModuleInitialization                       
00005759  sampleSequencerConfiguration                  
000057c3  ADC0_readChannel                              
000057c9  ADC1_readChannel                              
000057cf  PLL_Init                                      
000058a1  vListInitialise                               
000058d1  vListInitialiseItem                           
000058e1  vListInsertEnd                                
0000591d  vListInsert                                   
00005983  uxListRemove                                  
000059dd  ulPortGetIPSR                                 
000059f5  xPortPendSVHandler                            
00005a55  vPortSVCHandler                               
00005a75  vPortStartFirstTask                           
00005a99  vPortEnableVFP                                
00005aa7  __aeabi_memcpy                                
00005aa7  __aeabi_memcpy4                               
00005aa7  __aeabi_memcpy8                               
00005aa7  memcpy                                        
00005b43  __aeabi_uldivmod                              
00005bd9  __aeabi_memclr                                
00005bd9  __aeabi_memclr4                               
00005bd9  __aeabi_memclr8                               
00005bdb  __aeabi_memset                                
00005bdb  __aeabi_memset4                               
00005bdb  __aeabi_memset8                               
00005be1  memset                                        
00005c53  __aeabi_ldivmod                               
00005cc1  __TI_decompress_lzss                          
00005d29  GPTM_WTimer0Init                              
00005d59  GPTM_WTimer0Read                              
00005d7d  __TI_auto_init_nobinit_nopinit                
00005dc1  _c_int00_noargs                               
00005df5  __aeabi_lmul                                  
00005e0d  __TI_decompress_none                          
00005e1b  __TI_zero_init                                
00005e27  ResetISR                                      
00005e33  _system_pre_init                              
00005e37  C$$EXIT                                       
00005e37  abort                                         
00005e3c  ulMaxSyscallInterruptPriority                 
00005e44  uxTopUsedPriority                             
00005e60  __TI_Handler_Table_Base                       
00005e6c  __TI_Handler_Table_Limit                      
00005e78  __TI_CINIT_Base                               
00005e88  __TI_CINIT_Limit                              
20000000  __start___llvm_prf_cnts                       
20000000  __stop___llvm_prf_cnts                        
20001064  ullTasksExecutionTime                         
20001098  ullTasksInTime                                
200010cc  ullTasksOutTime                               
20001184  Command_HC_D                                  
20001188  Command_HC_P                                  
2000118c  CurrentTargetD                                
20001190  CurrentTargetDHeating_CoolingTaskLT           
20001194  CurrentTargetDMutex                           
20001198  CurrentTargetDSupervisionTaskLT               
2000119c  CurrentTargetP                                
200011a0  CurrentTargetPHeating_CoolingTaskLT           
200011a4  CurrentTargetPMutex                           
200011a8  CurrentTargetPSupervisionTaskLT               
200011ac  Display_D                                     
200011b0  Display_P                                     
200011b4  SuprevisedTempD                               
200011b8  SuprevisedTempDMutex                          
200011bc  SuprevisedTempDReadingTaskLT                  
200011c0  SuprevisedTempDSupervisionTaskLT              
200011c4  SuprevisedTempP                               
200011c8  SuprevisedTempPMutex                          
200011cc  SuprevisedTempPReadingTaskLT                  
200011d0  SuprevisedTempPSupervisionTaskLT              
200011d4  UARTDisplayTaskDLT                            
200011d8  UARTDisplayTaskPLT                            
200011dc  UARTMutex                                     
200011e0  UARTOneTimeRunTimeMeasurementsTaskLT          
200011e4  UARTRunTimeMeasurementsTaskLT                 
200011e8  eventTempSet                                  
200011ec  vDisplayTaskDHandle                           
200011f0  vDisplayTaskPHandle                           
200011f4  vHeating_CoolingTaskForDSeatHandle            
200011f8  vHeating_CoolingTaskForPSeatHandle            
200011fc  vRunTimeMeasurementsTaskHandle                
20001200  vSupervisorTaskDHandle                        
20001204  vSupervisorTaskPHandle                        
20001208  vTemperatureReadingTaskForDSeatHandle         
2000120c  vTemperatureReadingTaskForPSeatHandle         
20001210  vTemperatureSettingTaskForDSeatHandle         
20001214  vTemperatureSettingTaskForPSeatHandle         
20001218  __stack                                       
20001418  __STACK_END                                   
20001418  __STACK_TOP                                   
20001418  pxCurrentTCB                                  
20001470  Dstate                                        
20001471  Pstate                                        
ffffffff  __TI_pprof_out_hndl                           
ffffffff  __TI_prof_data_size                           
ffffffff  __TI_prof_data_start                          
ffffffff  __binit__                                     
ffffffff  __c_args__                                    
ffffffff  binit                                         
UNDEFED   __mpu_init                                    
UNDEFED   _system_post_cinit                            

[237 symbols]
