<?xml version="1.0" encoding="ISO-8859-1" ?>
<link_info>
   <banner>TI ARM Linker PC v20.2.7.LTS</banner>
   <copyright>Copyright (c) 1996-2018 Texas Instruments Incorporated</copyright>
   <link_time>0x661a9bea</link_time>
   <link_errors>0x0</link_errors>
   <output_file>FreeRTOS_Project.out</output_file>
   <entry_point>
      <name>_c_int00_noargs</name>
      <address>0x5f01</address>
   </entry_point>
   <input_file_list>
      <input_file id="fl-2">
         <path>.\</path>
         <kind>object</kind>
         <file>main.obj</file>
         <name>main.obj</name>
      </input_file>
      <input_file id="fl-3">
         <path>.\</path>
         <kind>object</kind>
         <file>tm4c123gh6pm_startup_ccs.obj</file>
         <name>tm4c123gh6pm_startup_ccs.obj</name>
      </input_file>
      <input_file id="fl-4">
         <path>.\FreeRTOS\Source\</path>
         <kind>object</kind>
         <file>event_groups.obj</file>
         <name>event_groups.obj</name>
      </input_file>
      <input_file id="fl-5">
         <path>.\FreeRTOS\Source\</path>
         <kind>object</kind>
         <file>list.obj</file>
         <name>list.obj</name>
      </input_file>
      <input_file id="fl-6">
         <path>.\FreeRTOS\Source\</path>
         <kind>object</kind>
         <file>queue.obj</file>
         <name>queue.obj</name>
      </input_file>
      <input_file id="fl-7">
         <path>.\FreeRTOS\Source\</path>
         <kind>object</kind>
         <file>tasks.obj</file>
         <name>tasks.obj</name>
      </input_file>
      <input_file id="fl-8">
         <path>.\FreeRTOS\Source\</path>
         <kind>object</kind>
         <file>timers.obj</file>
         <name>timers.obj</name>
      </input_file>
      <input_file id="fl-9">
         <path>.\FreeRTOS\Source\portable\CCS\ARM_CM4F\</path>
         <kind>object</kind>
         <file>port.obj</file>
         <name>port.obj</name>
      </input_file>
      <input_file id="fl-a">
         <path>.\FreeRTOS\Source\portable\CCS\ARM_CM4F\</path>
         <kind>object</kind>
         <file>portasm.obj</file>
         <name>portasm.obj</name>
      </input_file>
      <input_file id="fl-b">
         <path>.\FreeRTOS\Source\portable\MemMang\</path>
         <kind>object</kind>
         <file>heap_2.obj</file>
         <name>heap_2.obj</name>
      </input_file>
      <input_file id="fl-c">
         <path>.\MCAL\ADC\</path>
         <kind>object</kind>
         <file>adc.obj</file>
         <name>adc.obj</name>
      </input_file>
      <input_file id="fl-d">
         <path>.\MCAL\EEPROM\</path>
         <kind>object</kind>
         <file>eeprom.obj</file>
         <name>eeprom.obj</name>
      </input_file>
      <input_file id="fl-e">
         <path>.\MCAL\GPIO\</path>
         <kind>object</kind>
         <file>gpio.obj</file>
         <name>gpio.obj</name>
      </input_file>
      <input_file id="fl-f">
         <path>.\MCAL\GPTM\</path>
         <kind>object</kind>
         <file>GPTM.obj</file>
         <name>GPTM.obj</name>
      </input_file>
      <input_file id="fl-10">
         <path>.\MCAL\UART\</path>
         <kind>object</kind>
         <file>uart0.obj</file>
         <name>uart0.obj</name>
      </input_file>
      <input_file id="fl-14">
         <kind>object</kind>
         <file>&lt;internal&gt;</file>
         <name>&lt;internal&gt;</name>
      </input_file>
      <input_file id="fl-ca">
         <path>C:\MYCOMPUTER\NEWEST CCS\ccs\tools\compiler\ti-cgt-arm_20.2.7.LTS\lib\</path>
         <kind>archive</kind>
         <file>rtsv7M4_T_le_v4SPD16_eabi.lib</file>
         <name>ll_mul_t2.asm.obj</name>
      </input_file>
      <input_file id="fl-cb">
         <path>C:\MYCOMPUTER\NEWEST CCS\ccs\tools\compiler\ti-cgt-arm_20.2.7.LTS\lib\</path>
         <kind>archive</kind>
         <file>rtsv7M4_T_le_v4SPD16_eabi.lib</file>
         <name>memcpy_t2.asm.obj</name>
      </input_file>
      <input_file id="fl-cc">
         <path>C:\MYCOMPUTER\NEWEST CCS\ccs\tools\compiler\ti-cgt-arm_20.2.7.LTS\lib\</path>
         <kind>archive</kind>
         <file>rtsv7M4_T_le_v4SPD16_eabi.lib</file>
         <name>memset_t2.asm.obj</name>
      </input_file>
      <input_file id="fl-cd">
         <path>C:\MYCOMPUTER\NEWEST CCS\ccs\tools\compiler\ti-cgt-arm_20.2.7.LTS\lib\</path>
         <kind>archive</kind>
         <file>rtsv7M4_T_le_v4SPD16_eabi.lib</file>
         <name>ll_div_t2.asm.obj</name>
      </input_file>
      <input_file id="fl-ce">
         <path>C:\MYCOMPUTER\NEWEST CCS\ccs\tools\compiler\ti-cgt-arm_20.2.7.LTS\lib\</path>
         <kind>archive</kind>
         <file>rtsv7M4_T_le_v4SPD16_eabi.lib</file>
         <name>ull_div_t2.asm.obj</name>
      </input_file>
      <input_file id="fl-cf">
         <path>C:\MYCOMPUTER\NEWEST CCS\ccs\tools\compiler\ti-cgt-arm_20.2.7.LTS\lib\</path>
         <kind>archive</kind>
         <file>rtsv7M4_T_le_v4SPD16_eabi.lib</file>
         <name>copy_zero_init.c.obj</name>
      </input_file>
      <input_file id="fl-d0">
         <path>C:\MYCOMPUTER\NEWEST CCS\ccs\tools\compiler\ti-cgt-arm_20.2.7.LTS\lib\</path>
         <kind>archive</kind>
         <file>rtsv7M4_T_le_v4SPD16_eabi.lib</file>
         <name>copy_decompress_none.c.obj</name>
      </input_file>
      <input_file id="fl-d1">
         <path>C:\MYCOMPUTER\NEWEST CCS\ccs\tools\compiler\ti-cgt-arm_20.2.7.LTS\lib\</path>
         <kind>archive</kind>
         <file>rtsv7M4_T_le_v4SPD16_eabi.lib</file>
         <name>copy_decompress_lzss.c.obj</name>
      </input_file>
      <input_file id="fl-d2">
         <path>C:\MYCOMPUTER\NEWEST CCS\ccs\tools\compiler\ti-cgt-arm_20.2.7.LTS\lib\</path>
         <kind>archive</kind>
         <file>rtsv7M4_T_le_v4SPD16_eabi.lib</file>
         <name>boot_cortex_m.c.obj</name>
      </input_file>
      <input_file id="fl-d3">
         <path>C:\MYCOMPUTER\NEWEST CCS\ccs\tools\compiler\ti-cgt-arm_20.2.7.LTS\lib\</path>
         <kind>archive</kind>
         <file>rtsv7M4_T_le_v4SPD16_eabi.lib</file>
         <name>div0.asm.obj</name>
      </input_file>
      <input_file id="fl-d4">
         <path>C:\MYCOMPUTER\NEWEST CCS\ccs\tools\compiler\ti-cgt-arm_20.2.7.LTS\lib\</path>
         <kind>archive</kind>
         <file>rtsv7M4_T_le_v4SPD16_eabi.lib</file>
         <name>autoinit.c.obj</name>
      </input_file>
      <input_file id="fl-d5">
         <path>C:\MYCOMPUTER\NEWEST CCS\ccs\tools\compiler\ti-cgt-arm_20.2.7.LTS\lib\</path>
         <kind>archive</kind>
         <file>rtsv7M4_T_le_v4SPD16_eabi.lib</file>
         <name>pre_init.c.obj</name>
      </input_file>
      <input_file id="fl-d6">
         <path>C:\MYCOMPUTER\NEWEST CCS\ccs\tools\compiler\ti-cgt-arm_20.2.7.LTS\lib\</path>
         <kind>archive</kind>
         <file>rtsv7M4_T_le_v4SPD16_eabi.lib</file>
         <name>cpy_tbl.c.obj</name>
      </input_file>
      <input_file id="fl-d7">
         <path>C:\MYCOMPUTER\NEWEST CCS\ccs\tools\compiler\ti-cgt-arm_20.2.7.LTS\lib\</path>
         <kind>archive</kind>
         <file>rtsv7M4_T_le_v4SPD16_eabi.lib</file>
         <name>exit.c.obj</name>
      </input_file>
      <input_file id="fl-d8">
         <path>C:\MYCOMPUTER\NEWEST CCS\ccs\tools\compiler\ti-cgt-arm_20.2.7.LTS\lib\</path>
         <kind>archive</kind>
         <file>rtsv7M4_T_le_v4SPD16_eabi.lib</file>
         <name>_lock.c.obj</name>
      </input_file>
      <input_file id="fl-d9">
         <path>C:\MYCOMPUTER\NEWEST CCS\ccs\tools\compiler\ti-cgt-arm_20.2.7.LTS\lib\</path>
         <kind>archive</kind>
         <file>rtsv7M4_T_le_v4SPD16_eabi.lib</file>
         <name>args_main.c.obj</name>
      </input_file>
   </input_file_list>
   <object_component_list>
      <object_component id="oc-12">
         <name>.intvecs</name>
         <load_address>0x0</load_address>
         <run_address>0x0</run_address>
         <size>0x26c</size>
         <input_file_ref idref="fl-3"/>
      </object_component>
      <object_component id="oc-8b">
         <name>.text</name>
         <load_address>0x26c</load_address>
         <run_address>0x26c</run_address>
         <size>0x1ce8</size>
         <input_file_ref idref="fl-7"/>
      </object_component>
      <object_component id="oc-38">
         <name>.text</name>
         <load_address>0x1f54</load_address>
         <run_address>0x1f54</run_address>
         <size>0x1174</size>
         <input_file_ref idref="fl-2"/>
      </object_component>
      <object_component id="oc-ab">
         <name>.text</name>
         <load_address>0x30c8</load_address>
         <run_address>0x30c8</run_address>
         <size>0x100e</size>
         <input_file_ref idref="fl-6"/>
      </object_component>
      <object_component id="oc-260">
         <name>.text</name>
         <load_address>0x40d6</load_address>
         <run_address>0x40d6</run_address>
         <size>0x2</size>
         <input_file_ref idref="fl-d3"/>
      </object_component>
      <object_component id="oc-e5">
         <name>.text</name>
         <load_address>0x40d8</load_address>
         <run_address>0x40d8</run_address>
         <size>0x7bc</size>
         <input_file_ref idref="fl-8"/>
      </object_component>
      <object_component id="oc-b1">
         <name>.text</name>
         <load_address>0x4894</load_address>
         <run_address>0x4894</run_address>
         <size>0x4fe</size>
         <input_file_ref idref="fl-4"/>
      </object_component>
      <object_component id="oc-32">
         <name>.text</name>
         <load_address>0x4d94</load_address>
         <run_address>0x4d94</run_address>
         <size>0x2b4</size>
         <input_file_ref idref="fl-9"/>
      </object_component>
      <object_component id="oc-b7">
         <name>.text</name>
         <load_address>0x5048</load_address>
         <run_address>0x5048</run_address>
         <size>0x2a4</size>
         <input_file_ref idref="fl-e"/>
      </object_component>
      <object_component id="oc-14d">
         <name>.text</name>
         <load_address>0x52ec</load_address>
         <run_address>0x52ec</run_address>
         <size>0x28c</size>
         <input_file_ref idref="fl-b"/>
      </object_component>
      <object_component id="oc-bd">
         <name>.text</name>
         <load_address>0x5578</load_address>
         <run_address>0x5578</run_address>
         <size>0x1c8</size>
         <input_file_ref idref="fl-10"/>
      </object_component>
      <object_component id="oc-3e">
         <name>.text</name>
         <load_address>0x5740</load_address>
         <run_address>0x5740</run_address>
         <size>0x1b8</size>
         <input_file_ref idref="fl-c"/>
      </object_component>
      <object_component id="oc-153">
         <name>.text</name>
         <load_address>0x58f8</load_address>
         <run_address>0x58f8</run_address>
         <size>0x12a</size>
         <input_file_ref idref="fl-5"/>
      </object_component>
      <object_component id="oc-c9">
         <name>.text</name>
         <load_address>0x5a24</load_address>
         <run_address>0x5a24</run_address>
         <size>0xe8</size>
         <input_file_ref idref="fl-d"/>
      </object_component>
      <object_component id="oc-2d">
         <name>.text</name>
         <load_address>0x5b0c</load_address>
         <run_address>0x5b0c</run_address>
         <size>0xda</size>
         <input_file_ref idref="fl-a"/>
      </object_component>
      <object_component id="oc-52">
         <name>.text</name>
         <load_address>0x5be6</load_address>
         <run_address>0x5be6</run_address>
         <size>0x9c</size>
         <input_file_ref idref="fl-cb"/>
      </object_component>
      <object_component id="oc-265">
         <name>.text</name>
         <load_address>0x5c82</load_address>
         <run_address>0x5c82</run_address>
         <size>0x96</size>
         <input_file_ref idref="fl-ce"/>
      </object_component>
      <object_component id="oc-12b">
         <name>.text</name>
         <load_address>0x5d18</load_address>
         <run_address>0x5d18</run_address>
         <size>0x7a</size>
         <input_file_ref idref="fl-cc"/>
      </object_component>
      <object_component id="oc-1a0">
         <name>.text</name>
         <load_address>0x5d92</load_address>
         <run_address>0x5d92</run_address>
         <size>0x6e</size>
         <input_file_ref idref="fl-cd"/>
      </object_component>
      <object_component id="oc-15">
         <name>.text:decompress:lzss:__TI_decompress_lzss</name>
         <load_address>0x5e00</load_address>
         <run_address>0x5e00</run_address>
         <size>0x68</size>
         <input_file_ref idref="fl-d1"/>
      </object_component>
      <object_component id="oc-c3">
         <name>.text</name>
         <load_address>0x5e68</load_address>
         <run_address>0x5e68</run_address>
         <size>0x54</size>
         <input_file_ref idref="fl-f"/>
      </object_component>
      <object_component id="oc-1f3">
         <name>.text:__TI_auto_init_nobinit_nopinit:__TI_auto_init_nobinit_nopinit</name>
         <load_address>0x5ebc</load_address>
         <run_address>0x5ebc</run_address>
         <size>0x44</size>
         <input_file_ref idref="fl-d4"/>
      </object_component>
      <object_component id="oc-70">
         <name>.text:_c_int00_noargs:_c_int00_noargs</name>
         <load_address>0x5f00</load_address>
         <run_address>0x5f00</run_address>
         <size>0x34</size>
         <input_file_ref idref="fl-d2"/>
      </object_component>
      <object_component id="oc-a6">
         <name>.text</name>
         <load_address>0x5f34</load_address>
         <run_address>0x5f34</run_address>
         <size>0x18</size>
         <input_file_ref idref="fl-ca"/>
      </object_component>
      <object_component id="oc-1b">
         <name>.text:decompress:none:__TI_decompress_none</name>
         <load_address>0x5f4c</load_address>
         <run_address>0x5f4c</run_address>
         <size>0xe</size>
         <input_file_ref idref="fl-d0"/>
      </object_component>
      <object_component id="oc-64">
         <name>.text:decompress:ZI:__TI_zero_init</name>
         <load_address>0x5f5a</load_address>
         <run_address>0x5f5a</run_address>
         <size>0xc</size>
         <input_file_ref idref="fl-cf"/>
      </object_component>
      <object_component id="oc-27">
         <name>.text</name>
         <load_address>0x5f66</load_address>
         <run_address>0x5f66</run_address>
         <size>0xc</size>
         <input_file_ref idref="fl-3"/>
      </object_component>
      <object_component id="oc-131">
         <name>.text:_system_pre_init</name>
         <load_address>0x5f72</load_address>
         <run_address>0x5f72</run_address>
         <size>0x4</size>
         <input_file_ref idref="fl-d5"/>
      </object_component>
      <object_component id="oc-1e7">
         <name>.text:abort:abort</name>
         <load_address>0x5f76</load_address>
         <run_address>0x5f76</run_address>
         <size>0x4</size>
         <input_file_ref idref="fl-d7"/>
      </object_component>
      <object_component id="oc-88">
         <name>.const</name>
         <load_address>0x5f7c</load_address>
         <run_address>0x5f7c</run_address>
         <size>0x8</size>
         <input_file_ref idref="fl-9"/>
      </object_component>
      <object_component id="oc-15d">
         <name>.const</name>
         <load_address>0x5f84</load_address>
         <run_address>0x5f84</run_address>
         <size>0x4</size>
         <input_file_ref idref="fl-7"/>
      </object_component>
      <object_component id="oc-307">
         <name>.cinit..data.load</name>
         <load_address>0x5f88</load_address>
         <run_address>0x5f88</run_address>
         <size>0x17</size>
      </object_component>
      <object_component id="oc-305">
         <name>__TI_handler_table</name>
         <load_address>0x5fa0</load_address>
         <run_address>0x5fa0</run_address>
         <size>0xc</size>
      </object_component>
      <object_component id="oc-308">
         <name>.cinit..bss.load</name>
         <load_address>0x5fb0</load_address>
         <run_address>0x5fb0</run_address>
         <size>0x8</size>
      </object_component>
      <object_component id="oc-306">
         <name>__TI_cinit_table</name>
         <load_address>0x5fb8</load_address>
         <run_address>0x5fb8</run_address>
         <size>0x10</size>
      </object_component>
      <object_component id="oc-f0">
         <name>.data</name>
         <load_address>0x20001470</load_address>
         <run_address>0x20001470</run_address>
         <size>0x2</size>
         <input_file_ref idref="fl-2"/>
      </object_component>
      <object_component id="oc-85">
         <name>.data</name>
         <load_address>0x20001418</load_address>
         <run_address>0x20001418</run_address>
         <size>0x30</size>
         <input_file_ref idref="fl-7"/>
      </object_component>
      <object_component id="oc-1ba">
         <name>.data</name>
         <load_address>0x20001454</load_address>
         <run_address>0x20001454</run_address>
         <size>0xc</size>
         <input_file_ref idref="fl-8"/>
      </object_component>
      <object_component id="oc-92">
         <name>.data</name>
         <load_address>0x20001448</load_address>
         <run_address>0x20001448</run_address>
         <size>0xc</size>
         <input_file_ref idref="fl-9"/>
      </object_component>
      <object_component id="oc-236">
         <name>.data</name>
         <load_address>0x20001468</load_address>
         <run_address>0x20001468</run_address>
         <size>0x8</size>
         <input_file_ref idref="fl-b"/>
      </object_component>
      <object_component id="oc-10b">
         <name>.data</name>
         <load_address>0x20001460</load_address>
         <run_address>0x20001460</run_address>
         <size>0x8</size>
         <input_file_ref idref="fl-c"/>
      </object_component>
      <object_component id="oc-159">
         <name>.bss:pxReadyTasksLists</name>
         <uninitialized>true</uninitialized>
         <run_address>0x20001000</run_address>
         <size>0x64</size>
         <input_file_ref idref="fl-7"/>
      </object_component>
      <object_component id="oc-167">
         <name>.bss:xDelayedTaskList1</name>
         <uninitialized>true</uninitialized>
         <run_address>0x20001128</run_address>
         <size>0x14</size>
         <input_file_ref idref="fl-7"/>
      </object_component>
      <object_component id="oc-16a">
         <name>.bss:xDelayedTaskList2</name>
         <uninitialized>true</uninitialized>
         <run_address>0x2000113c</run_address>
         <size>0x14</size>
         <input_file_ref idref="fl-7"/>
      </object_component>
      <object_component id="oc-163">
         <name>.bss</name>
         <uninitialized>true</uninitialized>
         <run_address>0x20001164</run_address>
         <size>0x8</size>
         <input_file_ref idref="fl-7"/>
      </object_component>
      <object_component id="oc-160">
         <name>.bss:xPendingReadyList</name>
         <uninitialized>true</uninitialized>
         <run_address>0x20001150</run_address>
         <size>0x14</size>
         <input_file_ref idref="fl-7"/>
      </object_component>
      <object_component id="oc-1c0">
         <name>.bss:xActiveTimerList1</name>
         <uninitialized>true</uninitialized>
         <run_address>0x20001100</run_address>
         <size>0x14</size>
         <input_file_ref idref="fl-8"/>
      </object_component>
      <object_component id="oc-1c3">
         <name>.bss:xActiveTimerList2</name>
         <uninitialized>true</uninitialized>
         <run_address>0x20001114</run_address>
         <size>0x14</size>
         <input_file_ref idref="fl-8"/>
      </object_component>
      <object_component id="oc-1bd">
         <name>.bss</name>
         <uninitialized>true</uninitialized>
         <run_address>0x2000116c</run_address>
         <size>0x8</size>
         <input_file_ref idref="fl-8"/>
      </object_component>
      <object_component id="oc-23f">
         <name>.bss:ucHeap</name>
         <uninitialized>true</uninitialized>
         <run_address>0x20000000</run_address>
         <size>0x1000</size>
         <input_file_ref idref="fl-b"/>
      </object_component>
      <object_component id="oc-239">
         <name>.bss:xStart</name>
         <uninitialized>true</uninitialized>
         <run_address>0x2000117c</run_address>
         <size>0x8</size>
         <input_file_ref idref="fl-b"/>
      </object_component>
      <object_component id="oc-23c">
         <name>.bss:xEnd</name>
         <uninitialized>true</uninitialized>
         <run_address>0x20001174</run_address>
         <size>0x8</size>
         <input_file_ref idref="fl-b"/>
      </object_component>
      <object_component id="oc-166">
         <name>.common:ullTasksOutTime</name>
         <uninitialized>true</uninitialized>
         <run_address>0x200010cc</run_address>
         <size>0x34</size>
      </object_component>
      <object_component id="oc-15c">
         <name>.common:ullTasksInTime</name>
         <uninitialized>true</uninitialized>
         <run_address>0x20001098</run_address>
         <size>0x34</size>
      </object_component>
      <object_component id="oc-fd">
         <name>.common:ullTasksExecutionTime</name>
         <uninitialized>true</uninitialized>
         <run_address>0x20001064</run_address>
         <size>0x34</size>
      </object_component>
      <object_component id="oc-e1">
         <name>.common:Command_HC_D</name>
         <uninitialized>true</uninitialized>
         <run_address>0x20001184</run_address>
         <size>0x4</size>
      </object_component>
      <object_component id="oc-e2">
         <name>.common:Command_HC_P</name>
         <uninitialized>true</uninitialized>
         <run_address>0x20001188</run_address>
         <size>0x4</size>
      </object_component>
      <object_component id="oc-e3">
         <name>.common:Display_D</name>
         <uninitialized>true</uninitialized>
         <run_address>0x200011ac</run_address>
         <size>0x4</size>
      </object_component>
      <object_component id="oc-e4">
         <name>.common:Display_P</name>
         <uninitialized>true</uninitialized>
         <run_address>0x200011b0</run_address>
         <size>0x4</size>
      </object_component>
      <object_component id="oc-eb">
         <name>.common:eventTempSet</name>
         <uninitialized>true</uninitialized>
         <run_address>0x200011e8</run_address>
         <size>0x4</size>
      </object_component>
      <object_component id="oc-f4">
         <name>.common:CurrentTargetD</name>
         <uninitialized>true</uninitialized>
         <run_address>0x2000118c</run_address>
         <size>0x4</size>
      </object_component>
      <object_component id="oc-f8">
         <name>.common:CurrentTargetP</name>
         <uninitialized>true</uninitialized>
         <run_address>0x2000119c</run_address>
         <size>0x4</size>
      </object_component>
      <object_component id="oc-ec">
         <name>.common:SuprevisedTempD</name>
         <uninitialized>true</uninitialized>
         <run_address>0x200011b4</run_address>
         <size>0x4</size>
      </object_component>
      <object_component id="oc-ee">
         <name>.common:SuprevisedTempP</name>
         <uninitialized>true</uninitialized>
         <run_address>0x200011c4</run_address>
         <size>0x4</size>
      </object_component>
      <object_component id="oc-dc">
         <name>.common:SuprevisedTempDMutex</name>
         <uninitialized>true</uninitialized>
         <run_address>0x200011b8</run_address>
         <size>0x4</size>
      </object_component>
      <object_component id="oc-dd">
         <name>.common:SuprevisedTempPMutex</name>
         <uninitialized>true</uninitialized>
         <run_address>0x200011c8</run_address>
         <size>0x4</size>
      </object_component>
      <object_component id="oc-de">
         <name>.common:CurrentTargetDMutex</name>
         <uninitialized>true</uninitialized>
         <run_address>0x20001194</run_address>
         <size>0x4</size>
      </object_component>
      <object_component id="oc-df">
         <name>.common:CurrentTargetPMutex</name>
         <uninitialized>true</uninitialized>
         <run_address>0x200011a4</run_address>
         <size>0x4</size>
      </object_component>
      <object_component id="oc-e0">
         <name>.common:UARTMutex</name>
         <uninitialized>true</uninitialized>
         <run_address>0x200011dc</run_address>
         <size>0x4</size>
      </object_component>
      <object_component id="oc-ed">
         <name>.common:SuprevisedTempDReadingTaskLT</name>
         <uninitialized>true</uninitialized>
         <run_address>0x200011bc</run_address>
         <size>0x4</size>
      </object_component>
      <object_component id="oc-f3">
         <name>.common:SuprevisedTempDSupervisionTaskLT</name>
         <uninitialized>true</uninitialized>
         <run_address>0x200011c0</run_address>
         <size>0x4</size>
      </object_component>
      <object_component id="oc-ef">
         <name>.common:SuprevisedTempPReadingTaskLT</name>
         <uninitialized>true</uninitialized>
         <run_address>0x200011cc</run_address>
         <size>0x4</size>
      </object_component>
      <object_component id="oc-f6">
         <name>.common:SuprevisedTempPSupervisionTaskLT</name>
         <uninitialized>true</uninitialized>
         <run_address>0x200011d0</run_address>
         <size>0x4</size>
      </object_component>
      <object_component id="oc-f5">
         <name>.common:CurrentTargetDSupervisionTaskLT</name>
         <uninitialized>true</uninitialized>
         <run_address>0x20001198</run_address>
         <size>0x4</size>
      </object_component>
      <object_component id="oc-f9">
         <name>.common:CurrentTargetDHeating_CoolingTaskLT</name>
         <uninitialized>true</uninitialized>
         <run_address>0x20001190</run_address>
         <size>0x4</size>
      </object_component>
      <object_component id="oc-f7">
         <name>.common:CurrentTargetPSupervisionTaskLT</name>
         <uninitialized>true</uninitialized>
         <run_address>0x200011a8</run_address>
         <size>0x4</size>
      </object_component>
      <object_component id="oc-fa">
         <name>.common:CurrentTargetPHeating_CoolingTaskLT</name>
         <uninitialized>true</uninitialized>
         <run_address>0x200011a0</run_address>
         <size>0x4</size>
      </object_component>
      <object_component id="oc-fb">
         <name>.common:UARTDisplayTaskDLT</name>
         <uninitialized>true</uninitialized>
         <run_address>0x200011d4</run_address>
         <size>0x4</size>
      </object_component>
      <object_component id="oc-fc">
         <name>.common:UARTDisplayTaskPLT</name>
         <uninitialized>true</uninitialized>
         <run_address>0x200011d8</run_address>
         <size>0x4</size>
      </object_component>
      <object_component id="oc-fe">
         <name>.common:UARTOneTimeRunTimeMeasurementsTaskLT</name>
         <uninitialized>true</uninitialized>
         <run_address>0x200011e0</run_address>
         <size>0x4</size>
      </object_component>
      <object_component id="oc-ff">
         <name>.common:UARTRunTimeMeasurementsTaskLT</name>
         <uninitialized>true</uninitialized>
         <run_address>0x200011e4</run_address>
         <size>0x4</size>
      </object_component>
      <object_component id="oc-d2">
         <name>.common:vTemperatureSettingTaskForDSeatHandle</name>
         <uninitialized>true</uninitialized>
         <run_address>0x20001210</run_address>
         <size>0x4</size>
      </object_component>
      <object_component id="oc-d3">
         <name>.common:vTemperatureSettingTaskForPSeatHandle</name>
         <uninitialized>true</uninitialized>
         <run_address>0x20001214</run_address>
         <size>0x4</size>
      </object_component>
      <object_component id="oc-d4">
         <name>.common:vTemperatureReadingTaskForDSeatHandle</name>
         <uninitialized>true</uninitialized>
         <run_address>0x20001208</run_address>
         <size>0x4</size>
      </object_component>
      <object_component id="oc-d5">
         <name>.common:vTemperatureReadingTaskForPSeatHandle</name>
         <uninitialized>true</uninitialized>
         <run_address>0x2000120c</run_address>
         <size>0x4</size>
      </object_component>
      <object_component id="oc-d6">
         <name>.common:vHeating_CoolingTaskForDSeatHandle</name>
         <uninitialized>true</uninitialized>
         <run_address>0x200011f4</run_address>
         <size>0x4</size>
      </object_component>
      <object_component id="oc-d7">
         <name>.common:vHeating_CoolingTaskForPSeatHandle</name>
         <uninitialized>true</uninitialized>
         <run_address>0x200011f8</run_address>
         <size>0x4</size>
      </object_component>
      <object_component id="oc-d8">
         <name>.common:vDisplayTaskDHandle</name>
         <uninitialized>true</uninitialized>
         <run_address>0x200011ec</run_address>
         <size>0x4</size>
      </object_component>
      <object_component id="oc-d9">
         <name>.common:vDisplayTaskPHandle</name>
         <uninitialized>true</uninitialized>
         <run_address>0x200011f0</run_address>
         <size>0x4</size>
      </object_component>
      <object_component id="oc-da">
         <name>.common:vSupervisorTaskDHandle</name>
         <uninitialized>true</uninitialized>
         <run_address>0x20001200</run_address>
         <size>0x4</size>
      </object_component>
      <object_component id="oc-db">
         <name>.common:vSupervisorTaskPHandle</name>
         <uninitialized>true</uninitialized>
         <run_address>0x20001204</run_address>
         <size>0x4</size>
      </object_component>
      <object_component id="oc-cf">
         <name>.common:vRunTimeMeasurementsTaskHandle</name>
         <uninitialized>true</uninitialized>
         <run_address>0x200011fc</run_address>
         <size>0x4</size>
      </object_component>
      <object_component id="oc-24">
         <name>.stack</name>
         <uninitialized>true</uninitialized>
         <run_address>0x20001218</run_address>
         <size>0x4</size>
         <input_file_ref idref="fl-d2"/>
      </object_component>
      <object_component id="oc-30a">
         <name>.stack</name>
         <uninitialized>true</uninitialized>
         <run_address>0x20001218</run_address>
         <size>0x0</size>
      </object_component>
      <object_component id="oc-d0">
         <name>.debug_info</name>
         <load_address>0x0</load_address>
         <run_address>0x0</run_address>
         <size>0x1569</size>
         <input_file_ref idref="fl-2"/>
      </object_component>
      <object_component id="oc-f1">
         <name>.debug_info</name>
         <load_address>0x1569</load_address>
         <run_address>0x1569</run_address>
         <size>0x11a</size>
         <input_file_ref idref="fl-2"/>
      </object_component>
      <object_component id="oc-39">
         <name>.debug_info</name>
         <load_address>0x1683</load_address>
         <run_address>0x1683</run_address>
         <size>0x1e98</size>
         <input_file_ref idref="fl-2"/>
      </object_component>
      <object_component id="oc-177">
         <name>.debug_info</name>
         <load_address>0x351b</load_address>
         <run_address>0x351b</run_address>
         <size>0x30c</size>
         <input_file_ref idref="fl-2"/>
      </object_component>
      <object_component id="oc-111">
         <name>.debug_info</name>
         <load_address>0x3827</load_address>
         <run_address>0x3827</run_address>
         <size>0x26b</size>
         <input_file_ref idref="fl-2"/>
      </object_component>
      <object_component id="oc-181">
         <name>.debug_info</name>
         <load_address>0x3a92</load_address>
         <run_address>0x3a92</run_address>
         <size>0x3f8</size>
         <input_file_ref idref="fl-2"/>
      </object_component>
      <object_component id="oc-106">
         <name>.debug_info</name>
         <load_address>0x3e8a</load_address>
         <run_address>0x3e8a</run_address>
         <size>0x42</size>
         <input_file_ref idref="fl-2"/>
      </object_component>
      <object_component id="oc-1ab">
         <name>.debug_info</name>
         <load_address>0x3ecc</load_address>
         <run_address>0x3ecc</run_address>
         <size>0x4f</size>
         <input_file_ref idref="fl-2"/>
      </object_component>
      <object_component id="oc-1b5">
         <name>.debug_info</name>
         <load_address>0x3f1b</load_address>
         <run_address>0x3f1b</run_address>
         <size>0x2c</size>
         <input_file_ref idref="fl-2"/>
      </object_component>
      <object_component id="oc-4d">
         <name>.debug_info</name>
         <load_address>0x3f47</load_address>
         <run_address>0x3f47</run_address>
         <size>0x84</size>
         <input_file_ref idref="fl-2"/>
      </object_component>
      <object_component id="oc-97">
         <name>.debug_info</name>
         <load_address>0x3fcb</load_address>
         <run_address>0x3fcb</run_address>
         <size>0x2c</size>
         <input_file_ref idref="fl-2"/>
      </object_component>
      <object_component id="oc-1b0">
         <name>.debug_info</name>
         <load_address>0x3ff7</load_address>
         <run_address>0x3ff7</run_address>
         <size>0x4f</size>
         <input_file_ref idref="fl-2"/>
      </object_component>
      <object_component id="oc-186">
         <name>.debug_info</name>
         <load_address>0x4046</load_address>
         <run_address>0x4046</run_address>
         <size>0x2a4</size>
         <input_file_ref idref="fl-2"/>
      </object_component>
      <object_component id="oc-a1">
         <name>.debug_info</name>
         <load_address>0x42ea</load_address>
         <run_address>0x42ea</run_address>
         <size>0xbb</size>
         <input_file_ref idref="fl-2"/>
      </object_component>
      <object_component id="oc-101">
         <name>.debug_info</name>
         <load_address>0x43a5</load_address>
         <run_address>0x43a5</run_address>
         <size>0xae</size>
         <input_file_ref idref="fl-2"/>
      </object_component>
      <object_component id="oc-172">
         <name>.debug_info</name>
         <load_address>0x4453</load_address>
         <run_address>0x4453</run_address>
         <size>0x53</size>
         <input_file_ref idref="fl-2"/>
      </object_component>
      <object_component id="oc-9c">
         <name>.debug_info</name>
         <load_address>0x44a6</load_address>
         <run_address>0x44a6</run_address>
         <size>0x53</size>
         <input_file_ref idref="fl-2"/>
      </object_component>
      <object_component id="oc-17c">
         <name>.debug_info</name>
         <load_address>0x44f9</load_address>
         <run_address>0x44f9</run_address>
         <size>0x14c</size>
         <input_file_ref idref="fl-2"/>
      </object_component>
      <object_component id="oc-46">
         <name>.debug_info</name>
         <load_address>0x4645</load_address>
         <run_address>0x4645</run_address>
         <size>0x3fe</size>
         <input_file_ref idref="fl-3"/>
      </object_component>
      <object_component id="oc-13">
         <name>.debug_info</name>
         <load_address>0x4a43</load_address>
         <run_address>0x4a43</run_address>
         <size>0x11d</size>
         <input_file_ref idref="fl-3"/>
      </object_component>
      <object_component id="oc-28">
         <name>.debug_info</name>
         <load_address>0x4b60</load_address>
         <run_address>0x4b60</run_address>
         <size>0x299</size>
         <input_file_ref idref="fl-3"/>
      </object_component>
      <object_component id="oc-19e">
         <name>.debug_info</name>
         <load_address>0x4df9</load_address>
         <run_address>0x4df9</run_address>
         <size>0x6b8</size>
         <input_file_ref idref="fl-4"/>
      </object_component>
      <object_component id="oc-b2">
         <name>.debug_info</name>
         <load_address>0x54b1</load_address>
         <run_address>0x54b1</run_address>
         <size>0x13c6</size>
         <input_file_ref idref="fl-4"/>
      </object_component>
      <object_component id="oc-193">
         <name>.debug_info</name>
         <load_address>0x6877</load_address>
         <run_address>0x6877</run_address>
         <size>0x110</size>
         <input_file_ref idref="fl-4"/>
      </object_component>
      <object_component id="oc-231">
         <name>.debug_info</name>
         <load_address>0x6987</load_address>
         <run_address>0x6987</run_address>
         <size>0x3f8</size>
         <input_file_ref idref="fl-4"/>
      </object_component>
      <object_component id="oc-25b">
         <name>.debug_info</name>
         <load_address>0x6d7f</load_address>
         <run_address>0x6d7f</run_address>
         <size>0x62</size>
         <input_file_ref idref="fl-4"/>
      </object_component>
      <object_component id="oc-199">
         <name>.debug_info</name>
         <load_address>0x6de1</load_address>
         <run_address>0x6de1</run_address>
         <size>0x39</size>
         <input_file_ref idref="fl-4"/>
      </object_component>
      <object_component id="oc-245">
         <name>.debug_info</name>
         <load_address>0x6e1a</load_address>
         <run_address>0x6e1a</run_address>
         <size>0x3b6</size>
         <input_file_ref idref="fl-5"/>
      </object_component>
      <object_component id="oc-154">
         <name>.debug_info</name>
         <load_address>0x71d0</load_address>
         <run_address>0x71d0</run_address>
         <size>0x526</size>
         <input_file_ref idref="fl-5"/>
      </object_component>
      <object_component id="oc-192">
         <name>.debug_info</name>
         <load_address>0x76f6</load_address>
         <run_address>0x76f6</run_address>
         <size>0x91c</size>
         <input_file_ref idref="fl-6"/>
      </object_component>
      <object_component id="oc-ac">
         <name>.debug_info</name>
         <load_address>0x8012</load_address>
         <run_address>0x8012</run_address>
         <size>0x3222</size>
         <input_file_ref idref="fl-6"/>
      </object_component>
      <object_component id="oc-254">
         <name>.debug_info</name>
         <load_address>0xb234</load_address>
         <run_address>0xb234</run_address>
         <size>0x1c7</size>
         <input_file_ref idref="fl-6"/>
      </object_component>
      <object_component id="oc-18d">
         <name>.debug_info</name>
         <load_address>0xb3fb</load_address>
         <run_address>0xb3fb</run_address>
         <size>0x46</size>
         <input_file_ref idref="fl-6"/>
      </object_component>
      <object_component id="oc-227">
         <name>.debug_info</name>
         <load_address>0xb441</load_address>
         <run_address>0xb441</run_address>
         <size>0x35</size>
         <input_file_ref idref="fl-6"/>
      </object_component>
      <object_component id="oc-145">
         <name>.debug_info</name>
         <load_address>0xb476</load_address>
         <run_address>0xb476</run_address>
         <size>0x891</size>
         <input_file_ref idref="fl-7"/>
      </object_component>
      <object_component id="oc-86">
         <name>.debug_info</name>
         <load_address>0xbd07</load_address>
         <run_address>0xbd07</run_address>
         <size>0x332</size>
         <input_file_ref idref="fl-7"/>
      </object_component>
      <object_component id="oc-15a">
         <name>.debug_info</name>
         <load_address>0xc039</load_address>
         <run_address>0xc039</run_address>
         <size>0x124</size>
         <input_file_ref idref="fl-7"/>
      </object_component>
      <object_component id="oc-168">
         <name>.debug_info</name>
         <load_address>0xc15d</load_address>
         <run_address>0xc15d</run_address>
         <size>0x124</size>
         <input_file_ref idref="fl-7"/>
      </object_component>
      <object_component id="oc-16b">
         <name>.debug_info</name>
         <load_address>0xc281</load_address>
         <run_address>0xc281</run_address>
         <size>0x124</size>
         <input_file_ref idref="fl-7"/>
      </object_component>
      <object_component id="oc-164">
         <name>.debug_info</name>
         <load_address>0xc3a5</load_address>
         <run_address>0xc3a5</run_address>
         <size>0x167</size>
         <input_file_ref idref="fl-7"/>
      </object_component>
      <object_component id="oc-161">
         <name>.debug_info</name>
         <load_address>0xc50c</load_address>
         <run_address>0xc50c</run_address>
         <size>0x124</size>
         <input_file_ref idref="fl-7"/>
      </object_component>
      <object_component id="oc-15e">
         <name>.debug_info</name>
         <load_address>0xc630</load_address>
         <run_address>0xc630</run_address>
         <size>0x125</size>
         <input_file_ref idref="fl-7"/>
      </object_component>
      <object_component id="oc-8c">
         <name>.debug_info</name>
         <load_address>0xc755</load_address>
         <run_address>0xc755</run_address>
         <size>0x43f4</size>
         <input_file_ref idref="fl-7"/>
      </object_component>
      <object_component id="oc-146">
         <name>.debug_info</name>
         <load_address>0x10b49</load_address>
         <run_address>0x10b49</run_address>
         <size>0x303</size>
         <input_file_ref idref="fl-7"/>
      </object_component>
      <object_component id="oc-22c">
         <name>.debug_info</name>
         <load_address>0x10e4c</load_address>
         <run_address>0x10e4c</run_address>
         <size>0x130</size>
         <input_file_ref idref="fl-7"/>
      </object_component>
      <object_component id="oc-1cc">
         <name>.debug_info</name>
         <load_address>0x10f7c</load_address>
         <run_address>0x10f7c</run_address>
         <size>0x867</size>
         <input_file_ref idref="fl-8"/>
      </object_component>
      <object_component id="oc-1c1">
         <name>.debug_info</name>
         <load_address>0x117e3</load_address>
         <run_address>0x117e3</run_address>
         <size>0x124</size>
         <input_file_ref idref="fl-8"/>
      </object_component>
      <object_component id="oc-1c4">
         <name>.debug_info</name>
         <load_address>0x11907</load_address>
         <run_address>0x11907</run_address>
         <size>0x124</size>
         <input_file_ref idref="fl-8"/>
      </object_component>
      <object_component id="oc-1be">
         <name>.debug_info</name>
         <load_address>0x11a2b</load_address>
         <run_address>0x11a2b</run_address>
         <size>0x15c</size>
         <input_file_ref idref="fl-8"/>
      </object_component>
      <object_component id="oc-1bb">
         <name>.debug_info</name>
         <load_address>0x11b87</load_address>
         <run_address>0x11b87</run_address>
         <size>0x148</size>
         <input_file_ref idref="fl-8"/>
      </object_component>
      <object_component id="oc-e6">
         <name>.debug_info</name>
         <load_address>0x11ccf</load_address>
         <run_address>0x11ccf</run_address>
         <size>0x23df</size>
         <input_file_ref idref="fl-8"/>
      </object_component>
      <object_component id="oc-1cd">
         <name>.debug_info</name>
         <load_address>0x140ae</load_address>
         <run_address>0x140ae</run_address>
         <size>0x1ce</size>
         <input_file_ref idref="fl-8"/>
      </object_component>
      <object_component id="oc-1c7">
         <name>.debug_info</name>
         <load_address>0x1427c</load_address>
         <run_address>0x1427c</run_address>
         <size>0x46</size>
         <input_file_ref idref="fl-8"/>
      </object_component>
      <object_component id="oc-96">
         <name>.debug_info</name>
         <load_address>0x142c2</load_address>
         <run_address>0x142c2</run_address>
         <size>0x49d</size>
         <input_file_ref idref="fl-9"/>
      </object_component>
      <object_component id="oc-89">
         <name>.debug_info</name>
         <load_address>0x1475f</load_address>
         <run_address>0x1475f</run_address>
         <size>0x199</size>
         <input_file_ref idref="fl-9"/>
      </object_component>
      <object_component id="oc-93">
         <name>.debug_info</name>
         <load_address>0x148f8</load_address>
         <run_address>0x148f8</run_address>
         <size>0x1a4</size>
         <input_file_ref idref="fl-9"/>
      </object_component>
      <object_component id="oc-33">
         <name>.debug_info</name>
         <load_address>0x14a9c</load_address>
         <run_address>0x14a9c</run_address>
         <size>0x930</size>
         <input_file_ref idref="fl-9"/>
      </object_component>
      <object_component id="oc-2e">
         <name>.debug_info</name>
         <load_address>0x153cc</load_address>
         <run_address>0x153cc</run_address>
         <size>0x286</size>
         <input_file_ref idref="fl-a"/>
      </object_component>
      <object_component id="oc-243">
         <name>.debug_info</name>
         <load_address>0x15652</load_address>
         <run_address>0x15652</run_address>
         <size>0x48d</size>
         <input_file_ref idref="fl-b"/>
      </object_component>
      <object_component id="oc-240">
         <name>.debug_info</name>
         <load_address>0x15adf</load_address>
         <run_address>0x15adf</run_address>
         <size>0x11f</size>
         <input_file_ref idref="fl-b"/>
      </object_component>
      <object_component id="oc-23a">
         <name>.debug_info</name>
         <load_address>0x15bfe</load_address>
         <run_address>0x15bfe</run_address>
         <size>0x11f</size>
         <input_file_ref idref="fl-b"/>
      </object_component>
      <object_component id="oc-23d">
         <name>.debug_info</name>
         <load_address>0x15d1d</load_address>
         <run_address>0x15d1d</run_address>
         <size>0x11b</size>
         <input_file_ref idref="fl-b"/>
      </object_component>
      <object_component id="oc-237">
         <name>.debug_info</name>
         <load_address>0x15e38</load_address>
         <run_address>0x15e38</run_address>
         <size>0x139</size>
         <input_file_ref idref="fl-b"/>
      </object_component>
      <object_component id="oc-14f">
         <name>.debug_info</name>
         <load_address>0x15f71</load_address>
         <run_address>0x15f71</run_address>
         <size>0x85d</size>
         <input_file_ref idref="fl-b"/>
      </object_component>
      <object_component id="oc-29d">
         <name>.debug_info</name>
         <load_address>0x167ce</load_address>
         <run_address>0x167ce</run_address>
         <size>0x62</size>
         <input_file_ref idref="fl-b"/>
      </object_component>
      <object_component id="oc-1d6">
         <name>.debug_info</name>
         <load_address>0x16830</load_address>
         <run_address>0x16830</run_address>
         <size>0x287</size>
         <input_file_ref idref="fl-c"/>
      </object_component>
      <object_component id="oc-10c">
         <name>.debug_info</name>
         <load_address>0x16ab7</load_address>
         <run_address>0x16ab7</run_address>
         <size>0x130</size>
         <input_file_ref idref="fl-c"/>
      </object_component>
      <object_component id="oc-40">
         <name>.debug_info</name>
         <load_address>0x16be7</load_address>
         <run_address>0x16be7</run_address>
         <size>0x462</size>
         <input_file_ref idref="fl-c"/>
      </object_component>
      <object_component id="oc-cb">
         <name>.debug_info</name>
         <load_address>0x17049</load_address>
         <run_address>0x17049</run_address>
         <size>0x2e2</size>
         <input_file_ref idref="fl-d"/>
      </object_component>
      <object_component id="oc-bb">
         <name>.debug_info</name>
         <load_address>0x1732b</load_address>
         <run_address>0x1732b</run_address>
         <size>0x816</size>
         <input_file_ref idref="fl-e"/>
      </object_component>
      <object_component id="oc-c5">
         <name>.debug_info</name>
         <load_address>0x17b41</load_address>
         <run_address>0x17b41</run_address>
         <size>0x1c4</size>
         <input_file_ref idref="fl-f"/>
      </object_component>
      <object_component id="oc-1a6">
         <name>.debug_info</name>
         <load_address>0x17d05</load_address>
         <run_address>0x17d05</run_address>
         <size>0x29e</size>
         <input_file_ref idref="fl-10"/>
      </object_component>
      <object_component id="oc-be">
         <name>.debug_info</name>
         <load_address>0x17fa3</load_address>
         <run_address>0x17fa3</run_address>
         <size>0x49e</size>
         <input_file_ref idref="fl-10"/>
      </object_component>
      <object_component id="oc-a8">
         <name>.debug_info</name>
         <load_address>0x18441</load_address>
         <run_address>0x18441</run_address>
         <size>0x122</size>
         <input_file_ref idref="fl-ca"/>
      </object_component>
      <object_component id="oc-53">
         <name>.debug_info</name>
         <load_address>0x18563</load_address>
         <run_address>0x18563</run_address>
         <size>0x119</size>
         <input_file_ref idref="fl-cb"/>
      </object_component>
      <object_component id="oc-12d">
         <name>.debug_info</name>
         <load_address>0x1867c</load_address>
         <run_address>0x1867c</run_address>
         <size>0x147</size>
         <input_file_ref idref="fl-cc"/>
      </object_component>
      <object_component id="oc-1a1">
         <name>.debug_info</name>
         <load_address>0x187c3</load_address>
         <run_address>0x187c3</run_address>
         <size>0x13f</size>
         <input_file_ref idref="fl-cd"/>
      </object_component>
      <object_component id="oc-266">
         <name>.debug_info</name>
         <load_address>0x18902</load_address>
         <run_address>0x18902</run_address>
         <size>0x134</size>
         <input_file_ref idref="fl-ce"/>
      </object_component>
      <object_component id="oc-12a">
         <name>.debug_info</name>
         <load_address>0x18a36</load_address>
         <run_address>0x18a36</run_address>
         <size>0x2d4</size>
         <input_file_ref idref="fl-cf"/>
      </object_component>
      <object_component id="oc-67">
         <name>.debug_info</name>
         <load_address>0x18d0a</load_address>
         <run_address>0x18d0a</run_address>
         <size>0x1b5</size>
         <input_file_ref idref="fl-cf"/>
      </object_component>
      <object_component id="oc-125">
         <name>.debug_info</name>
         <load_address>0x18ebf</load_address>
         <run_address>0x18ebf</run_address>
         <size>0x46</size>
         <input_file_ref idref="fl-cf"/>
      </object_component>
      <object_component id="oc-1de">
         <name>.debug_info</name>
         <load_address>0x18f05</load_address>
         <run_address>0x18f05</run_address>
         <size>0x2c</size>
         <input_file_ref idref="fl-cf"/>
      </object_component>
      <object_component id="oc-5d">
         <name>.debug_info</name>
         <load_address>0x18f31</load_address>
         <run_address>0x18f31</run_address>
         <size>0x2a8</size>
         <input_file_ref idref="fl-d0"/>
      </object_component>
      <object_component id="oc-1e">
         <name>.debug_info</name>
         <load_address>0x191d9</load_address>
         <run_address>0x191d9</run_address>
         <size>0x1ea</size>
         <input_file_ref idref="fl-d0"/>
      </object_component>
      <object_component id="oc-58">
         <name>.debug_info</name>
         <load_address>0x193c3</load_address>
         <run_address>0x193c3</run_address>
         <size>0x46</size>
         <input_file_ref idref="fl-d0"/>
      </object_component>
      <object_component id="oc-11d">
         <name>.debug_info</name>
         <load_address>0x19409</load_address>
         <run_address>0x19409</run_address>
         <size>0x2c</size>
         <input_file_ref idref="fl-d0"/>
      </object_component>
      <object_component id="oc-11b">
         <name>.debug_info</name>
         <load_address>0x19435</load_address>
         <run_address>0x19435</run_address>
         <size>0x29e</size>
         <input_file_ref idref="fl-d1"/>
      </object_component>
      <object_component id="oc-16">
         <name>.debug_info</name>
         <load_address>0x196d3</load_address>
         <run_address>0x196d3</run_address>
         <size>0x250</size>
         <input_file_ref idref="fl-d1"/>
      </object_component>
      <object_component id="oc-48">
         <name>.debug_info</name>
         <load_address>0x19923</load_address>
         <run_address>0x19923</run_address>
         <size>0x60</size>
         <input_file_ref idref="fl-d1"/>
      </object_component>
      <object_component id="oc-1d7">
         <name>.debug_info</name>
         <load_address>0x19983</load_address>
         <run_address>0x19983</run_address>
         <size>0x46</size>
         <input_file_ref idref="fl-d1"/>
      </object_component>
      <object_component id="oc-116">
         <name>.debug_info</name>
         <load_address>0x199c9</load_address>
         <run_address>0x199c9</run_address>
         <size>0x39</size>
         <input_file_ref idref="fl-d1"/>
      </object_component>
      <object_component id="oc-25">
         <name>.debug_info</name>
         <load_address>0x19a02</load_address>
         <run_address>0x19a02</run_address>
         <size>0x10b</size>
         <input_file_ref idref="fl-d2"/>
      </object_component>
      <object_component id="oc-74">
         <name>.debug_info</name>
         <load_address>0x19b0d</load_address>
         <run_address>0x19b0d</run_address>
         <size>0x1a9</size>
         <input_file_ref idref="fl-d2"/>
      </object_component>
      <object_component id="oc-263">
         <name>.debug_info</name>
         <load_address>0x19cb6</load_address>
         <run_address>0x19cb6</run_address>
         <size>0x115</size>
         <input_file_ref idref="fl-d3"/>
      </object_component>
      <object_component id="oc-284">
         <name>.debug_info</name>
         <load_address>0x19dcb</load_address>
         <run_address>0x19dcb</run_address>
         <size>0x4b3</size>
         <input_file_ref idref="fl-d4"/>
      </object_component>
      <object_component id="oc-1f5">
         <name>.debug_info</name>
         <load_address>0x1a27e</load_address>
         <run_address>0x1a27e</run_address>
         <size>0x1a6</size>
         <input_file_ref idref="fl-d4"/>
      </object_component>
      <object_component id="oc-2bc">
         <name>.debug_info</name>
         <load_address>0x1a424</load_address>
         <run_address>0x1a424</run_address>
         <size>0x39</size>
         <input_file_ref idref="fl-d4"/>
      </object_component>
      <object_component id="oc-2d0">
         <name>.debug_info</name>
         <load_address>0x1a45d</load_address>
         <run_address>0x1a45d</run_address>
         <size>0x39</size>
         <input_file_ref idref="fl-d4"/>
      </object_component>
      <object_component id="oc-2c1">
         <name>.debug_info</name>
         <load_address>0x1a496</load_address>
         <run_address>0x1a496</run_address>
         <size>0x39</size>
         <input_file_ref idref="fl-d4"/>
      </object_component>
      <object_component id="oc-2c6">
         <name>.debug_info</name>
         <load_address>0x1a4cf</load_address>
         <run_address>0x1a4cf</run_address>
         <size>0xcd</size>
         <input_file_ref idref="fl-d4"/>
      </object_component>
      <object_component id="oc-132">
         <name>.debug_info</name>
         <load_address>0x1a59c</load_address>
         <run_address>0x1a59c</run_address>
         <size>0x153</size>
         <input_file_ref idref="fl-d5"/>
      </object_component>
      <object_component id="oc-1e9">
         <name>.debug_info</name>
         <load_address>0x1a6ef</load_address>
         <run_address>0x1a6ef</run_address>
         <size>0x122</size>
         <input_file_ref idref="fl-d7"/>
      </object_component>
      <object_component id="oc-30b">
         <name>.debug_info</name>
         <load_address>0x1a811</load_address>
         <run_address>0x1a811</run_address>
         <size>0xd0</size>
      </object_component>
      <object_component id="oc-1aa">
         <name>.debug_line</name>
         <load_address>0x0</load_address>
         <run_address>0x0</run_address>
         <size>0x3ef</size>
         <input_file_ref idref="fl-2"/>
      </object_component>
      <object_component id="oc-1d3">
         <name>.debug_line</name>
         <load_address>0x3ef</load_address>
         <run_address>0x3ef</run_address>
         <size>0x2d</size>
         <input_file_ref idref="fl-2"/>
      </object_component>
      <object_component id="oc-3c">
         <name>.debug_line</name>
         <load_address>0x41c</load_address>
         <run_address>0x41c</run_address>
         <size>0x34f</size>
         <input_file_ref idref="fl-2"/>
      </object_component>
      <object_component id="oc-17a">
         <name>.debug_line</name>
         <load_address>0x76b</load_address>
         <run_address>0x76b</run_address>
         <size>0x9e</size>
         <input_file_ref idref="fl-2"/>
      </object_component>
      <object_component id="oc-114">
         <name>.debug_line</name>
         <load_address>0x809</load_address>
         <run_address>0x809</run_address>
         <size>0x7a</size>
         <input_file_ref idref="fl-2"/>
      </object_component>
      <object_component id="oc-184">
         <name>.debug_line</name>
         <load_address>0x883</load_address>
         <run_address>0x883</run_address>
         <size>0xa2</size>
         <input_file_ref idref="fl-2"/>
      </object_component>
      <object_component id="oc-109">
         <name>.debug_line</name>
         <load_address>0x925</load_address>
         <run_address>0x925</run_address>
         <size>0xa6</size>
         <input_file_ref idref="fl-2"/>
      </object_component>
      <object_component id="oc-1ae">
         <name>.debug_line</name>
         <load_address>0x9cb</load_address>
         <run_address>0x9cb</run_address>
         <size>0x9f</size>
         <input_file_ref idref="fl-2"/>
      </object_component>
      <object_component id="oc-1b8">
         <name>.debug_line</name>
         <load_address>0xa6a</load_address>
         <run_address>0xa6a</run_address>
         <size>0xa0</size>
         <input_file_ref idref="fl-2"/>
      </object_component>
      <object_component id="oc-50">
         <name>.debug_line</name>
         <load_address>0xb0a</load_address>
         <run_address>0xb0a</run_address>
         <size>0x20</size>
         <input_file_ref idref="fl-2"/>
      </object_component>
      <object_component id="oc-9a">
         <name>.debug_line</name>
         <load_address>0xb2a</load_address>
         <run_address>0xb2a</run_address>
         <size>0xa2</size>
         <input_file_ref idref="fl-2"/>
      </object_component>
      <object_component id="oc-1b3">
         <name>.debug_line</name>
         <load_address>0xbcc</load_address>
         <run_address>0xbcc</run_address>
         <size>0xa0</size>
         <input_file_ref idref="fl-2"/>
      </object_component>
      <object_component id="oc-189">
         <name>.debug_line</name>
         <load_address>0xc6c</load_address>
         <run_address>0xc6c</run_address>
         <size>0x7e</size>
         <input_file_ref idref="fl-2"/>
      </object_component>
      <object_component id="oc-a4">
         <name>.debug_line</name>
         <load_address>0xcea</load_address>
         <run_address>0xcea</run_address>
         <size>0x7b</size>
         <input_file_ref idref="fl-2"/>
      </object_component>
      <object_component id="oc-104">
         <name>.debug_line</name>
         <load_address>0xd65</load_address>
         <run_address>0xd65</run_address>
         <size>0x92</size>
         <input_file_ref idref="fl-2"/>
      </object_component>
      <object_component id="oc-175">
         <name>.debug_line</name>
         <load_address>0xdf7</load_address>
         <run_address>0xdf7</run_address>
         <size>0x76</size>
         <input_file_ref idref="fl-2"/>
      </object_component>
      <object_component id="oc-9f">
         <name>.debug_line</name>
         <load_address>0xe6d</load_address>
         <run_address>0xe6d</run_address>
         <size>0xb1</size>
         <input_file_ref idref="fl-2"/>
      </object_component>
      <object_component id="oc-17f">
         <name>.debug_line</name>
         <load_address>0xf1e</load_address>
         <run_address>0xf1e</run_address>
         <size>0x9e</size>
         <input_file_ref idref="fl-2"/>
      </object_component>
      <object_component id="oc-110">
         <name>.debug_line</name>
         <load_address>0xfbc</load_address>
         <run_address>0xfbc</run_address>
         <size>0x41</size>
         <input_file_ref idref="fl-3"/>
      </object_component>
      <object_component id="oc-45">
         <name>.debug_line</name>
         <load_address>0xffd</load_address>
         <run_address>0xffd</run_address>
         <size>0x41</size>
         <input_file_ref idref="fl-3"/>
      </object_component>
      <object_component id="oc-2b">
         <name>.debug_line</name>
         <load_address>0x103e</load_address>
         <run_address>0x103e</run_address>
         <size>0xa1</size>
         <input_file_ref idref="fl-3"/>
      </object_component>
      <object_component id="oc-25a">
         <name>.debug_line</name>
         <load_address>0x10df</load_address>
         <run_address>0x10df</run_address>
         <size>0x22f</size>
         <input_file_ref idref="fl-4"/>
      </object_component>
      <object_component id="oc-b5">
         <name>.debug_line</name>
         <load_address>0x130e</load_address>
         <run_address>0x130e</run_address>
         <size>0x2f0</size>
         <input_file_ref idref="fl-4"/>
      </object_component>
      <object_component id="oc-196">
         <name>.debug_line</name>
         <load_address>0x15fe</load_address>
         <run_address>0x15fe</run_address>
         <size>0x76</size>
         <input_file_ref idref="fl-4"/>
      </object_component>
      <object_component id="oc-234">
         <name>.debug_line</name>
         <load_address>0x1674</load_address>
         <run_address>0x1674</run_address>
         <size>0xa2</size>
         <input_file_ref idref="fl-4"/>
      </object_component>
      <object_component id="oc-25e">
         <name>.debug_line</name>
         <load_address>0x1716</load_address>
         <run_address>0x1716</run_address>
         <size>0x45</size>
         <input_file_ref idref="fl-4"/>
      </object_component>
      <object_component id="oc-19c">
         <name>.debug_line</name>
         <load_address>0x175b</load_address>
         <run_address>0x175b</run_address>
         <size>0xa6</size>
         <input_file_ref idref="fl-4"/>
      </object_component>
      <object_component id="oc-2a9">
         <name>.debug_line</name>
         <load_address>0x1801</load_address>
         <run_address>0x1801</run_address>
         <size>0x20</size>
         <input_file_ref idref="fl-5"/>
      </object_component>
      <object_component id="oc-158">
         <name>.debug_line</name>
         <load_address>0x1821</load_address>
         <run_address>0x1821</run_address>
         <size>0xf0</size>
         <input_file_ref idref="fl-5"/>
      </object_component>
      <object_component id="oc-253">
         <name>.debug_line</name>
         <load_address>0x1911</load_address>
         <run_address>0x1911</run_address>
         <size>0x22f</size>
         <input_file_ref idref="fl-6"/>
      </object_component>
      <object_component id="oc-b0">
         <name>.debug_line</name>
         <load_address>0x1b40</load_address>
         <run_address>0x1b40</run_address>
         <size>0x773</size>
         <input_file_ref idref="fl-6"/>
      </object_component>
      <object_component id="oc-257">
         <name>.debug_line</name>
         <load_address>0x22b3</load_address>
         <run_address>0x22b3</run_address>
         <size>0x3e</size>
         <input_file_ref idref="fl-6"/>
      </object_component>
      <object_component id="oc-190">
         <name>.debug_line</name>
         <load_address>0x22f1</load_address>
         <run_address>0x22f1</run_address>
         <size>0x9f</size>
         <input_file_ref idref="fl-6"/>
      </object_component>
      <object_component id="oc-22a">
         <name>.debug_line</name>
         <load_address>0x2390</load_address>
         <run_address>0x2390</run_address>
         <size>0x7f</size>
         <input_file_ref idref="fl-6"/>
      </object_component>
      <object_component id="oc-226">
         <name>.debug_line</name>
         <load_address>0x240f</load_address>
         <run_address>0x240f</run_address>
         <size>0x367</size>
         <input_file_ref idref="fl-7"/>
      </object_component>
      <object_component id="oc-144">
         <name>.debug_line</name>
         <load_address>0x2776</load_address>
         <run_address>0x2776</run_address>
         <size>0x3e</size>
         <input_file_ref idref="fl-7"/>
      </object_component>
      <object_component id="oc-247">
         <name>.debug_line</name>
         <load_address>0x27b4</load_address>
         <run_address>0x27b4</run_address>
         <size>0x3e</size>
         <input_file_ref idref="fl-7"/>
      </object_component>
      <object_component id="oc-24f">
         <name>.debug_line</name>
         <load_address>0x27f2</load_address>
         <run_address>0x27f2</run_address>
         <size>0x3e</size>
         <input_file_ref idref="fl-7"/>
      </object_component>
      <object_component id="oc-251">
         <name>.debug_line</name>
         <load_address>0x2830</load_address>
         <run_address>0x2830</run_address>
         <size>0x3e</size>
         <input_file_ref idref="fl-7"/>
      </object_component>
      <object_component id="oc-24d">
         <name>.debug_line</name>
         <load_address>0x286e</load_address>
         <run_address>0x286e</run_address>
         <size>0x3e</size>
         <input_file_ref idref="fl-7"/>
      </object_component>
      <object_component id="oc-24b">
         <name>.debug_line</name>
         <load_address>0x28ac</load_address>
         <run_address>0x28ac</run_address>
         <size>0x3e</size>
         <input_file_ref idref="fl-7"/>
      </object_component>
      <object_component id="oc-249">
         <name>.debug_line</name>
         <load_address>0x28ea</load_address>
         <run_address>0x28ea</run_address>
         <size>0x3e</size>
         <input_file_ref idref="fl-7"/>
      </object_component>
      <object_component id="oc-90">
         <name>.debug_line</name>
         <load_address>0x2928</load_address>
         <run_address>0x2928</run_address>
         <size>0xa79</size>
         <input_file_ref idref="fl-7"/>
      </object_component>
      <object_component id="oc-149">
         <name>.debug_line</name>
         <load_address>0x33a1</load_address>
         <run_address>0x33a1</run_address>
         <size>0x9e</size>
         <input_file_ref idref="fl-7"/>
      </object_component>
      <object_component id="oc-22f">
         <name>.debug_line</name>
         <load_address>0x343f</load_address>
         <run_address>0x343f</run_address>
         <size>0x3e</size>
         <input_file_ref idref="fl-7"/>
      </object_component>
      <object_component id="oc-276">
         <name>.debug_line</name>
         <load_address>0x347d</load_address>
         <run_address>0x347d</run_address>
         <size>0x2ae</size>
         <input_file_ref idref="fl-8"/>
      </object_component>
      <object_component id="oc-272">
         <name>.debug_line</name>
         <load_address>0x372b</load_address>
         <run_address>0x372b</run_address>
         <size>0x3f</size>
         <input_file_ref idref="fl-8"/>
      </object_component>
      <object_component id="oc-274">
         <name>.debug_line</name>
         <load_address>0x376a</load_address>
         <run_address>0x376a</run_address>
         <size>0x3f</size>
         <input_file_ref idref="fl-8"/>
      </object_component>
      <object_component id="oc-270">
         <name>.debug_line</name>
         <load_address>0x37a9</load_address>
         <run_address>0x37a9</run_address>
         <size>0x3f</size>
         <input_file_ref idref="fl-8"/>
      </object_component>
      <object_component id="oc-26e">
         <name>.debug_line</name>
         <load_address>0x37e8</load_address>
         <run_address>0x37e8</run_address>
         <size>0x3f</size>
         <input_file_ref idref="fl-8"/>
      </object_component>
      <object_component id="oc-ea">
         <name>.debug_line</name>
         <load_address>0x3827</load_address>
         <run_address>0x3827</run_address>
         <size>0x4d8</size>
         <input_file_ref idref="fl-8"/>
      </object_component>
      <object_component id="oc-1d0">
         <name>.debug_line</name>
         <load_address>0x3cff</load_address>
         <run_address>0x3cff</run_address>
         <size>0x3f</size>
         <input_file_ref idref="fl-8"/>
      </object_component>
      <object_component id="oc-1ca">
         <name>.debug_line</name>
         <load_address>0x3d3e</load_address>
         <run_address>0x3d3e</run_address>
         <size>0xa0</size>
         <input_file_ref idref="fl-8"/>
      </object_component>
      <object_component id="oc-171">
         <name>.debug_line</name>
         <load_address>0x3dde</load_address>
         <run_address>0x3dde</run_address>
         <size>0xd1</size>
         <input_file_ref idref="fl-9"/>
      </object_component>
      <object_component id="oc-14c">
         <name>.debug_line</name>
         <load_address>0x3eaf</load_address>
         <run_address>0x3eaf</run_address>
         <size>0x53</size>
         <input_file_ref idref="fl-9"/>
      </object_component>
      <object_component id="oc-16f">
         <name>.debug_line</name>
         <load_address>0x3f02</load_address>
         <run_address>0x3f02</run_address>
         <size>0x53</size>
         <input_file_ref idref="fl-9"/>
      </object_component>
      <object_component id="oc-36">
         <name>.debug_line</name>
         <load_address>0x3f55</load_address>
         <run_address>0x3f55</run_address>
         <size>0x192</size>
         <input_file_ref idref="fl-9"/>
      </object_component>
      <object_component id="oc-31">
         <name>.debug_line</name>
         <load_address>0x40e7</load_address>
         <run_address>0x40e7</run_address>
         <size>0xe8</size>
         <input_file_ref idref="fl-a"/>
      </object_component>
      <object_component id="oc-2a7">
         <name>.debug_line</name>
         <load_address>0x41cf</load_address>
         <run_address>0x41cf</run_address>
         <size>0xf4</size>
         <input_file_ref idref="fl-b"/>
      </object_component>
      <object_component id="oc-2a5">
         <name>.debug_line</name>
         <load_address>0x42c3</load_address>
         <run_address>0x42c3</run_address>
         <size>0x50</size>
         <input_file_ref idref="fl-b"/>
      </object_component>
      <object_component id="oc-29c">
         <name>.debug_line</name>
         <load_address>0x4313</load_address>
         <run_address>0x4313</run_address>
         <size>0x50</size>
         <input_file_ref idref="fl-b"/>
      </object_component>
      <object_component id="oc-2a3">
         <name>.debug_line</name>
         <load_address>0x4363</load_address>
         <run_address>0x4363</run_address>
         <size>0x50</size>
         <input_file_ref idref="fl-b"/>
      </object_component>
      <object_component id="oc-29a">
         <name>.debug_line</name>
         <load_address>0x43b3</load_address>
         <run_address>0x43b3</run_address>
         <size>0x50</size>
         <input_file_ref idref="fl-b"/>
      </object_component>
      <object_component id="oc-14e">
         <name>.debug_line</name>
         <load_address>0x4403</load_address>
         <run_address>0x4403</run_address>
         <size>0x15a</size>
         <input_file_ref idref="fl-b"/>
      </object_component>
      <object_component id="oc-2a0">
         <name>.debug_line</name>
         <load_address>0x455d</load_address>
         <run_address>0x455d</run_address>
         <size>0x50</size>
         <input_file_ref idref="fl-b"/>
      </object_component>
      <object_component id="oc-278">
         <name>.debug_line</name>
         <load_address>0x45ad</load_address>
         <run_address>0x45ad</run_address>
         <size>0x20</size>
         <input_file_ref idref="fl-c"/>
      </object_component>
      <object_component id="oc-1d5">
         <name>.debug_line</name>
         <load_address>0x45cd</load_address>
         <run_address>0x45cd</run_address>
         <size>0x35</size>
         <input_file_ref idref="fl-c"/>
      </object_component>
      <object_component id="oc-3f">
         <name>.debug_line</name>
         <load_address>0x4602</load_address>
         <run_address>0x4602</run_address>
         <size>0x124</size>
         <input_file_ref idref="fl-c"/>
      </object_component>
      <object_component id="oc-ce">
         <name>.debug_line</name>
         <load_address>0x4726</load_address>
         <run_address>0x4726</run_address>
         <size>0xa4</size>
         <input_file_ref idref="fl-d"/>
      </object_component>
      <object_component id="oc-b8">
         <name>.debug_line</name>
         <load_address>0x47ca</load_address>
         <run_address>0x47ca</run_address>
         <size>0x209</size>
         <input_file_ref idref="fl-e"/>
      </object_component>
      <object_component id="oc-c8">
         <name>.debug_line</name>
         <load_address>0x49d3</load_address>
         <run_address>0x49d3</run_address>
         <size>0x69</size>
         <input_file_ref idref="fl-f"/>
      </object_component>
      <object_component id="oc-26c">
         <name>.debug_line</name>
         <load_address>0x4a3c</load_address>
         <run_address>0x4a3c</run_address>
         <size>0x20</size>
         <input_file_ref idref="fl-10"/>
      </object_component>
      <object_component id="oc-c2">
         <name>.debug_line</name>
         <load_address>0x4a5c</load_address>
         <run_address>0x4a5c</run_address>
         <size>0x11b</size>
         <input_file_ref idref="fl-10"/>
      </object_component>
      <object_component id="oc-a7">
         <name>.debug_line</name>
         <load_address>0x4b77</load_address>
         <run_address>0x4b77</run_address>
         <size>0x43</size>
         <input_file_ref idref="fl-ca"/>
      </object_component>
      <object_component id="oc-56">
         <name>.debug_line</name>
         <load_address>0x4bba</load_address>
         <run_address>0x4bba</run_address>
         <size>0x88</size>
         <input_file_ref idref="fl-cb"/>
      </object_component>
      <object_component id="oc-12c">
         <name>.debug_line</name>
         <load_address>0x4c42</load_address>
         <run_address>0x4c42</run_address>
         <size>0x79</size>
         <input_file_ref idref="fl-cc"/>
      </object_component>
      <object_component id="oc-1a4">
         <name>.debug_line</name>
         <load_address>0x4cbb</load_address>
         <run_address>0x4cbb</run_address>
         <size>0x68</size>
         <input_file_ref idref="fl-cd"/>
      </object_component>
      <object_component id="oc-269">
         <name>.debug_line</name>
         <load_address>0x4d23</load_address>
         <run_address>0x4d23</run_address>
         <size>0x81</size>
         <input_file_ref idref="fl-ce"/>
      </object_component>
      <object_component id="oc-1e4">
         <name>.debug_line</name>
         <load_address>0x4da4</load_address>
         <run_address>0x4da4</run_address>
         <size>0x92</size>
         <input_file_ref idref="fl-cf"/>
      </object_component>
      <object_component id="oc-65">
         <name>.debug_line</name>
         <load_address>0x4e36</load_address>
         <run_address>0x4e36</run_address>
         <size>0x53</size>
         <input_file_ref idref="fl-cf"/>
      </object_component>
      <object_component id="oc-128">
         <name>.debug_line</name>
         <load_address>0x4e89</load_address>
         <run_address>0x4e89</run_address>
         <size>0x34</size>
         <input_file_ref idref="fl-cf"/>
      </object_component>
      <object_component id="oc-1e1">
         <name>.debug_line</name>
         <load_address>0x4ebd</load_address>
         <run_address>0x4ebd</run_address>
         <size>0x92</size>
         <input_file_ref idref="fl-cf"/>
      </object_component>
      <object_component id="oc-123">
         <name>.debug_line</name>
         <load_address>0x4f4f</load_address>
         <run_address>0x4f4f</run_address>
         <size>0x20</size>
         <input_file_ref idref="fl-d0"/>
      </object_component>
      <object_component id="oc-20">
         <name>.debug_line</name>
         <load_address>0x4f6f</load_address>
         <run_address>0x4f6f</run_address>
         <size>0x55</size>
         <input_file_ref idref="fl-d0"/>
      </object_component>
      <object_component id="oc-5b">
[...]
      <symbol id="sm-58c">
         <name>uxTaskGetNumberOfTasks</name>
         <value>0x891</value>
         <object_component_ref idref="oc-8b"/>
      </symbol>
      <symbol id="sm-58d">
         <name>xTaskCatchUpTicks</name>
         <value>0x8e1</value>
         <object_component_ref idref="oc-8b"/>
      </symbol>
      <symbol id="sm-58e">
         <name>xTaskGenericNotifyFromISR</name>
         <value>0x19ff</value>
         <object_component_ref idref="oc-8b"/>
      </symbol>
      <symbol id="sm-58f">
         <name>xTaskResumeAll</name>
         <value>0x6c9</value>
         <object_component_ref idref="oc-8b"/>
      </symbol>
      <symbol id="sm-590">
         <name>vTaskSetApplicationTaskTag</name>
         <value>0xb29</value>
         <object_component_ref idref="oc-8b"/>
      </symbol>
      <symbol id="sm-591">
         <name>xTaskGetTickCount</name>
         <value>0x86d</value>
         <object_component_ref idref="oc-8b"/>
      </symbol>
      <symbol id="sm-592">
         <name>ulTaskGenericNotifyTake</name>
         <value>0x1675</value>
         <object_component_ref idref="oc-8b"/>
      </symbol>
      <symbol id="sm-593">
         <name>xTaskGetApplicationTaskTag</name>
         <value>0xb4f</value>
         <object_component_ref idref="oc-8b"/>
      </symbol>
      <symbol id="sm-594">
         <name>xTaskCallApplicationTaskHook</name>
         <value>0xbb3</value>
         <object_component_ref idref="oc-8b"/>
      </symbol>
      <symbol id="sm-595">
         <name>ulTaskGenericNotifyValueClear</name>
         <value>0x1e6d</value>
         <object_component_ref idref="oc-8b"/>
      </symbol>
      <symbol id="sm-596">
         <name>xTaskGenericNotifyWait</name>
         <value>0x1731</value>
         <object_component_ref idref="oc-8b"/>
      </symbol>
      <symbol id="sm-597">
         <name>pxCurrentTCB</name>
         <value>0x20001418</value>
         <object_component_ref idref="oc-85"/>
      </symbol>
      <symbol id="sm-598">
         <name>xTaskGetTickCountFromISR</name>
         <value>0x87d</value>
         <object_component_ref idref="oc-8b"/>
      </symbol>
      <symbol id="sm-599">
         <name>uxTopUsedPriority</name>
         <value>0x5f84</value>
         <object_component_ref idref="oc-15d"/>
      </symbol>
      <symbol id="sm-59a">
         <name>vTaskPlaceOnEventListRestricted</name>
         <value>0xd9d</value>
         <object_component_ref idref="oc-8b"/>
      </symbol>
      <symbol id="sm-59b">
         <name>vTaskSetTimeOutState</name>
         <value>0x10c3</value>
         <object_component_ref idref="oc-8b"/>
      </symbol>
      <symbol id="sm-59c">
         <name>xTaskIncrementTick</name>
         <value>0x94d</value>
         <object_component_ref idref="oc-8b"/>
      </symbol>
      <symbol id="sm-59d">
         <name>vTaskSwitchContext</name>
         <value>0xbfd</value>
         <object_component_ref idref="oc-8b"/>
      </symbol>
      <symbol id="sm-59e">
         <name>uxTaskResetEventItemValue</name>
         <value>0x1637</value>
         <object_component_ref idref="oc-8b"/>
      </symbol>
      <symbol id="sm-59f">
         <name>xTaskGetSchedulerState</name>
         <value>0x1279</value>
         <object_component_ref idref="oc-8b"/>
      </symbol>
      <symbol id="sm-5a0">
         <name>xTaskGetCurrentTaskHandle</name>
         <value>0x1269</value>
         <object_component_ref idref="oc-8b"/>
      </symbol>
      <symbol id="sm-5a1">
         <name>vTaskPlaceOnUnorderedEventList</name>
         <value>0xcfd</value>
         <object_component_ref idref="oc-8b"/>
      </symbol>
      <symbol id="sm-5a2">
         <name>xTaskRemoveFromEventList</name>
         <value>0xe1d</value>
         <object_component_ref idref="oc-8b"/>
      </symbol>
      <symbol id="sm-5a3">
         <name>xTaskPriorityInherit</name>
         <value>0x12a9</value>
         <object_component_ref idref="oc-8b"/>
      </symbol>
      <symbol id="sm-66a">
         <name>xTimerGetTimerDaemonTaskHandle</name>
         <value>0x4235</value>
         <object_component_ref idref="oc-e5"/>
      </symbol>
      <symbol id="sm-66b">
         <name>pcTimerGetName</name>
         <value>0x433d</value>
         <object_component_ref idref="oc-e5"/>
      </symbol>
      <symbol id="sm-66c">
         <name>xTimerCreateTimerTask</name>
         <value>0x40d9</value>
         <object_component_ref idref="oc-e5"/>
      </symbol>
      <symbol id="sm-66d">
         <name>xTimerGetExpiryTime</name>
         <value>0x430f</value>
         <object_component_ref idref="oc-e5"/>
      </symbol>
      <symbol id="sm-66e">
         <name>xTimerIsTimerActive</name>
         <value>0x4765</value>
         <object_component_ref idref="oc-e5"/>
      </symbol>
      <symbol id="sm-66f">
         <name>xTimerGetPeriod</name>
         <value>0x4257</value>
         <object_component_ref idref="oc-e5"/>
      </symbol>
      <symbol id="sm-670">
         <name>xTimerGetReloadMode</name>
         <value>0x42c7</value>
         <object_component_ref idref="oc-e5"/>
      </symbol>
      <symbol id="sm-671">
         <name>xTimerCreate</name>
         <value>0x4117</value>
         <object_component_ref idref="oc-e5"/>
      </symbol>
      <symbol id="sm-672">
         <name>vTimerSetReloadMode</name>
         <value>0x427d</value>
         <object_component_ref idref="oc-e5"/>
      </symbol>
      <symbol id="sm-673">
         <name>xTimerGenericCommand</name>
         <value>0x41b5</value>
         <object_component_ref idref="oc-e5"/>
      </symbol>
      <symbol id="sm-674">
         <name>uxTimerGetReloadMode</name>
         <value>0x4303</value>
         <object_component_ref idref="oc-e5"/>
      </symbol>
      <symbol id="sm-675">
         <name>pvTimerGetTimerID</name>
         <value>0x47a1</value>
         <object_component_ref idref="oc-e5"/>
      </symbol>
      <symbol id="sm-676">
         <name>xTimerPendFunctionCallFromISR</name>
         <value>0x47fd</value>
         <object_component_ref idref="oc-e5"/>
      </symbol>
      <symbol id="sm-677">
         <name>xTimerPendFunctionCall</name>
         <value>0x4833</value>
         <object_component_ref idref="oc-e5"/>
      </symbol>
      <symbol id="sm-678">
         <name>vTimerSetTimerID</name>
         <value>0x47cf</value>
         <object_component_ref idref="oc-e5"/>
      </symbol>
      <symbol id="sm-6c9">
         <name>ulMaxSyscallInterruptPriority</name>
         <value>0x5f7c</value>
         <object_component_ref idref="oc-88"/>
      </symbol>
      <symbol id="sm-6ca">
         <name>vPortSetupTimerInterrupt</name>
         <value>0x4f91</value>
         <object_component_ref idref="oc-32"/>
      </symbol>
      <symbol id="sm-6cb">
         <name>vPortEndScheduler</name>
         <value>0x4ed9</value>
         <object_component_ref idref="oc-32"/>
      </symbol>
      <symbol id="sm-6cc">
         <name>xPortSysTickHandler</name>
         <value>0x4f6b</value>
         <object_component_ref idref="oc-32"/>
      </symbol>
      <symbol id="sm-6cd">
         <name>vPortValidateInterruptPriority</name>
         <value>0x4fab</value>
         <object_component_ref idref="oc-32"/>
      </symbol>
      <symbol id="sm-6ce">
         <name>pxPortInitialiseStack</name>
         <value>0x4d95</value>
         <object_component_ref idref="oc-32"/>
      </symbol>
      <symbol id="sm-6cf">
         <name>vPortExitCritical</name>
         <value>0x4f3f</value>
         <object_component_ref idref="oc-32"/>
      </symbol>
      <symbol id="sm-6d0">
         <name>xPortStartScheduler</name>
         <value>0x4e21</value>
         <object_component_ref idref="oc-32"/>
      </symbol>
      <symbol id="sm-6d1">
         <name>vPortEnterCritical</name>
         <value>0x4efd</value>
         <object_component_ref idref="oc-32"/>
      </symbol>
      <symbol id="sm-6e0">
         <name>vPortStartFirstTask</name>
         <value>0x5bb5</value>
         <object_component_ref idref="oc-2d"/>
      </symbol>
      <symbol id="sm-6e1">
         <name>ulPortGetIPSR</name>
         <value>0x5b1d</value>
         <object_component_ref idref="oc-2d"/>
      </symbol>
      <symbol id="sm-6e2">
         <name>vPortEnableVFP</name>
         <value>0x5bd9</value>
         <object_component_ref idref="oc-2d"/>
      </symbol>
      <symbol id="sm-6e3">
         <name>xPortPendSVHandler</name>
         <value>0x5b35</value>
         <object_component_ref idref="oc-2d"/>
      </symbol>
      <symbol id="sm-6e4">
         <name>vPortSVCHandler</name>
         <value>0x5b95</value>
         <object_component_ref idref="oc-2d"/>
      </symbol>
      <symbol id="sm-73c">
         <name>vPortInitialiseBlocks</name>
         <value>0x54d7</value>
         <object_component_ref idref="oc-14d"/>
      </symbol>
      <symbol id="sm-73d">
         <name>xPortGetFreeHeapSize</name>
         <value>0x54d1</value>
         <object_component_ref idref="oc-14d"/>
      </symbol>
      <symbol id="sm-73e">
         <name>pvPortCalloc</name>
         <value>0x54d9</value>
         <object_component_ref idref="oc-14d"/>
      </symbol>
      <symbol id="sm-73f">
         <name>pvPortMalloc</name>
         <value>0x52ed</value>
         <object_component_ref idref="oc-14d"/>
      </symbol>
      <symbol id="sm-740">
         <name>vPortFree</name>
         <value>0x5413</value>
         <object_component_ref idref="oc-14d"/>
      </symbol>
      <symbol id="sm-777">
         <name>sampleSequencerConfiguration</name>
         <value>0x57b1</value>
         <object_component_ref idref="oc-3e"/>
      </symbol>
      <symbol id="sm-778">
         <name>ADC1SS3_handler</name>
         <value>0x575d</value>
         <object_component_ref idref="oc-3e"/>
      </symbol>
      <symbol id="sm-779">
         <name>ADC_INIT</name>
         <value>0x5741</value>
         <object_component_ref idref="oc-3e"/>
      </symbol>
      <symbol id="sm-77a">
         <name>ADC0_readChannel</name>
         <value>0x581b</value>
         <object_component_ref idref="oc-3e"/>
      </symbol>
      <symbol id="sm-77b">
         <name>ADCModuleInitialization</name>
         <value>0x576d</value>
         <object_component_ref idref="oc-3e"/>
      </symbol>
      <symbol id="sm-77c">
         <name>ADC0SS3_handler</name>
         <value>0x574d</value>
         <object_component_ref idref="oc-3e"/>
      </symbol>
      <symbol id="sm-77d">
         <name>PLL_Init</name>
         <value>0x5827</value>
         <object_component_ref idref="oc-3e"/>
      </symbol>
      <symbol id="sm-77e">
         <name>ADC1_readChannel</name>
         <value>0x5821</value>
         <object_component_ref idref="oc-3e"/>
      </symbol>
      <symbol id="sm-79d">
         <name>EEPROMRead</name>
         <value>0x5ab7</value>
         <object_component_ref idref="oc-c9"/>
      </symbol>
      <symbol id="sm-79e">
         <name>EEPROMWrite</name>
         <value>0x5a81</value>
         <object_component_ref idref="oc-c9"/>
      </symbol>
      <symbol id="sm-79f">
         <name>EEPROMInit</name>
         <value>0x5a25</value>
         <object_component_ref idref="oc-c9"/>
      </symbol>
      <symbol id="sm-7da">
         <name>GPIO_ExtraExternalButtonInit</name>
         <value>0x50bd</value>
         <object_component_ref idref="oc-b7"/>
      </symbol>
      <symbol id="sm-7db">
         <name>GPIO_SW1GetState</name>
         <value>0x5179</value>
         <object_component_ref idref="oc-b7"/>
      </symbol>
      <symbol id="sm-7dc">
         <name>GPIO_GreenLedOn</name>
         <value>0x5125</value>
         <object_component_ref idref="oc-b7"/>
      </symbol>
      <symbol id="sm-7dd">
         <name>GPIO_BlueLedToggle</name>
         <value>0x5161</value>
         <object_component_ref idref="oc-b7"/>
      </symbol>
      <symbol id="sm-7de">
         <name>GPIO_SW2GetState</name>
         <value>0x5183</value>
         <object_component_ref idref="oc-b7"/>
      </symbol>
      <symbol id="sm-7df">
         <name>GPIO_SW2EdgeTriggeredInterruptInit</name>
         <value>0x51db</value>
         <object_component_ref idref="oc-b7"/>
      </symbol>
      <symbol id="sm-7e0">
         <name>GPIO_BuiltinButtonsLedsInit</name>
         <value>0x5049</value>
         <object_component_ref idref="oc-b7"/>
      </symbol>
      <symbol id="sm-7e1">
         <name>GPIO_RedLedToggle</name>
         <value>0x5155</value>
         <object_component_ref idref="oc-b7"/>
      </symbol>
      <symbol id="sm-7e2">
         <name>GPIO_ExtraExternalButtonTriggeredInterruptInit</name>
         <value>0x5229</value>
         <object_component_ref idref="oc-b7"/>
      </symbol>
      <symbol id="sm-7e3">
         <name>GPIO_BlueLedOff</name>
         <value>0x513d</value>
         <object_component_ref idref="oc-b7"/>
      </symbol>
      <symbol id="sm-7e4">
         <name>GPIO_SW1EdgeTriggeredInterruptInit</name>
         <value>0x518d</value>
         <object_component_ref idref="oc-b7"/>
      </symbol>
      <symbol id="sm-7e5">
         <name>GPIO_GreenLedOff</name>
         <value>0x5149</value>
         <object_component_ref idref="oc-b7"/>
      </symbol>
      <symbol id="sm-7e6">
         <name>GPIO_GreenLedToggle</name>
         <value>0x516d</value>
         <object_component_ref idref="oc-b7"/>
      </symbol>
      <symbol id="sm-7e7">
         <name>GPIO_RedLedOff</name>
         <value>0x5131</value>
         <object_component_ref idref="oc-b7"/>
      </symbol>
      <symbol id="sm-7e8">
         <name>GPIO_BlueLedOn</name>
         <value>0x5119</value>
         <object_component_ref idref="oc-b7"/>
      </symbol>
      <symbol id="sm-7e9">
         <name>GPIO_RedLedOn</name>
         <value>0x510d</value>
         <object_component_ref idref="oc-b7"/>
      </symbol>
      <symbol id="sm-7fb">
         <name>GPTM_WTimer0Init</name>
         <value>0x5e69</value>
         <object_component_ref idref="oc-c3"/>
      </symbol>
      <symbol id="sm-7fc">
         <name>GPTM_WTimer0Read</name>
         <value>0x5e99</value>
         <object_component_ref idref="oc-c3"/>
      </symbol>
      <symbol id="sm-82a">
         <name>UART0_SendInteger</name>
         <value>0x5661</value>
         <object_component_ref idref="oc-bd"/>
      </symbol>
      <symbol id="sm-82b">
         <name>UART0_ReceiveByte</name>
         <value>0x562b</value>
         <object_component_ref idref="oc-bd"/>
      </symbol>
      <symbol id="sm-82c">
         <name>UART0_SendByte</name>
         <value>0x560f</value>
         <object_component_ref idref="oc-bd"/>
      </symbol>
      <symbol id="sm-82d">
         <name>UART0_Init</name>
         <value>0x55cf</value>
         <object_component_ref idref="oc-bd"/>
      </symbol>
      <symbol id="sm-82e">
         <name>UART0_SendString</name>
         <value>0x563b</value>
         <object_component_ref idref="oc-bd"/>
      </symbol>
      <symbol id="sm-837">
         <name>__aeabi_lmul</name>
         <value>0x5f35</value>
         <object_component_ref idref="oc-a6"/>
      </symbol>
      <symbol id="sm-852">
         <name>memcpy</name>
         <value>0x5be7</value>
         <object_component_ref idref="oc-52"/>
      </symbol>
      <symbol id="sm-853">
         <name>__aeabi_memcpy</name>
         <value>0x5be7</value>
         <object_component_ref idref="oc-52"/>
      </symbol>
      <symbol id="sm-854">
         <name>__aeabi_memcpy8</name>
         <value>0x5be7</value>
         <object_component_ref idref="oc-52"/>
      </symbol>
      <symbol id="sm-855">
         <name>__aeabi_memcpy4</name>
         <value>0x5be7</value>
         <object_component_ref idref="oc-52"/>
      </symbol>
      <symbol id="sm-864">
         <name>__aeabi_memset</name>
         <value>0x5d1b</value>
         <object_component_ref idref="oc-12b"/>
      </symbol>
      <symbol id="sm-865">
         <name>memset</name>
         <value>0x5d21</value>
         <object_component_ref idref="oc-12b"/>
      </symbol>
      <symbol id="sm-866">
         <name>__aeabi_memset8</name>
         <value>0x5d1b</value>
         <object_component_ref idref="oc-12b"/>
      </symbol>
      <symbol id="sm-867">
         <name>__aeabi_memset4</name>
         <value>0x5d1b</value>
         <object_component_ref idref="oc-12b"/>
      </symbol>
      <symbol id="sm-868">
         <name>__aeabi_memclr8</name>
         <value>0x5d19</value>
         <object_component_ref idref="oc-12b"/>
      </symbol>
      <symbol id="sm-869">
         <name>__aeabi_memclr4</name>
         <value>0x5d19</value>
         <object_component_ref idref="oc-12b"/>
      </symbol>
      <symbol id="sm-86a">
         <name>__aeabi_memclr</name>
         <value>0x5d19</value>
         <object_component_ref idref="oc-12b"/>
      </symbol>
      <symbol id="sm-878">
         <name>__aeabi_ldivmod</name>
         <value>0x5d93</value>
         <object_component_ref idref="oc-1a0"/>
      </symbol>
      <symbol id="sm-885">
         <name>__aeabi_uldivmod</name>
         <value>0x5c83</value>
         <object_component_ref idref="oc-265"/>
      </symbol>
      <symbol id="sm-89c">
         <name>__TI_zero_init</name>
         <value>0x5f5b</value>
         <object_component_ref idref="oc-64"/>
      </symbol>
      <symbol id="sm-8b3">
         <name>__TI_decompress_none</name>
         <value>0x5f4d</value>
         <object_component_ref idref="oc-1b"/>
      </symbol>
      <symbol id="sm-8d6">
         <name>__TI_decompress_lzss</name>
         <value>0x5e01</value>
         <object_component_ref idref="oc-15"/>
      </symbol>
      <symbol id="sm-8e9">
         <name>__stack</name>
         <value>0x20001218</value>
         <object_component_ref idref="oc-24"/>
      </symbol>
      <symbol id="sm-8ea">
         <name>_c_int00_noargs</name>
         <value>0x5f01</value>
         <object_component_ref idref="oc-70"/>
      </symbol>
      <symbol id="sm-8f4">
         <name>__aeabi_idiv0</name>
         <value>0x40d7</value>
         <object_component_ref idref="oc-260"/>
      </symbol>
      <symbol id="sm-8f5">
         <name>__aeabi_ldiv0</name>
         <value>0x40d7</value>
         <object_component_ref idref="oc-260"/>
      </symbol>
      <symbol id="sm-91d">
         <name>__TI_auto_init_nobinit_nopinit</name>
         <value>0x5ebd</value>
         <object_component_ref idref="oc-1f3"/>
      </symbol>
      <symbol id="sm-927">
         <name>_system_pre_init</name>
         <value>0x5f73</value>
         <object_component_ref idref="oc-131"/>
      </symbol>
      <symbol id="sm-933">
         <name>C$$EXIT</name>
         <value>0x5f77</value>
         <object_component_ref idref="oc-1e7"/>
      </symbol>
      <symbol id="sm-934">
         <name>abort</name>
         <value>0x5f77</value>
         <object_component_ref idref="oc-1e7"/>
      </symbol>
      <symbol id="sm-937">
         <name>__TI_static_base__</name>
         <value>0x0</value>
      </symbol>
      <symbol id="sm-93a">
         <name>__mpu_init</name>
         <value>0x0</value>
      </symbol>
      <symbol id="sm-93b">
         <name>_system_post_cinit</name>
         <value>0x0</value>
      </symbol>
   </symbol_table>
   <title>Link successful</title>
</link_info>
